66.249.70.92 - - [20/Jul/2021:05:05:00 +0400] "POST /wp-admin/admin-ajax.php HTTP/1.1" 200 835 "https://test.ru/product-category/transmissiya/korobki-pereklyucheniya-peredach-kpp/lada-4x4-kpp?orderby=price" "Mozilla/5.0 (Linux; Android 6.0.1; Nexus 5X Build/MMB29P) AppleWebKit/537.36 (KHTML, like Gecko) Chrome/91.0.4472.90 Mobile Safari/537.36 (compatible; Googlebot/2.1; +http://www.google.com/bot.html)"
207.46.13.48 - - [20/Jul/2021:05:05:27 +0400] "GET /product-category/vneshnij-vid-inomarki/hyundai-vneshnij-vid-inomarki/hyundai-ix55/zashhita-porogov-porogi-uaz-hyundai-ix55 HTTP/2.0" 200 59961 "-" "Mozilla/5.0 (compatible; bingbot/2.0; +http://www.bing.com/bingbot.htm)"
172.20.0.1 - - [20/Jul/2021:05:05:53 +0400] "POST /wp-admin/admin-ajax.php?action=wp_example_process&nonce=c4b0abf240 HTTP/1.1" 499 0 "https://test.ru/wp-admin/admin-ajax.php?action=wp_example_process&nonce=c4b0abf240" "WordPress/5.5.5; https://test.ru"
5.255.253.144 - - [20/Jul/2021:05:06:24 +0400] "GET /feed/turbo/?paged=10 HTTP/1.1" 200 80495 "-" "Mozilla/5.0 (compatible; YandexTurbo/1.0; +http://yandex.com/bots)"
213.87.122.174 - - [20/Jul/2021:05:07:56 +0400] "GET /wp-json/pwa-for-wp/v2/pwa-manifest-json HTTP/2.0" 200 375 "https://test.ru/product/bryzgoviki-perednie-shirokie-uvelichennye-na-lada-xray-cross" "Mozilla/5.0 (Linux; Android 10; DUA-LX9; HMSCore 4.1.0.308) AppleWebKit/537.36 (KHTML, like Gecko) Chrome/83.0.4103.106 HuaweiBrowser/11.0.8.303 Mobile Safari/537.36"
157.55.39.26 - - [20/Jul/2021:05:09:09 +0400] "GET /product/komplekt-shesteren-grm-dvuhryadnye-dlya-lada-niva-2121-21213-21214-2131-2 HTTP/2.0" 200 82989 "-" "Mozilla/5.0 (compatible; bingbot/2.0; +http://www.bing.com/bingbot.htm)"
66.249.70.86 - - [20/Jul/2021:05:09:55 +0400] "GET /product-category/optika/granta-dop-optika/ptf-i-komplektuyushhie-granta-dop-optika/amp HTTP/1.1" 200 17328 "-" "Mozilla/5.0 (Linux; Android 6.0.1; Nexus 5X Build/MMB29P) AppleWebKit/537.36 (KHTML, like Gecko) Chrome/91.0.4472.90 Mobile Safari/537.36 (compatible; Googlebot/2.1; +http://www.google.com/bot.html)"
172.20.0.1 - - [20/Jul/2021:05:11:03 +0400] "POST /wp-cron.php?doing_wp_cron=1626743463.9722759723663330078125 HTTP/1.1" 200 31 "https://test.ru/wp-cron.php?doing_wp_cron=1626743463.9722759723663330078125" "WordPress/5.5.5; https://test.ru"
157.55.39.178 - - [20/Jul/2021:05:12:35 +0400] "GET /product/zashhita-perednego-bampera-odinarnaya-63-mm-nerzhaveyushhaya-polirovannaya-stal-great-wall-hover-h6-2013-13060101 HTTP/2.0" 200 82263 "-" "Mozilla/5.0 (compatible; bingbot/2.0; +http://www.bing.com/bingbot.htm)"
40.77.167.46 - - [20/Jul/2021:05:13:13 +0400] "GET /product/razdvoennyj-glushitel-lada-vesta-xmug HTTP/2.0" 404 33888 "-" "Mozilla/5.0 (compatible; bingbot/2.0; +http://www.bing.com/bingbot.htm)"
5.255.253.144 - - [20/Jul/2021:05:13:33 +0400] "GET /feed/turbo/?paged=8 HTTP/1.1" 200 129647 "-" "Mozilla/5.0 (compatible; YandexTurbo/1.0; +http://yandex.com/bots)"
172.20.0.1 - - [20/Jul/2021:05:14:19 +0400] "POST /wp-admin/admin-ajax.php?action=wp_example_process&nonce=c4b0abf240 HTTP/1.1" 499 0 "https://test.ru/wp-admin/admin-ajax.php?action=wp_example_process&nonce=c4b0abf240" "WordPress/5.5.5; https://test.ru"
66.249.70.86 - - [20/Jul/2021:05:15:54 +0400] "GET /product/zashhita-porogov-truba-s-prostup-d76-dlya-hyundai-creta-2016-2020-g HTTP/1.1" 200 83330 "-" "Mozilla/5.0 (Linux; Android 6.0.1; Nexus 5X Build/MMB29P) AppleWebKit/537.36 (KHTML, like Gecko) Chrome/91.0.4472.90 Mobile Safari/537.36 (compatible; Googlebot/2.1; +http://www.google.com/bot.html)"
54.36.148.195 - - [20/Jul/2021:05:16:41 +0400] "GET /product/zashhita-zadn-bampera-ugolki-d63-5-nissan-terrano-nerzh-1920-h?add-to-cart=34047 HTTP/2.0" 200 82919 "-" "Mozilla/5.0 (compatible; AhrefsBot/7.0; +http://ahrefs.com/robot/)"
5.255.253.144 - - [20/Jul/2021:05:17:17 +0400] "GET /feed/turbo/?paged=9 HTTP/1.1" 200 1538671 "-" "Mozilla/5.0 (compatible; YandexTurbo/1.0; +http://yandex.com/bots)"
66.249.70.86 - - [20/Jul/2021:05:18:24 +0400] "GET /product/kontroller-ebu-yanvar-7-2-21124-1411020-32-itelma HTTP/1.1" 200 84474 "-" "Mozilla/5.0 (Linux; Android 6.0.1; Nexus 5X Build/MMB29P) AppleWebKit/537.36 (KHTML, like Gecko) Chrome/91.0.4472.90 Mobile Safari/537.36 (compatible; Googlebot/2.1; +http://www.google.com/bot.html)"
5.255.253.144 - - [20/Jul/2021:05:19:29 +0400] "GET /feed/turbo/?paged=11 HTTP/1.1" 200 80495 "-" "Mozilla/5.0 (compatible; YandexTurbo/1.0; +http://yandex.com/bots)"
40.77.167.25 - - [20/Jul/2021:05:20:32 +0400] "GET /product/komplekt-vstavok-iz-ekokozhi-soty-dlya-peretyazhki-obivok-dverej-4sht-razmery-66sm-h-24sm HTTP/2.0" 200 85899 "-" "Mozilla/5.0 (compatible; bingbot/2.0; +http://www.bing.com/bingbot.htm)"
66.249.70.86 - - [20/Jul/2021:05:21:26 +0400] "POST /?wc-ajax=get_refreshed_fragments HTTP/1.1" 200 500 "https://test.ru/product/zashhita-porogov-truba-d51-dlya-original-porogov-iz-nerzhaveyushhej-stali-dlya-lexus-lx-450d-lx-570-c-2015-g" "Mozilla/5.0 AppleWebKit/537.36 (KHTML, like Gecko; compatible; Googlebot/2.1; +http://www.google.com/bot.html) Chrome/91.0.4472.90 Safari/537.36"
5.255.253.144 - - [20/Jul/2021:05:22:20 +0400] "GET /product/zashhita-porogov-truba-s-prostupyu-d76-dlya-hyundai-grand-starex-2007-n-v HTTP/1.1" 200 82788 "-" "Mozilla/5.0 (compatible; YandexBot/3.0; +http://yandex.com/bots)"
128.1.248.26 - - [20/Jul/2021:05:23:09 +0400] "GET / HTTP/1.1" 200 83176 "https://45.67.56.171/" "Mozilla/5.0 (Windows NT 10.0; Win64; x64) AppleWebKit/537.36 (KHTML, like Gecko) Chrome/60.0.3112.113 Safari/537.36"
150.95.12.103 - - [20/Jul/2021:05:23:38 +0400] "POST /wp-login.php HTTP/1.1" 403 3531 "-" "Mozilla/5.0 (Windows NT 10.0; Win64; x64) AppleWebKit/537.36 (KHTML, like Gecko) Chrome/54.0.2840.99 Safari/537.36"
5.255.253.144 - - [20/Jul/2021:05:24:38 +0400] "GET / HTTP/1.1" 200 83124 "-" "Mozilla/5.0 (compatible; YandexBot/3.0; +http://yandex.com/bots) AppleWebKit/537.36 (KHTML, like Gecko) Chrome/81.0.4044.268"
178.67.196.235 - - [20/Jul/2021:05:25:17 +0400] "POST /?wc-ajax=get_refreshed_fragments HTTP/2.0" 200 488 "https://test.ru/product-category/elektrika-i-elektronika/ehlektronnye-bloki-upravleniya/kontrollery-ebu-yanvar/kalina-dop-kontrollery-ebu-yanvar" "Mozilla/5.0 (Windows NT 10.0; Win64; x64) AppleWebKit/537.36 (KHTML, like Gecko) Chrome/91.0.4472.124 Safari/537.36"
203.159.80.7 - - [20/Jul/2021:05:25:54 +0400] "GET /wp-content/themes/config.bak.php HTTP/1.1" 404 548 "anonymousfox.co" "Mozilla/5.0 (Windows NT 10.0; Win64; x64) AppleWebKit/537.36 (KHTML, like Gecko) Chrome/90.0.4430.85 Safari/537.36"
172.20.0.1 - - [20/Jul/2021:05:26:58 +0400] "POST /wp-cron.php?doing_wp_cron=1626744418.3058118820190429687500 HTTP/1.1" 200 31 "https://test.ru/wp-cron.php?doing_wp_cron=1626744418.3058118820190429687500" "WordPress/5.5.5; https://test.ru"
66.249.70.86 - - [20/Jul/2021:05:28:07 +0400] "GET /product/farkop-semnyj-kvadrat-dlya-lada-iks-rej-iks-rej-kross/amp HTTP/1.1" 200 54274 "-" "Mozilla/5.0 (Linux; Android 6.0.1; Nexus 5X Build/MMB29P) AppleWebKit/537.36 (KHTML, like Gecko) Chrome/91.0.4472.90 Mobile Safari/537.36 (compatible; Googlebot/2.1; +http://www.google.com/bot.html)"
66.249.70.86 - - [20/Jul/2021:05:29:00 +0400] "GET /product/tsentralnoe-soplo-paneli-priborov-novogo-obraztsa-s-ornamentom-vaz-2110-2112/amp HTTP/1.1" 200 55175 "-" "Mozilla/5.0 (Linux; Android 6.0.1; Nexus 5X Build/MMB29P) AppleWebKit/537.36 (KHTML, like Gecko) Chrome/91.0.4472.90 Mobile Safari/537.36 (compatible; Googlebot/2.1; +http://www.google.com/bot.html)"
5.255.253.144 - - [20/Jul/2021:05:29:51 +0400] "GET /feed/turbo/?paged=4 HTTP/1.1" 200 80495 "-" "Mozilla/5.0 (compatible; YandexTurbo/1.0; +http://yandex.com/bots)"
66.249.70.86 - - [20/Jul/2021:05:30:45 +0400] "GET /product/ruchki-podlokotniki-perednih-dverej-vaz-2101-2107/amp HTTP/1.1" 200 53918 "-" "Mozilla/5.0 (Linux; Android 6.0.1; Nexus 5X Build/MMB29P) AppleWebKit/537.36 (KHTML, like Gecko) Chrome/91.0.4472.90 Mobile Safari/537.36 (compatible; Googlebot/2.1; +http://www.google.com/bot.html)"
172.20.0.1 - - [20/Jul/2021:05:32:02 +0400] "POST /wp-cron.php?doing_wp_cron=1626744722.7900159358978271484375 HTTP/1.1" 200 31 "https://test.ru/wp-cron.php?doing_wp_cron=1626744722.7900159358978271484375" "WordPress/5.5.5; https://test.ru"
172.20.0.1 - - [20/Jul/2021:05:33:03 +0400] "POST /wp-cron.php?doing_wp_cron=1626744783.3361608982086181640625 HTTP/1.1" 200 31 "https://test.ru/wp-cron.php?doing_wp_cron=1626744783.3361608982086181640625" "WordPress/5.5.5; https://test.ru"
66.249.70.86 - - [20/Jul/2021:05:33:39 +0400] "GET /product-category/elementy-interera/priora-interer/ruchki-kpp-i-ruchnika-priora HTTP/1.1" 200 76611 "-" "Mozilla/5.0 (Linux; Android 6.0.1; Nexus 5X Build/MMB29P) AppleWebKit/537.36 (KHTML, like Gecko) Chrome/91.0.4472.90 Mobile Safari/537.36 (compatible; Googlebot/2.1; +http://www.google.com/bot.html)"
40.77.167.25 - - [20/Jul/2021:05:33:57 +0400] "GET /product-category/rejlingi-dlya-inomarok/renault HTTP/2.0" 200 75176 "-" "Mozilla/5.0 (compatible; bingbot/2.0; +http://www.bing.com/bingbot.htm)"
5.255.253.144 - - [20/Jul/2021:05:35:55 +0400] "GET /product/reduktor-perednego-mosta-dlya-2123-chevrolet-niva HTTP/1.1" 200 82302 "-" "Mozilla/5.0 (compatible; YandexBot/3.0; +http://yandex.com/bots)"
172.20.0.1 - - [20/Jul/2021:05:37:07 +0400] "POST /wp-cron.php?doing_wp_cron=1626745027.7269830703735351562500 HTTP/1.1" 200 31 "https://test.ru/wp-cron.php?doing_wp_cron=1626745027.7269830703735351562500" "WordPress/5.5.5; https://test.ru"
5.255.253.144 - - [20/Jul/2021:05:37:58 +0400] "GET /feed/turbo/?paged=5 HTTP/1.1" 200 1292911 "-" "Mozilla/5.0 (compatible; YandexTurbo/1.0; +http://yandex.com/bots)"
66.249.70.86 - - [20/Jul/2021:05:39:08 +0400] "GET /product/nakladki-v-proyom-bagazhnika-abs-renault-sandero-sandero-stepway-2014-07020402/amp HTTP/1.1" 200 57968 "-" "Mozilla/5.0 (Linux; Android 6.0.1; Nexus 5X Build/MMB29P) AppleWebKit/537.36 (KHTML, like Gecko) Chrome/91.0.4472.90 Mobile Safari/537.36 (compatible; Googlebot/2.1; +http://www.google.com/bot.html)"
213.87.127.135 - - [20/Jul/2021:05:40:17 +0400] "GET /product-category/podveska/usilennye-stupitsy HTTP/2.0" 200 77919 "http://yandex.ru/searchapp?text=" "Mozilla/5.0 (Linux; arm_64; Android 11; SM-A125F) AppleWebKit/537.36 (KHTML, like Gecko) Chrome/90.0.4430.216 YaApp_Android/21.55.1 YaSearchBrowser/21.55.1 BroPP/1.0 SA/3 Mobile Safari/537.36"
66.249.70.86 - - [20/Jul/2021:05:40:53 +0400] "GET /product/vodyanoj-nasos-pompa-na-vaz-2101-2107-lada-niva-4h4-shevrole-niva-2123/amp HTTP/1.1" 200 54012 "-" "Mozilla/5.0 (Linux; Android 6.0.1; Nexus 5X Build/MMB29P) AppleWebKit/537.36 (KHTML, like Gecko) Chrome/91.0.4472.90 Mobile Safari/537.36 (compatible; Googlebot/2.1; +http://www.google.com/bot.html)"
5.255.253.144 - - [20/Jul/2021:05:42:09 +0400] "GET /product/zaglushka-vmesto-podushki-bezopasnosti-v-rul-lada-granta HTTP/1.1" 200 83544 "-" "Mozilla/5.0 (compatible; YandexBot/3.0; +http://yandex.com/bots)"
5.255.253.144 - - [20/Jul/2021:05:43:03 +0400] "GET /feed/turbo/?paged=14 HTTP/1.1" 200 80495 "-" "Mozilla/5.0 (compatible; YandexTurbo/1.0; +http://yandex.com/bots)"
172.20.0.1 - - [20/Jul/2021:05:43:44 +0400] "POST /wp-admin/admin-ajax.php?action=wp_example_process&nonce=c4b0abf240 HTTP/1.1" 499 0 "https://test.ru/wp-admin/admin-ajax.php?action=wp_example_process&nonce=c4b0abf240" "WordPress/5.5.5; https://test.ru"
5.255.253.144 - - [20/Jul/2021:05:44:42 +0400] "GET /product-category/elementy-interera/lada-4x4-interer/obivki-dverej-i-komplektuyushhie-4x4 HTTP/1.1" 200 76075 "-" "Mozilla/5.0 (compatible; YandexBot/3.0; +http://yandex.com/bots)"
172.20.0.1 - - [20/Jul/2021:05:46:06 +0400] "POST /wp-cron.php?doing_wp_cron=1626745566.8040819168090820312500 HTTP/1.1" 200 31 "https://test.ru/wp-cron.php?doing_wp_cron=1626745566.8040819168090820312500" "WordPress/5.5.5; https://test.ru"
172.20.0.1 - - [20/Jul/2021:05:47:27 +0400] "POST /wp-cron.php?doing_wp_cron=1626745647.5425128936767578125000 HTTP/1.1" 200 31 "https://test.ru/wp-cron.php?doing_wp_cron=1626745647.5425128936767578125000" "WordPress/5.5.5; https://test.ru"
216.244.66.227 - - [20/Jul/2021:05:47:58 +0400] "GET /robots.txt HTTP/1.1" 200 171 "-" "Mozilla/5.0 (compatible; DotBot/1.2; +https://opensiteexplorer.org/dotbot; help@moz.com)"
66.249.70.86 - - [20/Jul/2021:05:48:49 +0400] "GET /product/nakladka-na-zadnij-bamper-chyornoe-tisnenie-abs-renault-duster-2012-07010404/amp HTTP/1.1" 200 57779 "-" "Mozilla/5.0 (Linux; Android 6.0.1; Nexus 5X Build/MMB29P) AppleWebKit/537.36 (KHTML, like Gecko) Chrome/91.0.4472.90 Mobile Safari/537.36 (compatible; Googlebot/2.1; +http://www.google.com/bot.html)"
5.255.231.93 - - [20/Jul/2021:05:49:37 +0400] "GET /feed/turbo/?paged=9 HTTP/1.1" 200 80495 "-" "Mozilla/5.0 (compatible; YandexTurbo/1.0; +http://yandex.com/bots)"
66.249.70.86 - - [20/Jul/2021:05:50:59 +0400] "GET /product/kabel-gps-antenny-itelma-dlya-lada-priora-kalina HTTP/1.1" 200 82001 "-" "Mozilla/5.0 (compatible; Googlebot/2.1; +http://www.google.com/bot.html)"
66.249.70.86 - - [20/Jul/2021:05:52:18 +0400] "GET /product/fary-s-neonovymi-dho-hromirovannye-na-lada-niva-4h4-vaz-2101-2102 HTTP/1.1" 200 84962 "-" "Mozilla/5.0 (compatible; Googlebot/2.1; +http://www.google.com/bot.html)"
37.22.17.142 - - [20/Jul/2021:05:53:38 +0400] "POST /?wc-ajax=get_refreshed_fragments HTTP/2.0" 200 488 "https://test.ru/product/perednee-voditelskoe-sidene-dlya-vaz-2108-2113" "Mozilla/5.0 (Windows NT 6.1) AppleWebKit/537.36 (KHTML, like Gecko) Chrome/91.0.4472.124 Safari/537.36 OPR/77.0.4054.254"
5.255.253.144 - - [20/Jul/2021:05:54:05 +0400] "GET /page/28 HTTP/1.1" 200 83176 "-" "Mozilla/5.0 (compatible; YandexBot/3.0; +http://yandex.com/bots)"
172.20.0.1 - - [20/Jul/2021:05:54:56 +0400] "POST /wp-cron.php?doing_wp_cron=1626746096.4246299266815185546875 HTTP/1.1" 200 31 "https://test.ru/wp-cron.php?doing_wp_cron=1626746096.4246299266815185546875" "WordPress/5.5.5; https://test.ru"
5.255.253.144 - - [20/Jul/2021:05:55:36 +0400] "POST /?wc-ajax=get_refreshed_fragments HTTP/1.1" 200 500 "https://test.ru/" "Mozilla/5.0 (compatible; YandexBot/3.0; +http://yandex.com/bots) AppleWebKit/537.36 (KHTML, like Gecko) Chrome/81.0.4044.268"
66.249.70.86 - - [20/Jul/2021:05:56:20 +0400] "GET /product/knopka-vklyucheniya-obogreva-zadnego-stekla-vaz-2113-2114-2115 HTTP/1.1" 200 83049 "-" "Mozilla/5.0 (compatible; Googlebot/2.1; +http://www.google.com/bot.html)"
66.249.70.88 - - [20/Jul/2021:05:57:21 +0400] "POST /wp-admin/admin-ajax.php HTTP/1.1" 200 1086 "https://test.ru/product-category/vneshnij-vid-uaz/bagazhniki-uaz" "Mozilla/5.0 AppleWebKit/537.36 (KHTML, like Gecko; compatible; Googlebot/2.1; +http://www.google.com/bot.html) Chrome/91.0.4472.90 Safari/537.36"
172.20.0.1 - - [20/Jul/2021:05:58:30 +0400] "POST /wp-cron.php?doing_wp_cron=1626746310.4159181118011474609375 HTTP/1.1" 200 31 "https://test.ru/wp-cron.php?doing_wp_cron=1626746310.4159181118011474609375" "WordPress/5.5.5; https://test.ru"
172.20.0.1 - - [20/Jul/2021:05:59:32 +0400] "POST /wp-cron.php?doing_wp_cron=1626746371.9743809700012207031250 HTTP/1.1" 200 31 "https://test.ru/wp-cron.php?doing_wp_cron=1626746371.9743809700012207031250" "WordPress/5.5.5; https://test.ru"
157.55.39.178 - - [20/Jul/2021:06:00:10 +0400] "GET /product/kontroller-ebu-yanvar-m73-21114-1411020-42-itelma HTTP/2.0" 200 84526 "-" "Mozilla/5.0 (compatible; bingbot/2.0; +http://www.bing.com/bingbot.htm)"
5.255.253.144 - - [20/Jul/2021:06:01:07 +0400] "GET /my-account HTTP/1.1" 200 38958 "-" "Mozilla/5.0 (compatible; YandexBot/3.0; +http://yandex.com/bots)"
74.125.151.91 - - [20/Jul/2021:06:02:30 +0400] "GET /feed/turbo/?paged=5 HTTP/1.1" 200 80495 "-" "FeedFetcher-Google; (+http://www.google.com/feedfetcher.html)"
66.249.70.86 - - [20/Jul/2021:06:02:53 +0400] "GET /product/reshetka-radiatora-abs-lada-xray-c-2016 HTTP/1.1" 200 81473 "-" "Mozilla/5.0 (compatible; Googlebot/2.1; +http://www.google.com/bot.html)"
5.255.253.144 - - [20/Jul/2021:06:03:18 +0400] "GET /product-category/vneshnij-vid-lada/x-ray-dop/zashhita-perednego-bampera-x-ray HTTP/1.1" 200 70136 "-" "Mozilla/5.0 (compatible; YandexBot/3.0; +http://yandex.com/bots)"
5.255.253.144 - - [20/Jul/2021:06:03:51 +0400] "GET /product-category/optika/lada-4x4-kpp-optika HTTP/1.1" 200 78525 "-" "Mozilla/5.0 (compatible; YandexBot/3.0; +http://yandex.com/bots)"
66.249.70.86 - - [20/Jul/2021:06:04:05 +0400] "GET /product/rejlingi-serebristye-dlya-lada-niva-4h4-3-dveri HTTP/1.1" 200 83915 "-" "Mozilla/5.0 (Linux; Android 6.0.1; Nexus 5X Build/MMB29P) AppleWebKit/537.36 (KHTML, like Gecko) Chrome/91.0.4472.90 Mobile Safari/537.36 (compatible; Googlebot/2.1; +http://www.google.com/bot.html)"
5.255.253.144 - - [20/Jul/2021:06:04:18 +0400] "GET /product-category/transmissiya/reduktory-mostov HTTP/1.1" 200 76942 "-" "Mozilla/5.0 (compatible; YandexBot/3.0; +http://yandex.com/bots)"
5.255.231.93 - - [20/Jul/2021:06:04:38 +0400] "GET /product-category/transmissiya/kardany/lada-4x4-kardany HTTP/1.1" 200 73857 "-" "Mozilla/5.0 (compatible; YandexBot/3.0; +http://yandex.com/bots)"
172.20.0.1 - - [20/Jul/2021:06:05:01 +0400] "POST /wp-admin/admin-ajax.php?action=wp_example_process&nonce=c4b0abf240 HTTP/1.1" 499 0 "https://test.ru/wp-admin/admin-ajax.php?action=wp_example_process&nonce=c4b0abf240" "WordPress/5.5.5; https://test.ru"
5.255.253.144 - - [20/Jul/2021:06:05:27 +0400] "GET /product-category/vneshnij-vid-lada/vaz-2108-2109-21099-vneshnij-vid-lada/kuzovnye-elementy HTTP/1.1" 200 72958 "-" "Mozilla/5.0 (compatible; YandexBot/3.0; +http://yandex.com/bots)"
5.255.231.93 - - [20/Jul/2021:06:06:13 +0400] "GET /product-category/transmissiya/sharnir-privoda-kolesa-granata/lada-4x4-kpp-sharnir-privoda-kolesa-granata HTTP/1.1" 200 70099 "-" "Mozilla/5.0 (compatible; YandexBot/3.0; +http://yandex.com/bots)"
66.249.70.86 - - [20/Jul/2021:06:06:55 +0400] "GET /product/komplekt-ruchek-dverej-poruchni-lada-kalina HTTP/1.1" 200 82597 "-" "Mozilla/5.0 (compatible; Googlebot/2.1; +http://www.google.com/bot.html)"
172.20.0.1 - - [20/Jul/2021:06:08:37 +0400] "POST /wp-admin/admin-ajax.php?action=wp_example_process&nonce=c4b0abf240 HTTP/1.1" 499 0 "https://test.ru/wp-admin/admin-ajax.php?action=wp_example_process&nonce=c4b0abf240" "WordPress/5.5.5; https://test.ru"
54.36.149.8 - - [20/Jul/2021:06:10:02 +0400] "GET /product/zashhita-porogov-s-alyum-ploshhadkoj-51mm-ppk-renault-duster-2012-07011202 HTTP/2.0" 200 86849 "-" "Mozilla/5.0 (compatible; AhrefsBot/7.0; +http://ahrefs.com/robot/)"
66.249.70.86 - - [20/Jul/2021:06:11:07 +0400] "GET /product/porogi-bumer-alyumin-s-rezinkoj-hyundai-creta-2016-2020-g HTTP/1.1" 200 83359 "-" "Mozilla/5.0 (compatible; Googlebot/2.1; +http://www.google.com/bot.html)"
157.55.39.26 - - [20/Jul/2021:06:12:15 +0400] "GET /dopolnitelnoe-lada/bagazhniki HTTP/2.0" 200 72929 "-" "Mozilla/5.0 (compatible; bingbot/2.0; +http://www.bing.com/bingbot.htm)"
5.255.253.144 - - [20/Jul/2021:06:13:00 +0400] "GET /feed/turbo/?paged=14 HTTP/1.1" 200 80495 "-" "Mozilla/5.0 (compatible; YandexTurbo/1.0; +http://yandex.com/bots)"
5.255.253.144 - - [20/Jul/2021:06:13:36 +0400] "GET /reviews HTTP/1.1" 200 62599 "-" "Mozilla/5.0 (compatible; YandexBot/3.0; +http://yandex.com/bots)"
172.20.0.1 - - [20/Jul/2021:06:14:18 +0400] "POST /wp-cron.php?doing_wp_cron=1626747258.9657919406890869140625 HTTP/1.1" 200 31 "https://test.ru/wp-cron.php?doing_wp_cron=1626747258.9657919406890869140625" "WordPress/5.5.5; https://test.ru"
66.249.70.88 - - [20/Jul/2021:06:15:22 +0400] "GET /product/zashhita-porogov-s-alyum-listom-d63-5-dlya-hyundai-creta-2016-2020-g HTTP/1.1" 200 83360 "-" "Mozilla/5.0 (compatible; Googlebot/2.1; +http://www.google.com/bot.html)"
172.20.0.1 - - [20/Jul/2021:06:16:43 +0400] "POST /wp-cron.php?doing_wp_cron=1626747403.3912990093231201171875 HTTP/1.1" 200 31 "https://test.ru/wp-cron.php?doing_wp_cron=1626747403.3912990093231201171875" "WordPress/5.5.5; https://test.ru"
5.255.253.144 - - [20/Jul/2021:06:17:35 +0400] "GET /feed/turbo/?paged=13 HTTP/1.1" 200 80495 "-" "Mozilla/5.0 (compatible; YandexTurbo/1.0; +http://yandex.com/bots)"
40.77.167.74 - - [20/Jul/2021:06:18:35 +0400] "GET /product/kontroller-ebu-bosch-2111-1411020-40-vs-1-5-4 HTTP/2.0" 200 83395 "-" "Mozilla/5.0 (compatible; bingbot/2.0; +http://www.bing.com/bingbot.htm)"
5.3.201.188 - - [20/Jul/2021:06:19:42 +0400] "GET /product-category/podveska/usilennye-stupitsy HTTP/2.0" 200 77965 "https://yandex.ru/" "Mozilla/5.0 (Windows NT 10.0; Win64; x64) AppleWebKit/537.36 (KHTML, like Gecko) Chrome/91.0.4472.124 Safari/537.36 OPR/77.0.4054.203 (Edition Yx 03)"
66.249.70.90 - - [20/Jul/2021:06:21:24 +0400] "GET /product/zashhita-zadnego-bampera-dvojnaya-uglovaya-63-38-mm-nerzhaveyushhaya-polirovannaya-stal-toyota-land-cruiser-prado-150-2017-09020303/amp HTTP/1.1" 200 58729 "-" "Mozilla/5.0 (Linux; Android 6.0.1; Nexus 5X Build/MMB29P) AppleWebKit/537.36 (KHTML, like Gecko) Chrome/91.0.4472.90 Mobile Safari/537.36 (compatible; Googlebot/2.1; +http://www.google.com/bot.html)"
66.249.70.86 - - [20/Jul/2021:06:22:19 +0400] "GET /product-category/vneshnij-vid-inomarki/lexus-vneshnij-vid-inomarki/lexus-lx-450d/zashhita-porogov-porogi-uaz-lexus-vneshnij-vid-inomarki HTTP/1.1" 200 67278 "-" "Mozilla/5.0 (compatible; Googlebot/2.1; +http://www.google.com/bot.html)"
40.77.167.74 - - [20/Jul/2021:06:22:57 +0400] "GET /product-category/vneshnij-vid-inomarki/great-wall-vneshnij-vid-inomarki/zashhita-perednego-bampera-pered-great-wall-vneshnij-vid-inomarki HTTP/2.0" 200 60036 "-" "Mozilla/5.0 (compatible; bingbot/2.0; +http://www.bing.com/bingbot.htm)"
66.249.70.86 - - [20/Jul/2021:06:23:26 +0400] "GET /product/zashhita-porogov-truba-d40-dlya-original-porogov-iz-nerzhaveyushhej-stali-dlya-lexus-lx-450d-lx-570-c-2015-g HTTP/1.1" 200 83810 "-" "Mozilla/5.0 (compatible; Googlebot/2.1; +http://www.google.com/bot.html)"
66.249.70.88 - - [20/Jul/2021:06:24:17 +0400] "GET /product/kontroller-ebu-itelma-21127-1411020-23 HTTP/1.1" 200 84441 "-" "Mozilla/5.0 (Linux; Android 6.0.1; Nexus 5X Build/MMB29P) AppleWebKit/537.36 (KHTML, like Gecko) Chrome/91.0.4472.90 Mobile Safari/537.36 (compatible; Googlebot/2.1; +http://www.google.com/bot.html)"
46.4.80.172 - - [20/Jul/2021:06:24:35 +0400] "GET /product-category/elementy-interera/vaz-2108-2109-21099-elementy-interera/panel-torpedo-2108-21099 HTTP/1.1" 200 80447 "http://test.ru/" "Mozilla/5.0 (Windows NT 6.3; Win64; x64) AppleWebKit/537.36 (KHTML, like Gecko) Chrome/81.0.4044.122 Safari/537.36"
46.4.80.172 - - [20/Jul/2021:06:25:11 +0400] "GET /product-category/transmissiya/korobki-pereklyucheniya-peredach-kpp/lada-4x4-kpp HTTP/1.1" 200 80447 "http://test.ru/" "Mozilla/5.0 (Windows NT 6.3; Win64; x64) AppleWebKit/537.36 (KHTML, like Gecko) Chrome/81.0.4044.122 Safari/537.36"
66.249.70.90 - - [20/Jul/2021:06:25:47 +0400] "GET /product/oblitsovka-zadnej-dveri-ugolki-vnutrennie-zavodskie-dlya-lada-priora-sedan-hetchbek HTTP/1.1" 200 84372 "-" "Mozilla/5.0 (Linux; Android 6.0.1; Nexus 5X Build/MMB29P) AppleWebKit/537.36 (KHTML, like Gecko) Chrome/91.0.4472.90 Mobile Safari/537.36 (compatible; Googlebot/2.1; +http://www.google.com/bot.html)"
5.255.231.93 - - [20/Jul/2021:06:26:06 +0400] "GET /product-category/transmissiya/komplekty-stsepleniya/chevrolet-niva-komplekty-stsepleniya HTTP/1.1" 200 69781 "-" "Mozilla/5.0 (compatible; YandexBot/3.0; +http://yandex.com/bots)"
66.249.70.88 - - [20/Jul/2021:06:26:52 +0400] "GET /product/originalnyj-rul-dlya-niva-urban HTTP/1.1" 301 5 "-" "Mozilla/5.0 (Linux; Android 6.0.1; Nexus 5X Build/MMB29P) AppleWebKit/537.36 (KHTML, like Gecko) Chrome/91.0.4472.90 Mobile Safari/537.36 (compatible; Googlebot/2.1; +http://www.google.com/bot.html)"
66.249.70.88 - - [20/Jul/2021:06:27:21 +0400] "GET /product/zashhita-zadn-bampera-ugolki-dvojnye-d76-nissan-patrol-nerzh-1605-h HTTP/1.1" 200 82055 "-" "Mozilla/5.0 (Linux; Android 6.0.1; Nexus 5X Build/MMB29P) AppleWebKit/537.36 (KHTML, like Gecko) Chrome/91.0.4472.90 Mobile Safari/537.36 (compatible; Googlebot/2.1; +http://www.google.com/bot.html)"
5.255.231.93 - - [20/Jul/2021:06:28:02 +0400] "GET /feed/turbo/?paged=11 HTTP/1.1" 200 80495 "-" "Mozilla/5.0 (compatible; YandexTurbo/1.0; +http://yandex.com/bots)"
66.249.70.88 - - [20/Jul/2021:06:28:35 +0400] "GET /product/kardannyj-val-zadnij-perednij-na-krestovinah-dlya-shevrole-niva-2123 HTTP/1.1" 200 84569 "-" "Mozilla/5.0 (Linux; Android 6.0.1; Nexus 5X Build/MMB29P) AppleWebKit/537.36 (KHTML, like Gecko) Chrome/91.0.4472.90 Mobile Safari/537.36 (compatible; Googlebot/2.1; +http://www.google.com/bot.html)"
66.249.70.86 - - [20/Jul/2021:06:29:16 +0400] "GET /product-category/podveska/stojki-amortizatory-pruzhiny/vaz-2113-2114-2115-stojki-amortizatory-pruzhiny?orderby=rating HTTP/1.1" 200 73737 "-" "Mozilla/5.0 (compatible; Googlebot/2.1; +http://www.google.com/bot.html)"
66.249.70.86 - - [20/Jul/2021:06:30:03 +0400] "GET /product/stseplenie-sachs-v-sbore-na-vaz-2108-2109-21099-vaz-2113-2114-2115 HTTP/1.1" 200 82806 "-" "Mozilla/5.0 (Linux; Android 6.0.1; Nexus 5X Build/MMB29P) AppleWebKit/537.36 (KHTML, like Gecko) Chrome/91.0.4472.90 Mobile Safari/537.36 (compatible; Googlebot/2.1; +http://www.google.com/bot.html)"
66.249.70.86 - - [20/Jul/2021:06:31:05 +0400] "GET /nanos-sr/8250qqrh4560151187464.htm HTTP/1.1" 404 33907 "-" "Mozilla/5.0 (compatible; Googlebot/2.1; +http://www.google.com/bot.html)"
66.249.70.86 - - [20/Jul/2021:06:32:22 +0400] "GET /product/stojka-perednyaya-kalina-1119-dlya-bochkoobraznoj-pruzhiny-gidravlika-seriya-komfort HTTP/1.1" 200 85632 "-" "Mozilla/5.0 (Linux; Android 6.0.1; Nexus 5X Build/MMB29P) AppleWebKit/537.36 (KHTML, like Gecko) Chrome/91.0.4472.90 Mobile Safari/537.36 (compatible; Googlebot/2.1; +http://www.google.com/bot.html)"
66.249.70.86 - - [20/Jul/2021:06:32:54 +0400] "GET /product/kontroller-ebu-bosch-2123-1411020-10-vs-1-5-4 HTTP/1.1" 200 83322 "-" "Mozilla/5.0 (Linux; Android 6.0.1; Nexus 5X Build/MMB29P) AppleWebKit/537.36 (KHTML, like Gecko) Chrome/91.0.4472.90 Mobile Safari/537.36 (compatible; Googlebot/2.1; +http://www.google.com/bot.html)"
66.249.70.86 - - [20/Jul/2021:06:33:33 +0400] "GET /product/obivka-sidenij-ne-chehly-soty-ekokozha-na-vaz-2108-21099-2113-2115/amp HTTP/1.1" 200 58893 "-" "Mozilla/5.0 (Linux; Android 6.0.1; Nexus 5X Build/MMB29P) AppleWebKit/537.36 (KHTML, like Gecko) Chrome/91.0.4472.90 Mobile Safari/537.36 (compatible; Googlebot/2.1; +http://www.google.com/bot.html)"
66.249.70.86 - - [20/Jul/2021:06:34:24 +0400] "POST /wp-admin/admin-ajax.php HTTP/1.1" 200 699 "https://test.ru/product/zashhita-po-nizu-bampera-truba-d43-na-vaz-2113-2114-2115" "Mozilla/5.0 (Linux; Android 6.0.1; Nexus 5X Build/MMB29P) AppleWebKit/537.36 (KHTML, like Gecko) Chrome/91.0.4472.90 Mobile Safari/537.36 (compatible; Googlebot/2.1; +http://www.google.com/bot.html)"
66.249.70.86 - - [20/Jul/2021:06:34:55 +0400] "POST /wp-admin/admin-ajax.php HTTP/1.1" 200 698 "https://test.ru/product/porogi-s-alyuminievym-listom-d63-5-dlya-lada-niva-2121-21213-21214" "Mozilla/5.0 (Linux; Android 6.0.1; Nexus 5X Build/MMB29P) AppleWebKit/537.36 (KHTML, like Gecko) Chrome/91.0.4472.90 Mobile Safari/537.36 (compatible; Googlebot/2.1; +http://www.google.com/bot.html)"
5.255.253.144 - - [20/Jul/2021:06:35:34 +0400] "GET /feed/turbo/?paged=4 HTTP/1.1" 200 80495 "-" "Mozilla/5.0 (compatible; YandexTurbo/1.0; +http://yandex.com/bots)"
40.77.167.74 - - [20/Jul/2021:06:35:59 +0400] "GET /product/boks-bagazhnik-na-kryshu-aerodinamicheskij-seryj-turino-compact-dvustoronnee-otkryvanie-00002508 HTTP/2.0" 404 33951 "-" "Mozilla/5.0 (compatible; bingbot/2.0; +http://www.bing.com/bingbot.htm)"
66.249.70.88 - - [20/Jul/2021:06:36:53 +0400] "GET /product-category/transmissiya/korobki-pereklyucheniya-peredach-kpp/granta-kpp/amp HTTP/1.1" 200 14489 "-" "Mozilla/5.0 (Linux; Android 6.0.1; Nexus 5X Build/MMB29P) AppleWebKit/537.36 (KHTML, like Gecko) Chrome/91.0.4472.90 Mobile Safari/537.36 (compatible; Googlebot/2.1; +http://www.google.com/bot.html)"
66.249.70.88 - - [20/Jul/2021:06:37:30 +0400] "GET /product/rejlingi-hyundai-i30-2012-n-v-serebristyj-plastik HTTP/1.1" 200 85853 "-" "Mozilla/5.0 (Linux; Android 6.0.1; Nexus 5X Build/MMB29P) AppleWebKit/537.36 (KHTML, like Gecko) Chrome/91.0.4472.90 Mobile Safari/537.36 (compatible; Googlebot/2.1; +http://www.google.com/bot.html)"
66.249.70.88 - - [20/Jul/2021:06:38:00 +0400] "GET /product/oblitsovka-zadnej-dveri-ugolki-vnutrennie-zavodskie-dlya-lada-priora-sedan-hetchbek HTTP/1.1" 200 84361 "-" "Mozilla/5.0 (compatible; Googlebot/2.1; +http://www.google.com/bot.html)"
66.249.70.86 - - [20/Jul/2021:06:38:31 +0400] "GET /product/oblitsovka-zadnej-dveri-ugolki-vnutrennie-zavodskie-dlya-lada-priora-sedan-hetchbek/amp HTTP/1.1" 200 56264 "-" "Mozilla/5.0 (Linux; Android 6.0.1; Nexus 5X Build/MMB29P) AppleWebKit/537.36 (KHTML, like Gecko) Chrome/91.0.4472.90 Mobile Safari/537.36 (compatible; Googlebot/2.1; +http://www.google.com/bot.html)"
172.20.0.1 - - [20/Jul/2021:06:39:05 +0400] "POST /wp-cron.php?doing_wp_cron=1626748745.9058599472045898437500 HTTP/1.1" 200 31 "https://test.ru/wp-cron.php?doing_wp_cron=1626748745.9058599472045898437500" "WordPress/5.5.5; https://test.ru"
66.249.70.86 - - [20/Jul/2021:06:39:39 +0400] "GET /product/perednie-ptf-dlya-lada-granta-dorestajling HTTP/1.1" 200 84843 "-" "Mozilla/5.0 (compatible; Googlebot/2.1; +http://www.google.com/bot.html)"
178.63.19.115 - - [20/Jul/2021:06:40:12 +0400] "GET /product-category/transmissiya/poluosi/chevrolet-niva-poluosi HTTP/1.1" 200 80447 "http://test.ru/" "Mozilla/5.0 (Windows NT 6.3; Win64; x64) AppleWebKit/537.36 (KHTML, like Gecko) Chrome/81.0.4044.122 Safari/537.36"
66.249.70.86 - - [20/Jul/2021:06:40:41 +0400] "GET /product-category/elementy-interera/lada-4x4-interer/potolok/amp HTTP/1.1" 200 13192 "-" "Mozilla/5.0 (Linux; Android 6.0.1; Nexus 5X Build/MMB29P) AppleWebKit/537.36 (KHTML, like Gecko) Chrome/91.0.4472.90 Mobile Safari/537.36 (compatible; Googlebot/2.1; +http://www.google.com/bot.html)"
40.77.167.46 - - [20/Jul/2021:06:41:13 +0400] "GET /product/ruchki-regulirovki-bloka-otopitelya-hrom-koltso-lada-kalina-2-granta HTTP/2.0" 200 87789 "-" "Mozilla/5.0 (compatible; bingbot/2.0; +http://www.bing.com/bingbot.htm)"
18.141.168.232 - - [20/Jul/2021:06:41:48 +0400] "GET /api/.env HTTP/1.1" 404 548 "-" "Mozilla/5.0 (X11; Linux x86_64) AppleWebKit/537.36 (KHTML, like Gecko) Chrome/81.0.4044.129 Safari/537.36"
172.20.0.1 - - [20/Jul/2021:06:42:43 +0400] "POST /wp-cron.php?doing_wp_cron=1626748963.5186460018157958984375 HTTP/1.1" 200 31 "https://test.ru/wp-cron.php?doing_wp_cron=1626748963.5186460018157958984375" "WordPress/5.5.5; https://test.ru"
5.255.253.144 - - [20/Jul/2021:06:43:28 +0400] "GET /feed/turbo/?paged=3 HTTP/1.1" 200 80495 "-" "Mozilla/5.0 (compatible; YandexTurbo/1.0; +http://yandex.com/bots)"
66.249.70.86 - - [20/Jul/2021:06:44:00 +0400] "GET /product/originalnyj-perednij-bamper-lada-niva-4h4 HTTP/1.1" 200 83400 "-" "Mozilla/5.0 (compatible; Googlebot/2.1; +http://www.google.com/bot.html)"
66.249.70.88 - - [20/Jul/2021:06:44:32 +0400] "GET /product/zashhita-zadn-bampera-ugolki-d63-5-iz-nerzhaveyushhej-stali-dlya-kia-sorento-2012-2014-g HTTP/1.1" 200 83393 "-" "Mozilla/5.0 (Linux; Android 6.0.1; Nexus 5X Build/MMB29P) AppleWebKit/537.36 (KHTML, like Gecko) Chrome/91.0.4472.90 Mobile Safari/537.36 (compatible; Googlebot/2.1; +http://www.google.com/bot.html)"
176.59.147.103 - - [20/Jul/2021:06:44:56 +0400] "GET /wp-content/themes/woodmart/fonts/fontawesome-webfont.woff2?v=4.7.0 HTTP/2.0" 200 77160 "https://test.ru/wp-content/themes/woodmart/css/font-awesome.min.css?ver=3.6.1" "Mozilla/5.0 (Linux; Android 8.1.0; SM-J260F Build/M1AJB; wv) AppleWebKit/537.36 (KHTML, like Gecko) Version/4.0 Chrome/80.0.3987.132 Mobile Safari/537.36"
66.249.70.88 - - [20/Jul/2021:06:45:37 +0400] "GET /product/komplekt-obivki-sidenij-chernaya-ultra-eto-ne-chehly-dlya-lada-priora-hetchbek-universal/amp HTTP/1.1" 200 60402 "-" "Mozilla/5.0 (Linux; Android 6.0.1; Nexus 5X Build/MMB29P) AppleWebKit/537.36 (KHTML, like Gecko) Chrome/91.0.4472.90 Mobile Safari/537.36 (compatible; Googlebot/2.1; +http://www.google.com/bot.html)"
66.249.70.86 - - [20/Jul/2021:06:46:03 +0400] "GET /product/zashhita-pereda-truba-d63-5-iz-nerzhaveyushhej-stali-dlya-kia-sorento-2012-2014-g/amp HTTP/1.1" 200 55009 "-" "Mozilla/5.0 (Linux; Android 6.0.1; Nexus 5X Build/MMB29P) AppleWebKit/537.36 (KHTML, like Gecko) Chrome/91.0.4472.90 Mobile Safari/537.36 (compatible; Googlebot/2.1; +http://www.google.com/bot.html)"
172.20.0.1 - - [20/Jul/2021:06:47:08 +0400] "POST /wp-cron.php?doing_wp_cron=1626749228.7858769893646240234375 HTTP/1.1" 200 31 "https://test.ru/wp-cron.php?doing_wp_cron=1626749228.7858769893646240234375" "WordPress/5.5.5; https://test.ru"
207.46.13.46 - - [20/Jul/2021:06:48:05 +0400] "GET /product/zavodskaya-vnutrennyaya-ruchka-voditelskoj-dveri-dlya-lada-priora HTTP/2.0" 200 84368 "-" "Mozilla/5.0 (compatible; bingbot/2.0; +http://www.bing.com/bingbot.htm)"
80.83.239.123 - - [20/Jul/2021:06:49:06 +0400] "POST /?wc-ajax=get_refreshed_fragments HTTP/2.0" 200 488 "https://test.ru/product-category/transmissiya/reduktory-mostov/perednie-reduktory-shevrole-niva" "Mozilla/5.0 (Linux; arm; Android 10; MOA-LX9N) AppleWebKit/537.36 (KHTML, like Gecko) Chrome/90.0.4430.216 YaApp_Android/21.51.1 YaSearchBrowser/21.51.1 BroPP/1.0 SA/3 Mobile Safari/537.36"
5.255.253.144 - - [20/Jul/2021:06:49:57 +0400] "GET /product-category/transmissiya/reduktory-mostov/perednie-reduktory-shevrole-niva HTTP/1.1" 200 69392 "-" "Mozilla/5.0 (compatible; YandexBot/3.0; +http://yandex.com/bots)"
213.87.121.111 - - [20/Jul/2021:06:50:34 +0400] "POST /?wc-ajax=get_refreshed_fragments HTTP/2.0" 200 1661 "https://test.ru/product-category/podveska/usilennye-stupitsy" "Mozilla/5.0 (Linux; arm_64; Android 6.0.1; Redmi 4) AppleWebKit/537.36 (KHTML, like Gecko) Chrome/90.0.4430.216 YaBrowser/21.5.5.110.00 SA/3 Mobile Safari/537.36"
176.59.50.207 - - [20/Jul/2021:06:51:09 +0400] "GET /wp-json/pwa-for-wp/v2/pwa-manifest-json HTTP/2.0" 200 375 "-" "Mozilla/5.0 (Linux; arm; Android 9; itel L5002) AppleWebKit/537.36 (KHTML, like Gecko) Chrome/86.0.4240.198 YaApp_Android/20.111.1 YaSearchBrowser/20.111.1 BroPP/1.0 SA/3 TA/7.1 Mobile Safari/537.36"
172.20.0.1 - - [20/Jul/2021:06:52:09 +0400] "POST /wp-cron.php?doing_wp_cron=1626749529.5225570201873779296875 HTTP/1.1" 200 31 "https://test.ru/wp-cron.php?doing_wp_cron=1626749529.5225570201873779296875" "WordPress/5.5.5; https://test.ru"
66.249.70.88 - - [20/Jul/2021:06:52:37 +0400] "GET /product/zashhita-porogov-truba-s-prostupyu-d76-dlya-lexus-rx-300-1997-2003-g HTTP/1.1" 200 82498 "-" "Mozilla/5.0 (Linux; Android 6.0.1; Nexus 5X Build/MMB29P) AppleWebKit/537.36 (KHTML, like Gecko) Chrome/91.0.4472.90 Mobile Safari/537.36 (compatible; Googlebot/2.1; +http://www.google.com/bot.html)"
66.249.70.86 - - [20/Jul/2021:06:53:41 +0400] "POST /?wc-ajax=get_refreshed_fragments HTTP/1.1" 200 500 "https://test.ru/product/zashhita-porogov-truba-d51-dlya-original-porogov-dlya-lexus-lx-450d-lx-570-c-2015-g" "Mozilla/5.0 (Linux; Android 6.0.1; Nexus 5X Build/MMB29P) AppleWebKit/537.36 (KHTML, like Gecko) Chrome/91.0.4472.90 Mobile Safari/537.36 (compatible; Googlebot/2.1; +http://www.google.com/bot.html)"
66.249.70.86 - - [20/Jul/2021:06:54:36 +0400] "GET /product/zashhita-porogov-c-alyum-nakladkami-d63-5-iz-nerzhaveyushhej-stali-dlya-greatwall-hover-h3-2010-2015-g/amp HTTP/1.1" 200 56708 "-" "Mozilla/5.0 (Linux; Android 6.0.1; Nexus 5X Build/MMB29P) AppleWebKit/537.36 (KHTML, like Gecko) Chrome/91.0.4472.90 Mobile Safari/537.36 (compatible; Googlebot/2.1; +http://www.google.com/bot.html)"
5.255.253.144 - - [20/Jul/2021:06:55:17 +0400] "GET /feed/turbo/ HTTP/1.1" 200 80542 "-" "Mozilla/5.0 (compatible; YandexTurbo/1.0; +http://yandex.com/bots)"
157.55.39.26 - - [20/Jul/2021:06:56:00 +0400] "GET /product-category/elementy-interera/lada-4x4-interer/obivka-sidenij-lada-4x4 HTTP/2.0" 200 73715 "-" "Mozilla/5.0 (compatible; bingbot/2.0; +http://www.bing.com/bingbot.htm)"
157.55.39.12 - - [20/Jul/2021:06:56:50 +0400] "GET /product/duga-bagazhnika-d63-5-mitsubishi-l200-nerzh-0608-h HTTP/2.0" 200 82547 "-" "Mozilla/5.0 (compatible; bingbot/2.0; +http://www.bing.com/bingbot.htm)"
207.46.13.46 - - [20/Jul/2021:06:58:06 +0400] "GET /product-category/rejlingi-i-poperechiny-lada/largus?add-to-cart=25871 HTTP/2.0" 200 75080 "-" "Mozilla/5.0 (compatible; bingbot/2.0; +http://www.bing.com/bingbot.htm)"
176.59.50.207 - - [20/Jul/2021:06:59:14 +0400] "POST /?wc-ajax=get_refreshed_fragments HTTP/2.0" 200 488 "https://test.ru/product-category/transmissiya/kardany/lada-4x4-kardany" "Mozilla/5.0 (Linux; arm; Android 9; itel L5002) AppleWebKit/537.36 (KHTML, like Gecko) Chrome/86.0.4240.198 YaApp_Android/20.111.1 YaSearchBrowser/20.111.1 BroPP/1.0 SA/3 Mobile Safari/537.36"
172.20.0.1 - - [20/Jul/2021:07:00:06 +0400] "POST /wp-admin/admin-ajax.php?action=wp_example_process&nonce=c4b0abf240 HTTP/1.1" 499 0 "https://test.ru/wp-admin/admin-ajax.php?action=wp_example_process&nonce=c4b0abf240" "WordPress/5.5.5; https://test.ru"
172.20.0.1 - - [20/Jul/2021:07:01:16 +0400] "POST /wp-cron.php?doing_wp_cron=1626750076.7936348915100097656250 HTTP/1.1" 200 31 "https://test.ru/wp-cron.php?doing_wp_cron=1626750076.7936348915100097656250" "WordPress/5.5.5; https://test.ru"
66.249.70.86 - - [20/Jul/2021:07:02:12 +0400] "GET /product/zashhita-porogov-truba-d51-dlya-original-porogov-dlya-lexus-lx-450d-lx-570-c-2015-g/amp HTTP/1.1" 200 54399 "-" "Mozilla/5.0 (Linux; Android 6.0.1; Nexus 5X Build/MMB29P) AppleWebKit/537.36 (KHTML, like Gecko) Chrome/91.0.4472.90 Mobile Safari/537.36 (compatible; Googlebot/2.1; +http://www.google.com/bot.html)"
66.249.70.86 - - [20/Jul/2021:07:02:50 +0400] "GET /product/komplekt-ruchek-dverej-poruchni-lada-kalina/amp HTTP/1.1" 200 53877 "-" "Mozilla/5.0 (Linux; Android 6.0.1; Nexus 5X Build/MMB29P) AppleWebKit/537.36 (KHTML, like Gecko) Chrome/91.0.4472.90 Mobile Safari/537.36 (compatible; Googlebot/2.1; +http://www.google.com/bot.html)"
5.45.207.72 - - [20/Jul/2021:07:04:10 +0400] "GET /wp-content/plugins/yith-woocommerce-wishlist/assets/fonts/fontawesome-webfont.woff2?v=4.7.0 HTTP/1.1" 200 77160 "https://test.ru/wp-content/plugins/yith-woocommerce-wishlist/assets/css/font-awesome.css?ver=4.7.0" "Mozilla/5.0 (compatible; YandexBot/3.0; +http://yandex.com/bots) AppleWebKit/537.36 (KHTML, like Gecko) Chrome/81.0.4044.268"
216.244.66.227 - - [20/Jul/2021:07:05:30 +0400] "GET /product/amortizatory-zadnie-gazomaslyannye-demfi-premium-s-zanizheniem-30-na-vaz-2110-2112?add-to-cart=29155 HTTP/1.1" 200 79229 "-" "Mozilla/5.0 (compatible; DotBot/1.2; +https://opensiteexplorer.org/dotbot; help@moz.com)"
5.255.253.144 - - [20/Jul/2021:07:06:42 +0400] "GET /product/zashhita-zadnego-bampera-ugolki-2123-shevi-0115-dlya-avtomobilej-vypuska-do-2009-g?page&product=zashhita-zadnego-bampera-ugolki-2123-shevi-0115-dlya-avtomobilej-vypuska-do-2009-g&post_type=product&name=zashhita-zadnego-bampera-ugolki-2123-shevi-0115-dlya-avtomobilej-vypuska-do-2009-g&add_to_wishlist=24890 HTTP/1.1" 301 5 "-" "Mozilla/5.0 (compatible; YandexBot/3.0; +http://yandex.com/bots)"
5.255.253.144 - - [20/Jul/2021:07:07:26 +0400] "GET /feed/turbo/?paged=4 HTTP/1.1" 200 80495 "-" "Mozilla/5.0 (compatible; YandexTurbo/1.0; +http://yandex.com/bots)"
185.191.171.42 - - [20/Jul/2021:07:08:19 +0400] "GET /product/zashhita-pereda-volna-d63-5-toyota-land-cruiser-prado-120-okrash-0640-k HTTP/1.1" 200 83638 "-" "Mozilla/5.0 (compatible; SemrushBot/7~bl; +http://www.semrush.com/bot.html)"
66.249.70.86 - - [20/Jul/2021:07:08:56 +0400] "GET /product/rejlingi-chernye-dlya-lada-niva-4h4-urban-niva-legend/amp HTTP/1.1" 200 56697 "-" "Mozilla/5.0 (Linux; Android 6.0.1; Nexus 5X Build/MMB29P) AppleWebKit/537.36 (KHTML, like Gecko) Chrome/91.0.4472.90 Mobile Safari/537.36 (compatible; Googlebot/2.1; +http://www.google.com/bot.html)"
54.36.148.22 - - [20/Jul/2021:07:09:51 +0400] "GET /product-category/elementy-interera/lada-4x4-interer/solntsezashhitnye-kozyrki-lada-4x4 HTTP/2.0" 200 66290 "-" "Mozilla/5.0 (compatible; AhrefsBot/7.0; +http://ahrefs.com/robot/)"
66.249.70.86 - - [20/Jul/2021:07:10:53 +0400] "GET /ads.txt HTTP/1.1" 404 33941 "-" "Mozilla/5.0 (compatible; Googlebot/2.1; +http://www.google.com/bot.html)"
66.249.70.88 - - [20/Jul/2021:07:12:12 +0400] "GET /product/zashhita-porogov-s-nakladkami-o63-mm-dlya-lada-niva-2121-21213-21214 HTTP/1.1" 200 85486 "-" "Mozilla/5.0 (Linux; Android 6.0.1; Nexus 5X Build/MMB29P) AppleWebKit/537.36 (KHTML, like Gecko) Chrome/91.0.4472.90 Mobile Safari/537.36 (compatible; Googlebot/2.1; +http://www.google.com/bot.html)"
66.249.70.86 - - [20/Jul/2021:07:12:51 +0400] "GET /product/kontroller-ebu-yanvar-21126-1411020-32-itelma-m73 HTTP/1.1" 200 84635 "-" "Mozilla/5.0 (Linux; Android 6.0.1; Nexus 5X Build/MMB29P) AppleWebKit/537.36 (KHTML, like Gecko) Chrome/91.0.4472.90 Mobile Safari/537.36 (compatible; Googlebot/2.1; +http://www.google.com/bot.html)"
66.249.70.86 - - [20/Jul/2021:07:13:25 +0400] "GET /product/zashhita-porogov-s-nakladkami-o63-mm-dlya-lada-niva-2121-21213-21214/amp HTTP/1.1" 200 58673 "-" "Mozilla/5.0 (Linux; Android 6.0.1; Nexus 5X Build/MMB29P) AppleWebKit/537.36 (KHTML, like Gecko) Chrome/91.0.4472.90 Mobile Safari/537.36 (compatible; Googlebot/2.1; +http://www.google.com/bot.html)"
66.249.70.86 - - [20/Jul/2021:07:13:56 +0400] "GET /product/rejlingi-ford-focus-3-anod-seryj HTTP/1.1" 200 85973 "-" "Mozilla/5.0 (Linux; Android 6.0.1; Nexus 5X Build/MMB29P) AppleWebKit/537.36 (KHTML, like Gecko) Chrome/91.0.4472.90 Mobile Safari/537.36 (compatible; Googlebot/2.1; +http://www.google.com/bot.html)"
213.87.131.94 - - [20/Jul/2021:07:14:07 +0400] "GET /product-category/vneshnij-vid-lada/granta-dop/zashhita-porogov-toyota-granta-dop HTTP/2.0" 499 0 "https://test.ru/product-category/vneshnij-vid-lada/granta-dop" "Mozilla/5.0 (Linux; Android 9.0; T10 Build/NRD90M; wv) AppleWebKit/537.36 (KHTML, like Gecko) Version/4.0 Chrome/90.0.4430.91 Safari/537.36"
213.87.131.94 - - [20/Jul/2021:07:14:24 +0400] "POST /?wc-ajax=get_refreshed_fragments HTTP/2.0" 200 488 "https://test.ru/product-category/vneshnij-vid-lada/granta-dop/zashhita-porogov-toyota-granta-dop" "Mozilla/5.0 (Linux; Android 9.0; T10 Build/NRD90M; wv) AppleWebKit/537.36 (KHTML, like Gecko) Version/4.0 Chrome/90.0.4430.91 Safari/537.36"
66.249.70.86 - - [20/Jul/2021:07:14:41 +0400] "GET /product/perednee-passazhirskoe-sidene-dlya-lada-priora-vaz-2110-2112 HTTP/1.1" 200 83565 "-" "Mozilla/5.0 (Linux; Android 6.0.1; Nexus 5X Build/MMB29P) AppleWebKit/537.36 (KHTML, like Gecko) Chrome/91.0.4472.90 Mobile Safari/537.36 (compatible; Googlebot/2.1; +http://www.google.com/bot.html)"
172.20.0.1 - - [20/Jul/2021:07:15:07 +0400] "POST /wp-cron.php?doing_wp_cron=1626750907.0698130130767822265625 HTTP/1.1" 200 31 "https://test.ru/wp-cron.php?doing_wp_cron=1626750907.0698130130767822265625" "WordPress/5.5.5; https://test.ru"
216.244.66.227 - - [20/Jul/2021:07:15:34 +0400] "GET /product/zashhita-pereda-truba-d63-5-great-wall-hover-h5-nerzh-s-2012g-1694-h?add-to-cart=30125 HTTP/1.1" 301 5 "-" "Mozilla/5.0 (compatible; DotBot/1.2; +https://opensiteexplorer.org/dotbot; help@moz.com)"
207.46.13.46 - - [20/Jul/2021:07:16:08 +0400] "GET /product-category/vneshnij-vid-inomarki/mazda-vneshnij-vid-inomarki/zashhita-perednego-bampera-pered-mazda-vneshnij-vid-inomarki HTTP/2.0" 200 67026 "-" "Mozilla/5.0 (compatible; bingbot/2.0; +http://www.bing.com/bingbot.htm)"
66.249.70.86 - - [20/Jul/2021:07:16:33 +0400] "GET /product/kardan-belkard-zadnij-perednij-dlya-shevrole-niva-2123 HTTP/1.1" 200 85776 "-" "Mozilla/5.0 (compatible; Googlebot/2.1; +http://www.google.com/bot.html)"
66.249.70.86 - - [20/Jul/2021:07:17:00 +0400] "GET /product/shnurki-polki-bagazhnika-na-lada-kalina-kalina-2 HTTP/1.1" 200 83372 "-" "Mozilla/5.0 (compatible; Googlebot/2.1; +http://www.google.com/bot.html)"
66.249.70.86 - - [20/Jul/2021:07:17:23 +0400] "GET /product/zashhita-pereda-truba-dvojnaya-d63-5-dlya-lexus-lx-450d-lx570-c-2015 HTTP/1.1" 200 83283 "-" "Mozilla/5.0 (Linux; Android 6.0.1; Nexus 5X Build/MMB29P) AppleWebKit/537.36 (KHTML, like Gecko) Chrome/91.0.4472.90 Mobile Safari/537.36 (compatible; Googlebot/2.1; +http://www.google.com/bot.html)"
85.140.9.12 - - [20/Jul/2021:07:17:53 +0400] "GET /my-account?TURBO_ID=u%3A84bd69a55e963d414cd2865e3665134aa565388c10eef4ac3edb0764871e2a03&date=1626751070883 HTTP/2.0" 200 39151 "https://test.ru.turbopages.org/" "Mozilla/5.0 (Linux; arm_64; Android 10; RMX1971) AppleWebKit/537.36 (KHTML, like Gecko) Chrome/90.0.4430.216 YaApp_Android/21.54.1 YaSearchBrowser/21.54.1 BroPP/1.0 SA/3 Mobile Safari/537.36"
172.20.0.1 - - [20/Jul/2021:07:18:21 +0400] "POST /wp-admin/admin-ajax.php?action=wp_example_process&nonce=c4b0abf240 HTTP/1.1" 499 0 "https://test.ru/wp-admin/admin-ajax.php?action=wp_example_process&nonce=c4b0abf240" "WordPress/5.5.5; https://test.ru"
141.8.142.85 - - [20/Jul/2021:07:19:06 +0400] "GET /wp-content/themes/woodmart/fonts/fontawesome-webfont.woff2?v=4.7.0 HTTP/1.1" 200 77160 "https://test.ru/wp-content/themes/woodmart/css/font-awesome.min.css?ver=3.6.1" "Mozilla/5.0 (compatible; YandexBot/3.0; +http://yandex.com/bots) AppleWebKit/537.36 (KHTML, like Gecko) Chrome/81.0.4044.268"
66.249.70.86 - - [20/Jul/2021:07:19:48 +0400] "GET /product/kontroller-ebu-bosch-21126-1411020-45-m17-9-7-e-gaz/amp HTTP/1.1" 200 56001 "-" "Mozilla/5.0 (Linux; Android 6.0.1; Nexus 5X Build/MMB29P) AppleWebKit/537.36 (KHTML, like Gecko) Chrome/91.0.4472.90 Mobile Safari/537.36 (compatible; Googlebot/2.1; +http://www.google.com/bot.html)"
172.20.0.1 - - [20/Jul/2021:07:20:40 +0400] "POST /wp-admin/admin-ajax.php?action=wp_example_process&nonce=c4b0abf240 HTTP/1.1" 499 0 "https://test.ru/wp-admin/admin-ajax.php?action=wp_example_process&nonce=c4b0abf240" "WordPress/5.5.5; https://test.ru"
66.249.70.86 - - [20/Jul/2021:07:21:35 +0400] "GET /product/obivki-dvernye-lyuks-s-vstavkami-iz-ekokozhi-soty-na-vaz-2109-21099-2114-2115 HTTP/1.1" 200 84412 "-" "Googlebot-Image/1.0"
40.77.167.74 - - [20/Jul/2021:07:22:20 +0400] "GET /product-category/rejlingi-i-poperechiny-lada/largus/page/2 HTTP/2.0" 404 33902 "-" "Mozilla/5.0 (compatible; bingbot/2.0; +http://www.bing.com/bingbot.htm)"
172.20.0.1 - - [20/Jul/2021:07:22:55 +0400] "POST /wp-admin/admin-ajax.php?action=wp_example_process&nonce=c4b0abf240 HTTP/1.1" 499 0 "https://test.ru/wp-admin/admin-ajax.php?action=wp_example_process&nonce=c4b0abf240" "WordPress/5.5.5; https://test.ru"
172.20.0.1 - - [20/Jul/2021:07:24:01 +0400] "POST /wp-cron.php?doing_wp_cron=1626751440.9985060691833496093750 HTTP/1.1" 200 31 "https://test.ru/wp-cron.php?doing_wp_cron=1626751440.9985060691833496093750" "WordPress/5.5.5; https://test.ru"
66.249.70.88 - - [20/Jul/2021:07:24:43 +0400] "GET /hatoya/24076qjfhcr4909449505410.htm HTTP/1.1" 404 33911 "-" "Mozilla/5.0 (Linux; Android 6.0.1; Nexus 5X Build/MMB29P) AppleWebKit/537.36 (KHTML, like Gecko) Chrome/91.0.4472.90 Mobile Safari/537.36 (compatible; Googlebot/2.1; +http://www.google.com/bot.html)"
5.255.253.144 - - [20/Jul/2021:07:25:23 +0400] "GET /feed/turbo/ HTTP/1.1" 200 80542 "-" "Mozilla/5.0 (compatible; YandexTurbo/1.0; +http://yandex.com/bots)"
95.152.32.13 - - [20/Jul/2021:07:26:46 +0400] "GET /product-category/dvigatel/karbyuratory/lada-4x4-kpp-karbyuratory HTTP/2.0" 200 68162 "https://yandex.ru/" "Mozilla/5.0 (Linux; Android 11; SM-A505FN) AppleWebKit/537.36 (KHTML, like Gecko) Chrome/91.0.4472.120 Mobile Safari/537.36"
66.249.70.86 - - [20/Jul/2021:07:27:29 +0400] "GET /product-category/rejlingi-i-poperechiny-lada/lada-4x4/page/2?loop=15&woo_ajax=1 HTTP/1.1" 200 3641 "https://test.ru/product-category/rejlingi-i-poperechiny-lada/lada-4x4" "Mozilla/5.0 AppleWebKit/537.36 (KHTML, like Gecko; compatible; Googlebot/2.1; +http://www.google.com/bot.html) Chrome/91.0.4472.90 Safari/537.36"
54.36.148.157 - - [20/Jul/2021:07:28:05 +0400] "GET /author/evgen HTTP/2.0" 301 0 "-" "Mozilla/5.0 (compatible; AhrefsBot/7.0; +http://ahrefs.com/robot/)"
109.252.95.235 - - [20/Jul/2021:07:28:44 +0400] "GET /product-category/elementy-interera/lada-4x4-interer/page/3?loop=30&woo_ajax=1 HTTP/2.0" 200 6523 "https://test.ru/product-category/elementy-interera/lada-4x4-interer" "Mozilla/5.0 (Windows NT 10.0; Win64; x64; rv:89.0) Gecko/20100101 Firefox/89.0"
109.252.95.235 - - [20/Jul/2021:07:29:21 +0400] "GET /product-category/elementy-interera/lada-4x4-interer/page/5?loop=60&woo_ajax=1 HTTP/2.0" 200 6886 "https://test.ru/product-category/elementy-interera/lada-4x4-interer" "Mozilla/5.0 (Windows NT 10.0; Win64; x64; rv:89.0) Gecko/20100101 Firefox/89.0"
109.252.95.235 - - [20/Jul/2021:07:30:11 +0400] "POST /wp-admin/admin-ajax.php HTTP/2.0" 200 1437 "https://test.ru/product-category/elementy-interera/lada-4x4-interer" "Mozilla/5.0 (Windows NT 10.0; Win64; x64; rv:89.0) Gecko/20100101 Firefox/89.0"
66.249.70.86 - - [20/Jul/2021:07:31:23 +0400] "GET /product/kryshka-bloka-predohranitelej-lada-granta/amp HTTP/1.1" 200 54654 "-" "Mozilla/5.0 (Linux; Android 6.0.1; Nexus 5X Build/MMB29P) AppleWebKit/537.36 (KHTML, like Gecko) Chrome/91.0.4472.90 Mobile Safari/537.36 (compatible; Googlebot/2.1; +http://www.google.com/bot.html)"
66.249.70.86 - - [20/Jul/2021:07:32:03 +0400] "GET /product/komplekt-obivki-sidenij-chernaya-ultra-eto-ne-chehly-dlya-vaz-2107 HTTP/1.1" 200 86685 "-" "Mozilla/5.0 (compatible; Googlebot/2.1; +http://www.google.com/bot.html)"
172.20.0.1 - - [20/Jul/2021:07:33:28 +0400] "POST /wp-cron.php?doing_wp_cron=1626752008.3159019947052001953125 HTTP/1.1" 200 31 "https://test.ru/wp-cron.php?doing_wp_cron=1626752008.3159019947052001953125" "WordPress/5.5.5; https://test.ru"
85.140.7.112 - - [20/Jul/2021:07:34:38 +0400] "GET /wp-json/pwa-for-wp/v2/pwa-manifest-json HTTP/2.0" 200 375 "-" "Mozilla/5.0 (Linux; arm_64; Android 9; BV6900) AppleWebKit/537.36 (KHTML, like Gecko) Chrome/90.0.4430.216 YaBrowser/21.5.5.110.00 SA/3 TA/7.1 Mobile Safari/537.36"
