85.26.165.1 - - [20/Jul/2021:11:17:59 +0400] "GET /product/rabochij-klyuch-zagotovka-s-chipom-lada-priora-kalina-granta-shevrole-niva HTTP/2.0" 200 87066 "https://www.google.com/" "Mozilla/5.0 (Linux; Android 10; STK-LX1) AppleWebKit/537.36 (KHTML, like Gecko) Chrome/86.0.4240.185 Mobile Safari/537.36"
66.249.70.86 - - [20/Jul/2021:11:18:27 +0400] "GET /product/zashhita-pereda-truba-d76-mazda-bt-50-picup-nerzh-1742-h/amp HTTP/1.1" 200 54822 "-" "Mozilla/5.0 (Linux; Android 6.0.1; Nexus 5X Build/MMB29P) AppleWebKit/537.36 (KHTML, like Gecko) Chrome/91.0.4472.90 Mobile Safari/537.36 (compatible; Googlebot/2.1; +http://www.google.com/bot.html)"
66.249.70.88 - - [20/Jul/2021:11:19:05 +0400] "GET /product/panel-priborov-komfort-2din-pod-shhitok-kombinatsii-priborov-21213-dlya-lada-niva-4h4/amp HTTP/1.1" 200 58957 "-" "Mozilla/5.0 (Linux; Android 6.0.1; Nexus 5X Build/MMB29P) AppleWebKit/537.36 (KHTML, like Gecko) Chrome/91.0.4472.90 Mobile Safari/537.36 (compatible; Googlebot/2.1; +http://www.google.com/bot.html)"
66.249.70.88 - - [20/Jul/2021:11:19:36 +0400] "GET /product/bagazhniki-aero-s-krepleniem-skoba-na-rejlingi-polimer-chernyj-2sht-2087-aun-02 HTTP/1.1" 200 87804 "-" "Mozilla/5.0 (Linux; Android 6.0.1; Nexus 5X Build/MMB29P) AppleWebKit/537.36 (KHTML, like Gecko) Chrome/91.0.4472.90 Mobile Safari/537.36 (compatible; Googlebot/2.1; +http://www.google.com/bot.html)"
5.255.253.144 - - [20/Jul/2021:11:20:12 +0400] "GET /product/kronshtejn-krepleniya-zapasnogo-kolesa-kalitka-dlya-lada-largus?attribute_pa_color=chernyj-glyantsevyj HTTP/1.1" 200 83598 "-" "Mozilla/5.0 (compatible; YandexBot/3.0; +http://yandex.com/bots)"
66.249.70.86 - - [20/Jul/2021:11:20:50 +0400] "GET /product-category/vneshnij-vid-inomarki/lifan-vneshnij-vid-inomarki/page/2?loop=15&woo_ajax=1 HTTP/1.1" 200 8059 "https://test.ru/product-category/vneshnij-vid-inomarki/lifan-vneshnij-vid-inomarki" "Mozilla/5.0 AppleWebKit/537.36 (KHTML, like Gecko; compatible; Googlebot/2.1; +http://www.google.com/bot.html) Chrome/91.0.4472.90 Safari/537.36"
172.20.0.1 - - [20/Jul/2021:11:22:01 +0400] "POST /wp-cron.php?doing_wp_cron=1626765721.2447350025177001953125 HTTP/1.1" 200 31 "https://test.ru/wp-cron.php?doing_wp_cron=1626765721.2447350025177001953125" "WordPress/5.5.5; https://test.ru"
40.77.167.11 - - [20/Jul/2021:11:22:33 +0400] "GET /product-category/vneshnij-vid-lada/kalina-dop/farkopy-x-ray-kalina-dop HTTP/2.0" 200 65653 "-" "Mozilla/5.0 (compatible; bingbot/2.0; +http://www.bing.com/bingbot.htm)"
66.249.70.88 - - [20/Jul/2021:11:23:07 +0400] "GET /product/fary-svetodiodnye-60w-s-povtoritelem-povorotnika-i-dho-dlya-vaz-2101-2102-lada-niva-4h4-uaz/amp HTTP/1.1" 200 56621 "-" "Mozilla/5.0 (Linux; Android 6.0.1; Nexus 5X Build/MMB29P) AppleWebKit/537.36 (KHTML, like Gecko) Chrome/91.0.4472.90 Mobile Safari/537.36 (compatible; Googlebot/2.1; +http://www.google.com/bot.html)"
5.255.253.144 - - [20/Jul/2021:11:23:44 +0400] "GET /feed/turbo/?paged=3 HTTP/1.1" 200 80495 "-" "Mozilla/5.0 (compatible; YandexTurbo/1.0; +http://yandex.com/bots)"
172.20.0.1 - - [20/Jul/2021:11:24:18 +0400] "POST /wp-cron.php?doing_wp_cron=1626765858.6828780174255371093750 HTTP/1.1" 200 31 "https://test.ru/wp-cron.php?doing_wp_cron=1626765858.6828780174255371093750" "WordPress/5.5.5; https://test.ru"
66.249.70.88 - - [20/Jul/2021:11:24:51 +0400] "GET /product/privod-perednego-kolesa-pravyj-pod-abs-na-lada-kalina-kalina-2-granta/amp HTTP/1.1" 200 54455 "-" "Mozilla/5.0 (Linux; Android 6.0.1; Nexus 5X Build/MMB29P) AppleWebKit/537.36 (KHTML, like Gecko) Chrome/91.0.4472.90 Mobile Safari/537.36 (compatible; Googlebot/2.1; +http://www.google.com/bot.html)"
93.170.254.161 - - [20/Jul/2021:11:25:20 +0400] "GET /product-category/transmissiya/kardany/lada-4x4-kardany HTTP/2.0" 200 73852 "https://www.yandex.ru/" "Mozilla/5.0 (Macintosh; Intel Mac OS X 10_15_7) AppleWebKit/537.36 (KHTML, like Gecko) Chrome/91.0.4472.164 Safari/537.36"
172.20.0.1 - - [20/Jul/2021:11:26:23 +0400] "POST /wp-cron.php?doing_wp_cron=1626765983.5143260955810546875000 HTTP/1.1" 200 31 "https://test.ru/wp-cron.php?doing_wp_cron=1626765983.5143260955810546875000" "WordPress/5.5.5; https://test.ru"
95.29.43.128 - - [20/Jul/2021:11:27:07 +0400] "GET / HTTP/1.0" 301 162 "http://test.ru/" "Mozilla/5.0 (Windows NT 6.1) AppleWebKit/537.36 (KHTML, like Gecko) Chrome/90.0.4430.72 Safari/537.36"
66.249.70.88 - - [20/Jul/2021:11:27:50 +0400] "GET /product-category/elementy-interera/lada-4x4-interer/fortochka-4x4/amp HTTP/1.1" 200 12000 "-" "Mozilla/5.0 (Linux; Android 6.0.1; Nexus 5X Build/MMB29P) AppleWebKit/537.36 (KHTML, like Gecko) Chrome/91.0.4472.90 Mobile Safari/537.36 (compatible; Googlebot/2.1; +http://www.google.com/bot.html)"
66.249.70.86 - - [20/Jul/2021:11:28:33 +0400] "GET /product-category/vneshnij-vid-inomarki/jac-vneshnij-vid-inomarki/amp HTTP/1.1" 200 14758 "-" "Mozilla/5.0 (Linux; Android 6.0.1; Nexus 5X Build/MMB29P) AppleWebKit/537.36 (KHTML, like Gecko) Chrome/91.0.4472.90 Mobile Safari/537.36 (compatible; Googlebot/2.1; +http://www.google.com/bot.html)"
66.249.70.86 - - [20/Jul/2021:11:29:02 +0400] "GET /product/porogi-alyuminievye-s-rezinkoj-v-stile-bmv-dlya-lada-niva-2131 HTTP/1.1" 200 85365 "-" "Mozilla/5.0 (Linux; Android 6.0.1; Nexus 5X Build/MMB29P) AppleWebKit/537.36 (KHTML, like Gecko) Chrome/91.0.4472.90 Mobile Safari/537.36 (compatible; Googlebot/2.1; +http://www.google.com/bot.html)"
172.20.0.1 - - [20/Jul/2021:11:29:43 +0400] "POST /wp-cron.php?doing_wp_cron=1626766183.6218600273132324218750 HTTP/1.1" 200 31 "https://test.ru/wp-cron.php?doing_wp_cron=1626766183.6218600273132324218750" "WordPress/5.5.5; https://test.ru"
66.249.70.88 - - [20/Jul/2021:11:30:15 +0400] "GET /product/kontroller-ebu-yanvar-7-2-21114-1411020-31-avtel-s-programmoj-dm-53-do-54-do-57 HTTP/1.1" 200 84502 "-" "Mozilla/5.0 (Linux; Android 6.0.1; Nexus 5X Build/MMB29P) AppleWebKit/537.36 (KHTML, like Gecko) Chrome/91.0.4472.90 Mobile Safari/537.36 (compatible; Googlebot/2.1; +http://www.google.com/bot.html)"
188.162.11.189 - - [20/Jul/2021:11:31:05 +0400] "POST /?wc-ajax=get_refreshed_fragments HTTP/2.0" 200 488 "https://test.ru/product/karbyurator-4178-1107005-40-dlya-gaz" "Mozilla/5.0 (Linux; U; Android 10; ru-ru; Redmi 9 Build/QP1A.190711.020) AppleWebKit/537.36 (KHTML, like Gecko) Version/4.0 Chrome/71.0.3578.141 Mobile Safari/537.36 XiaoMi/MiuiBrowser/12.4.1-g"
66.249.70.86 - - [20/Jul/2021:11:31:52 +0400] "GET /product-category/elementy-interera/2101-2107-interer/klyuchi/amp HTTP/1.1" 200 12293 "-" "Mozilla/5.0 (Linux; Android 6.0.1; Nexus 5X Build/MMB29P) AppleWebKit/537.36 (KHTML, like Gecko) Chrome/91.0.4472.90 Mobile Safari/537.36 (compatible; Googlebot/2.1; +http://www.google.com/bot.html)"
91.208.20.181 - - [20/Jul/2021:11:32:19 +0400] "POST /wp-admin/admin-ajax.php HTTP/2.0" 200 818 "https://test.ru/product-category/transmissiya/korobki-pereklyucheniya-peredach-kpp/kalina-kpp" "Mozilla/5.0 (Windows NT 6.1) AppleWebKit/537.36 (KHTML, like Gecko) Chrome/91.0.4472.124 Safari/537.36"
109.197.228.132 - - [20/Jul/2021:11:32:48 +0400] "GET /wp-json/pwa-for-wp/v2/pwa-manifest-json HTTP/2.0" 200 375 "https://test.ru/product-category/transmissiya/korobki-pereklyucheniya-peredach-kpp" "Mozilla/5.0 (Windows NT 10.0; Win64; x64) AppleWebKit/537.36 (KHTML, like Gecko) Chrome/91.0.4472.114 YaBrowser/21.6.1.274 Yowser/2.5 Safari/537.36"
66.249.70.86 - - [20/Jul/2021:11:33:05 +0400] "POST /wp-admin/admin-ajax.php HTTP/1.1" 200 1042 "https://test.ru/product-category/vneshnij-vid-inomarki/great-wall-vneshnij-vid-inomarki/great-wall-wingle-3?orderby=price-desc" "Mozilla/5.0 AppleWebKit/537.36 (KHTML, like Gecko; compatible; Googlebot/2.1; +http://www.google.com/bot.html) Chrome/91.0.4472.90 Safari/537.36"
66.249.70.86 - - [20/Jul/2021:11:33:48 +0400] "GET /product/bamper-perednij-ring-lada-priora-2170-pokraska-s-mat-vydel HTTP/1.1" 200 83363 "-" "Mozilla/5.0 (Linux; Android 6.0.1; Nexus 5X Build/MMB29P) AppleWebKit/537.36 (KHTML, like Gecko) Chrome/91.0.4472.90 Mobile Safari/537.36 (compatible; Googlebot/2.1; +http://www.google.com/bot.html)"
185.191.171.42 - - [20/Jul/2021:11:34:19 +0400] "GET /product-category/rejlingi-dlya-inomarok/mazda/mazda-cx-5 HTTP/1.1" 200 68731 "-" "Mozilla/5.0 (compatible; SemrushBot/7~bl; +http://www.semrush.com/bot.html)"
66.249.70.86 - - [20/Jul/2021:11:34:38 +0400] "GET /product/zashhita-zadn-bampera-ugolki-d-63-5-dlya-great-wall-hover-h5-2010-2017-g-2 HTTP/1.1" 200 84330 "-" "Mozilla/5.0 (Linux; Android 6.0.1; Nexus 5X Build/MMB29P) AppleWebKit/537.36 (KHTML, like Gecko) Chrome/91.0.4472.90 Mobile Safari/537.36 (compatible; Googlebot/2.1; +http://www.google.com/bot.html)"
83.220.238.81 - - [20/Jul/2021:11:34:54 +0400] "POST /?wc-ajax=get_refreshed_fragments HTTP/2.0" 200 488 "https://test.ru/checkout/order-received/55135?key=wc_order_O6UIzpV4jO9qK" "Mozilla/5.0 (Linux; arm; Android 10; AGR-L09) AppleWebKit/537.36 (KHTML, like Gecko) Chrome/90.0.4430.216 YaBrowser/21.5.1.120.01 Safari/537.36"
40.77.167.11 - - [20/Jul/2021:11:35:14 +0400] "GET /product/zashhita-porogov-truba-s-prostupyu-d76-iz-nerzhaveyushhej-stali-dlya-kia-sportage-2010-2015-g HTTP/2.0" 200 84540 "-" "Mozilla/5.0 (compatible; bingbot/2.0; +http://www.bing.com/bingbot.htm)"
83.220.238.81 - - [20/Jul/2021:11:35:32 +0400] "GET /wp-json/pwa-for-wp/v2/pwa-manifest-json HTTP/2.0" 200 375 "https://test.ru/wishlist" "Mozilla/5.0 (Linux; arm; Android 10; AGR-L09) AppleWebKit/537.36 (KHTML, like Gecko) Chrome/90.0.4430.216 YaBrowser/21.5.1.120.01 Safari/537.36"
66.249.70.88 - - [20/Jul/2021:11:35:54 +0400] "GET /product-category/vneshnij-vid-lada/lada-4x4-dop/dugi-na-kryshu-lada-4x4 HTTP/1.1" 200 65446 "-" "Mozilla/5.0 (compatible; Googlebot/2.1; +http://www.google.com/bot.html)"
85.140.2.151 - - [20/Jul/2021:11:36:20 +0400] "POST /?wc-ajax=get_refreshed_fragments HTTP/2.0" 200 488 "https://test.ru/product/stojka-perednyaya-kalina-1118-dlya-konicheskoj-pruzhiny-gaz-seriya-komfort" "Mozilla/5.0 (Windows NT 6.1; Win64; x64) AppleWebKit/537.36 (KHTML, like Gecko) Chrome/91.0.4472.124 Safari/537.36"
66.249.70.86 - - [20/Jul/2021:11:37:12 +0400] "GET /product/porogi-bumer-alyuminievye-s-rezinkoj-iz-nerzhaveyushhej-stali-dlya-kia-sportage-2016-2018-n-v/feed HTTP/1.1" 200 1144 "-" "Mozilla/5.0 (compatible; Googlebot/2.1; +http://www.google.com/bot.html)"
66.249.70.88 - - [20/Jul/2021:11:38:16 +0400] "GET /goods-goods/8642ikxlgdz001303747.htm HTTP/1.1" 404 33903 "-" "Mozilla/5.0 (Linux; Android 6.0.1; Nexus 5X Build/MMB29P) AppleWebKit/537.36 (KHTML, like Gecko) Chrome/91.0.4472.90 Mobile Safari/537.36 (compatible; Googlebot/2.1; +http://www.google.com/bot.html)"
5.255.253.144 - - [20/Jul/2021:11:38:51 +0400] "GET /reviews HTTP/1.1" 200 62625 "-" "Mozilla/5.0 (compatible; YandexBot/3.0; +http://yandex.com/bots)"
5.255.253.144 - - [20/Jul/2021:11:39:08 +0400] "GET /cart HTTP/1.1" 200 41215 "-" "Mozilla/5.0 (compatible; YandexBot/3.0; +http://yandex.com/bots)"
66.249.70.86 - - [20/Jul/2021:11:40:08 +0400] "GET /onesmart/7442pgnn4549292089578.htm HTTP/1.1" 404 33904 "-" "Mozilla/5.0 (Linux; Android 6.0.1; Nexus 5X Build/MMB29P) AppleWebKit/537.36 (KHTML, like Gecko) Chrome/91.0.4472.90 Mobile Safari/537.36 (compatible; Googlebot/2.1; +http://www.google.com/bot.html)"
5.255.253.144 - - [20/Jul/2021:11:40:44 +0400] "GET /product-category/transmissiya/korobki-pereklyucheniya-peredach-kpp/lada-4x4-kpp HTTP/1.1" 200 67408 "-" "Mozilla/5.0 (compatible; YandexBot/3.0; +http://yandex.com/bots)"
5.255.231.93 - - [20/Jul/2021:11:41:01 +0400] "GET /product/originalnye-ramki-ptf-dlya-lada-granta-fl?add-to-cart=33674 HTTP/1.1" 200 83997 "-" "Mozilla/5.0 (compatible; YandexBot/3.0; +http://yandex.com/bots)"
5.255.231.93 - - [20/Jul/2021:11:41:23 +0400] "GET /product-category/elementy-interera/x-ray-interer/ruli-x-ray-interer HTTP/1.1" 200 65759 "-" "Mozilla/5.0 (compatible; YandexBot/3.0; +http://yandex.com/bots)"
40.77.167.25 - - [20/Jul/2021:11:41:56 +0400] "GET /product-category/transmissiya/korobki-pereklyucheniya-peredach-kpp/chevrolet-niva-kpp HTTP/2.0" 200 68951 "-" "Mozilla/5.0 (compatible; bingbot/2.0; +http://www.bing.com/bingbot.htm)"
5.255.253.144 - - [20/Jul/2021:11:42:40 +0400] "GET /product-category/transmissiya/razdatochnye-korobki HTTP/1.1" 200 81729 "-" "Mozilla/5.0 (compatible; YandexBot/3.0; +http://yandex.com/bots)"
5.255.253.144 - - [20/Jul/2021:11:43:06 +0400] "GET /product-category/elektrika-i-elektronika/ehlektronnye-bloki-upravleniya/kontrollery-ebu-yanvar HTTP/1.1" 200 77167 "-" "Mozilla/5.0 (compatible; YandexBot/3.0; +http://yandex.com/bots)"
66.249.70.88 - - [20/Jul/2021:11:43:43 +0400] "GET /kougland33/619mflzts_4961251.htm HTTP/1.1" 404 33912 "-" "Mozilla/5.0 (Linux; Android 6.0.1; Nexus 5X Build/MMB29P) AppleWebKit/537.36 (KHTML, like Gecko) Chrome/91.0.4472.90 Mobile Safari/537.36 (compatible; Googlebot/2.1; +http://www.google.com/bot.html)"
5.255.253.144 - - [20/Jul/2021:11:44:15 +0400] "GET /product-category/vneshnij-vid-lada/lada-4x4-dop HTTP/1.1" 200 80746 "-" "Mozilla/5.0 (compatible; YandexBot/3.0; +http://yandex.com/bots)"
66.249.70.86 - - [20/Jul/2021:11:44:41 +0400] "GET /product/nakladka-na-zadnij-bamper-chyornoe-tisnenie-abs-lada-granta-sedan-2011-01900210 HTTP/1.1" 200 84186 "-" "Mozilla/5.0 (Linux; Android 6.0.1; Nexus 5X Build/MMB29P) AppleWebKit/537.36 (KHTML, like Gecko) Chrome/91.0.4472.90 Mobile Safari/537.36 (compatible; Googlebot/2.1; +http://www.google.com/bot.html)"
66.249.70.86 - - [20/Jul/2021:11:45:11 +0400] "GET /benefit2001/13832lmlnol291353r.htm HTTP/1.1" 404 33890 "-" "Mozilla/5.0 (Linux; Android 6.0.1; Nexus 5X Build/MMB29P) AppleWebKit/537.36 (KHTML, like Gecko) Chrome/91.0.4472.90 Mobile Safari/537.36 (compatible; Googlebot/2.1; +http://www.google.com/bot.html)"
66.249.70.88 - - [20/Jul/2021:11:45:34 +0400] "GET /product/akusticheskaya-polka-s-bokovinami-na-lada-kalina-hetchbek/amp HTTP/1.1" 200 55982 "-" "Mozilla/5.0 (Linux; Android 6.0.1; Nexus 5X Build/MMB29P) AppleWebKit/537.36 (KHTML, like Gecko) Chrome/91.0.4472.90 Mobile Safari/537.36 (compatible; Googlebot/2.1; +http://www.google.com/bot.html)"
109.169.255.116 - - [20/Jul/2021:11:46:09 +0400] "GET /wp-admin/admin-ajax.php?action=woodmart_wishlist_number HTTP/2.0" 200 21 "https://test.ru/product/reduktor-perednego-mosta-lada-niva-2121-21213-21214-2131-4" "Mozilla/5.0 (Windows NT 6.1; Win64; x64) AppleWebKit/537.36 (KHTML, like Gecko) Chrome/91.0.4472.124 Safari/537.36"
5.255.253.144 - - [20/Jul/2021:11:46:31 +0400] "GET /booxstore/18186duhnbk-4895926915.htm HTTP/1.1" 404 33901 "-" "Mozilla/5.0 (compatible; YandexBot/3.0; +http://yandex.com/bots)"
66.249.70.90 - - [20/Jul/2021:11:46:46 +0400] "GET /product-category/transmissiya/kardany/chevrolet-niva-kardany/amp HTTP/1.1" 200 18917 "-" "Mozilla/5.0 (Linux; Android 6.0.1; Nexus 5X Build/MMB29P) AppleWebKit/537.36 (KHTML, like Gecko) Chrome/91.0.4472.90 Mobile Safari/537.36 (compatible; Googlebot/2.1; +http://www.google.com/bot.html)"
66.249.70.88 - - [20/Jul/2021:11:47:09 +0400] "GET /product/bamper-zadnij-xmug-pod-razdvoennyj-glushitel-dlya-lada-vesta-vesta-sv HTTP/1.1" 200 83532 "-" "Mozilla/5.0 (Linux; Android 6.0.1; Nexus 5X Build/MMB29P) AppleWebKit/537.36 (KHTML, like Gecko) Chrome/91.0.4472.90 Mobile Safari/537.36 (compatible; Googlebot/2.1; +http://www.google.com/bot.html)"
188.235.60.203 - - [20/Jul/2021:11:47:53 +0400] "GET /product/kontroller-ebu-yanvar-11183-1411020-02-itelma HTTP/2.0" 200 83433 "https://www.google.com/" "Mozilla/5.0 (Windows NT 10.0; WOW64) AppleWebKit/537.36 (KHTML, like Gecko) Chrome/86.0.4240.198 Safari/537.36"
66.249.70.86 - - [20/Jul/2021:11:48:13 +0400] "GET /product/nakladka-na-zadnij-bamper-chyornoe-tisnenie-abs-lada-granta-sedan-2011-01900210/amp HTTP/1.1" 200 56004 "-" "Mozilla/5.0 (Linux; Android 6.0.1; Nexus 5X Build/MMB29P) AppleWebKit/537.36 (KHTML, like Gecko) Chrome/91.0.4472.90 Mobile Safari/537.36 (compatible; Googlebot/2.1; +http://www.google.com/bot.html)"
176.59.209.38 - - [20/Jul/2021:11:48:26 +0400] "GET /my-account?TURBO_ID=a%3Ada7f734b1f2d68bff75354910740623fdd4763bdeb670bfcdcf8e517f41a27a1&date=1626767310205 HTTP/2.0" 200 39122 "https://test.ru.turbopages.org/" "Mozilla/5.0 (Linux; arm; Android 10; DUA-LX9) AppleWebKit/537.36 (KHTML, like Gecko) Chrome/86.0.4240.198 YaApp_Android/20.111.1 YaSearchBrowser/20.111.1 BroPP/1.0 SA/3 Mobile Safari/537.36"
172.20.0.1 - - [20/Jul/2021:11:48:52 +0400] "POST /wp-cron.php?doing_wp_cron=1626767332.8539519309997558593750 HTTP/1.1" 200 31 "https://test.ru/wp-cron.php?doing_wp_cron=1626767332.8539519309997558593750" "WordPress/5.5.5; https://test.ru"
141.8.142.85 - - [20/Jul/2021:11:49:20 +0400] "GET /wp-content/plugins/yith-woocommerce-wishlist/assets/fonts/fontawesome-webfont.woff2?v=4.7.0 HTTP/1.1" 200 77160 "https://test.ru/wp-content/plugins/yith-woocommerce-wishlist/assets/css/font-awesome.css?ver=4.7.0" "Mozilla/5.0 (compatible; YandexBot/3.0; +http://yandex.com/bots) AppleWebKit/537.36 (KHTML, like Gecko) Chrome/81.0.4044.268"
207.46.13.141 - - [20/Jul/2021:11:49:35 +0400] "GET /product/podlokotnik-standart-priora HTTP/2.0" 200 81676 "-" "Mozilla/5.0 (compatible; bingbot/2.0; +http://www.bing.com/bingbot.htm)"
172.20.0.1 - - [20/Jul/2021:11:50:01 +0400] "POST /wp-cron.php?doing_wp_cron=1626767401.0587489604949951171875 HTTP/1.1" 200 31 "https://test.ru/wp-cron.php?doing_wp_cron=1626767401.0587489604949951171875" "WordPress/5.5.5; https://test.ru"
176.59.197.79 - - [20/Jul/2021:11:50:26 +0400] "GET /my-account?TURBO_ID=u%3Afead517b3069e0c3b00d8dfd0b522191a3102300521f5e6bd0154064e9263e4a&date=1626774586627 HTTP/2.0" 200 39130 "https://test.ru.turbopages.org/" "Mozilla/5.0 (Linux; arm_64; Android 8.1.0; ZTE BLADE A530) AppleWebKit/537.36 (KHTML, like Gecko) Chrome/90.0.4430.216 YaApp_Android/21.54.1 YaSearchBrowser/21.54.1 BroPP/1.0 SA/3 Mobile Safari/537.36"
212.164.38.146 - - [20/Jul/2021:11:50:38 +0400] "GET /contacts HTTP/2.0" 200 44735 "https://test.ru/product/stojki-perednie-gazomaslyannye-demfi-komfort-na-vaz-2108-21099-2113-2115" "Mozilla/5.0 (Windows NT 6.1; WOW64) AppleWebKit/537.36 (KHTML, like Gecko) Chrome/91.0.4472.114 YaBrowser/21.6.1.271 Yowser/2.5 Safari/537.36"
66.249.70.88 - - [20/Jul/2021:11:50:57 +0400] "GET /product/mahovik-dlya-vaz-2101-2107/amp HTTP/1.1" 200 51055 "-" "Mozilla/5.0 (Linux; Android 6.0.1; Nexus 5X Build/MMB29P) AppleWebKit/537.36 (KHTML, like Gecko) Chrome/91.0.4472.90 Mobile Safari/537.36 (compatible; Googlebot/2.1; +http://www.google.com/bot.html)"
66.249.70.86 - - [20/Jul/2021:11:51:26 +0400] "GET /product/dver-zadnyaya-pravaya-novogo-obraztsa-v-tsvet-na-shevrole-niva-restajling-posle-2009-g-v HTTP/1.1" 200 83675 "-" "Mozilla/5.0 (compatible; Googlebot/2.1; +http://www.google.com/bot.html)"
66.249.70.88 - - [20/Jul/2021:11:51:50 +0400] "GET /news/lada-niva-kabriolet-za-4000-evro-prodaetsya-v-italii/amp HTTP/1.1" 200 15726 "-" "Mozilla/5.0 (Linux; Android 6.0.1; Nexus 5X Build/MMB29P) AppleWebKit/537.36 (KHTML, like Gecko) Chrome/91.0.4472.90 Mobile Safari/537.36 (compatible; Googlebot/2.1; +http://www.google.com/bot.html)"
66.249.70.86 - - [20/Jul/2021:11:52:16 +0400] "POST /wp-admin/admin-ajax.php HTTP/1.1" 200 699 "https://test.ru/product/porogi-trofi-s-metallicheskim-listom-dlya-2123-chevrolet-niva-vypuska-do-2009g-0168" "Mozilla/5.0 AppleWebKit/537.36 (KHTML, like Gecko; compatible; Googlebot/2.1; +http://www.google.com/bot.html) Chrome/91.0.4472.90 Safari/537.36"
66.249.70.90 - - [20/Jul/2021:11:52:55 +0400] "GET /product/zashhita-zadnego-bampera-dvojnaya-uglovaya-63-51-mm-ppk-great-wall-hover-h5-2011-13051302 HTTP/1.1" 200 86237 "-" "Mozilla/5.0 (compatible; Googlebot/2.1; +http://www.google.com/bot.html)"
88.200.246.221 - - [20/Jul/2021:11:53:18 +0400] "GET /wp-json/wc-analytics/products/reviews?page=1&per_page=1&status=hold&_locale=user HTTP/2.0" 200 495 "https://test.ru/wp-admin/edit-tags.php?taxonomy=product_cat&post_type=product" "Mozilla/5.0 (Windows NT 10.0; Win64; x64) AppleWebKit/537.36 (KHTML, like Gecko) Chrome/91.0.4472.164 Safari/537.36"
66.249.70.88 - - [20/Jul/2021:11:53:39 +0400] "POST /wp-admin/admin-ajax.php HTTP/1.1" 200 881 "https://test.ru/product-category/vneshnij-vid-lada/kalina-dop/obtekateli-na-kapot" "Mozilla/5.0 AppleWebKit/537.36 (KHTML, like Gecko; compatible; Googlebot/2.1; +http://www.google.com/bot.html) Chrome/91.0.4472.90 Safari/537.36"
66.249.70.88 - - [20/Jul/2021:11:53:58 +0400] "GET /product/rejlingi-renault-sandero-new-polimer-chernyj HTTP/1.1" 200 86299 "-" "Mozilla/5.0 (compatible; Googlebot/2.1; +http://www.google.com/bot.html)"
88.200.246.221 - - [20/Jul/2021:11:54:27 +0400] "GET /wp-admin/load-styles.php?c=0&dir=ltr&load%5Bchunk_0%5D=dashicons,wp-jquery-ui-dialog,admin-bar,buttons,media-views,common,forms,admin-menu,dashboard,list-tables,edit,revisions,media,t&load%5Bchunk_1%5D=hemes,about,nav-menus,wp-pointer,widgets,site-icon,l10n,wp-auth-check,wp-color-picker,wp-components&ver=5.5.5 HTTP/2.0" 200 149097 "https://test.ru/wp-admin/post.php?post=56320&action=edit&classic-editor" "Mozilla/5.0 (Windows NT 10.0; Win64; x64) AppleWebKit/537.36 (KHTML, like Gecko) Chrome/91.0.4472.164 Safari/537.36"
40.77.167.46 - - [20/Jul/2021:11:54:42 +0400] "GET /product-category/elementy-interera/2108-21099-interer HTTP/2.0" 404 33881 "-" "Mozilla/5.0 (compatible; bingbot/2.0; +http://www.bing.com/bingbot.htm)"
66.249.70.88 - - [20/Jul/2021:11:55:04 +0400] "GET /product/kryshka-bardachka-lada-4x4-neobhodima-pri-ustanovke-paneli-priborov-lada-4x4-comfort/amp HTTP/1.1" 301 5 "-" "Mozilla/5.0 (Linux; Android 6.0.1; Nexus 5X Build/MMB29P) AppleWebKit/537.36 (KHTML, like Gecko) Chrome/91.0.4472.90 Mobile Safari/537.36 (compatible; Googlebot/2.1; +http://www.google.com/bot.html)"
172.20.0.1 - - [20/Jul/2021:11:55:28 +0400] "POST /wp-admin/admin-ajax.php?action=wp_example_process&nonce=c4b0abf240 HTTP/1.1" 499 0 "https://test.ru/wp-admin/admin-ajax.php?action=wp_example_process&nonce=c4b0abf240" "WordPress/5.5.5; https://test.ru"
5.255.253.144 - - [20/Jul/2021:11:55:58 +0400] "GET /product/kontroller-ebu-bosch-21114-1411020-30-vs-7-9-7 HTTP/1.1" 200 82980 "-" "Mozilla/5.0 (compatible; YandexBot/3.0; +http://yandex.com/bots)"
66.249.70.88 - - [20/Jul/2021:11:56:32 +0400] "GET /product/komplekt-obivki-sidenij-chernaya-iskrinka-eto-ne-chehly-dlya-lada-kalina HTTP/1.1" 200 85969 "-" "Mozilla/5.0 (compatible; Googlebot/2.1; +http://www.google.com/bot.html)"
185.191.171.20 - - [20/Jul/2021:11:56:58 +0400] "GET /robots.txt HTTP/1.1" 200 126 "-" "Mozilla/5.0 (compatible; SemrushBot/7~bl; +http://www.semrush.com/bot.html)"
66.249.70.86 - - [20/Jul/2021:11:57:23 +0400] "GET /product/zashhita-zadn-bampera-ugolki-dvojnye-d76-51-lexus-lx-450d-krash-1905-k HTTP/1.1" 301 5 "-" "Mozilla/5.0 (compatible; Googlebot/2.1; +http://www.google.com/bot.html)"
85.26.232.136 - - [20/Jul/2021:11:57:52 +0400] "GET /product-category/elektrika-i-elektronika/ehlektronnye-bloki-upravleniya/kontrollery-ebu-pod-e-gaz/priora-dop-kontrollery-ebu-pod-e-gaz HTTP/2.0" 200 71675 "https://yandex.ru/clck/jsredir?from=yandex.ru%3Bsearch%2F%3Bweb%3B%3B&text=&etext=2202.llxV784JKzXZePuW1qjbWzXykdErQANyEZOj6cxAtzhmdGpveXZ1bm5nZnNjamhk.44e2fbe38bb201fd5fd61e911c50650370299d07&uuid=&state=jLT9ScZ_wbo,&&cst=AiuY0DBWFJ5fN_r-AEszk-Me4rYRa3jJXdasf42w4WjD4T-vojs0w2LFbMPLVdlE2pOsNV16k7H6i8i9iV3GX9Ts2FqGP6QagMb8XIClqoc1ZGvIQd0HrfioNOrYg6vbQ-QOA4qLaViDJeSytxW7N_7yNAaHrQOcEXkXLD-hgGf-3yL3fKij9uymYaxChR36GoYseFMnAwnwBCNFPaaYGCNCNWbWHpxMk0UiF6imiEndZbJTNwYzMxdFWCMHyojcRgL6WWYA7QqaEoEiemFvZsU6Fb05zT51g3BtJBiimZznObNwPyohA5svvuDgM0xS7Hms-MDi2XkWxUTY4RnMGTc6sHblzAgSPdiotAxeMtTZpjNU2oQ6dZKD5cpTbGAWAHcHloG85Yit5spE_JjsCUjY0_3uDDBasCjCZoDW3Chxg95ufXEW7kam3SAz-KtlrR816muJcPsw0jUFPXDeplw77qhrlnAO5rd2DG-DJ_H2DKd0j4Ifyhbv3Rs_-mdSmKCmxiK6y12hew_5Cd6ZKk4shUhdg-1GKksTM2EALzx1TDGUXqiHkAlK7vcsJhL-55E0VG6yVmcCCmXL0DdrBf9Jnm8yodq-yLLaSgDhB2IPdiFF4-Dg1yyspaNMxoOJx9S7F6JhOa83ip8A9QAWfCVgkOPRIieHEXQk05kjZF5MrhwGWFD6WytcR-RFEd9T_Qwe7Q8IVm2s2F3TJ3iBvoTd9rbFwkGbWXo47ilv1RjEGTwXhjwVD0TGJLMxVMeC5NSYbOgZAvRZBHyUVHjKsw,,&data=UlNrNmk5WktYejY4cHFySjRXSWhXSE1OSldTSUtRWjJGaGhjYTBvMmVHREt3UHdnR1ZpSzh6cTZQTUlwTkVXX2hNT2JqNDFhYU9SMXN1MFFfQ2xoUk1rV2F2XzRmelA1bTJxRktaMEh2N3N6VUxVUVRUM3Q3amYybG1iZ2xKNGw0ckM5NG1tZVZJUmNxYVhWWUYyRGp3U0NtSEl6Z3FyOTFnaTNWVjZBQ0tBZHgwN25vSkxYUlVjckc1UTQzZVBTWXlvX0dBM3ZRU2FqWmNtTFR6WlRncXhVd2JBSURQWnFMbjlONjBPYTlULUJmd05lX01wdDllZkdXbzQ5OV96ZXR0Z3ZxeTExUjRXdl93LWQ1WldyZFJSUS1sYTVkN2xv&sign=7c065d9409b28f5f828078f63268c0a8&keyno=0&b64e=2&ref=orjY4mGPRjk5boDnW0uvlrrd71vZw9kpVBUyA8nmgREwd-PdAAvNni23uMTO7PxW8MCH0nV8KqMib4W9Ip7AiYmHLI-ZlCOAMKA_1bab_w9b9q7jQ73mKkyE1LO-NrxUyrXeOU-a7tKxFpaXb_S3lQ,,&l10n=ru&cts=1626767871382%40%40events%3D%5B%7B%22event%22%3A%22click%22%2C%22id%22%3A%22hfsnw0a-00%22%2C%22cts%22%3A1626767871382%2C%22fast%22%3A%7B%22organic%22%3A1%7D%2C%22service%22%3A%22web%22%2C%22event-id%22%3A%22krbrl6zaoa%22%7D%5D&mc=2.503258334775646&hdtime=7528" "Mozilla/5.0 (Windows NT 10.0; Win64; x64; rv:89.0) Gecko/20100101 Firefox/89.0"
176.59.122.63 - - [20/Jul/2021:11:58:47 +0400] "GET /product-category/transmissiya/reduktory-mostov HTTP/2.0" 200 76870 "http://yandex.ru/searchapp?text=" "Mozilla/5.0 (Linux; arm_64; Android 10; RMX1921) AppleWebKit/537.36 (KHTML, like Gecko) Chrome/90.0.4430.93 YaApp_Android/21.50.1 YaSearchBrowser/21.50.1 BroPP/1.0 SA/3 Mobile Safari/537.36"
66.249.70.86 - - [20/Jul/2021:11:59:07 +0400] "GET /product/42381 HTTP/1.1" 200 87475 "-" "Mozilla/5.0 (Linux; Android 6.0.1; Nexus 5X Build/MMB29P) AppleWebKit/537.36 (KHTML, like Gecko) Chrome/91.0.4472.90 Mobile Safari/537.36 (compatible; Googlebot/2.1; +http://www.google.com/bot.html)"
172.20.0.1 - - [20/Jul/2021:11:59:55 +0400] "POST /wp-cron.php?doing_wp_cron=1626767995.9514949321746826171875 HTTP/1.1" 200 31 "https://test.ru/wp-cron.php?doing_wp_cron=1626767995.9514949321746826171875" "WordPress/5.5.5; https://test.ru"
66.249.70.88 - - [20/Jul/2021:12:00:34 +0400] "GET /product-category/optika/amp HTTP/1.1" 200 18082 "-" "Mozilla/5.0 (Linux; Android 6.0.1; Nexus 5X Build/MMB29P) AppleWebKit/537.36 (KHTML, like Gecko) Chrome/91.0.4472.90 Mobile Safari/537.36 (compatible; Googlebot/2.1; +http://www.google.com/bot.html)"
5.255.253.144 - - [20/Jul/2021:12:01:15 +0400] "GET /feed/turbo/?paged=7 HTTP/1.1" 200 129647 "-" "Mozilla/5.0 (compatible; YandexTurbo/1.0; +http://yandex.com/bots)"
5.45.207.72 - - [20/Jul/2021:12:01:43 +0400] "GET /product/remen-grm-s-rolikami-gates-original-na-8-kl-dlya-lada-priora-kalina-2-granta HTTP/1.1" 200 86051 "-" "Mozilla/5.0 (compatible; YandexBot/3.0; +http://yandex.com/bots)"
66.249.70.86 - - [20/Jul/2021:12:02:08 +0400] "GET /product/perednij-reduktor-dlya-lada-niva-4h4-2 HTTP/1.1" 200 83239 "-" "Mozilla/5.0 (Linux; Android 6.0.1; Nexus 5X Build/MMB29P) AppleWebKit/537.36 (KHTML, like Gecko) Chrome/91.0.4472.90 Mobile Safari/537.36 (compatible; Googlebot/2.1; +http://www.google.com/bot.html)"
31.172.213.6 - - [20/Jul/2021:12:03:12 +0400] "GET /wp-json/pwa-for-wp/v2/pwa-manifest-json HTTP/2.0" 200 375 "https://test.ru/product/knopka-vklyucheniya-perednih-protivotumannyh-far-vaz-2113-2114-2115" "Mozilla/5.0 (Windows NT 10.0; Win64; x64) AppleWebKit/537.36 (KHTML, like Gecko) Chrome/91.0.4472.124 Safari/537.36"
5.255.231.93 - - [20/Jul/2021:12:03:38 +0400] "GET /feed/turbo/?paged=2 HTTP/1.1" 200 80495 "-" "Mozilla/5.0 (compatible; YandexTurbo/1.0; +http://yandex.com/bots)"
5.255.253.144 - - [20/Jul/2021:12:04:05 +0400] "GET /product-category/transmissiya/kardany/chevrolet-niva-kardany HTTP/1.1" 200 76439 "-" "Mozilla/5.0 (compatible; YandexBot/3.0; +http://yandex.com/bots)"
46.39.21.35 - - [20/Jul/2021:12:04:29 +0400] "GET /wp-json/pwa-for-wp/v2/pwa-manifest-json HTTP/2.0" 200 375 "https://test.ru/" "Mozilla/5.0 (Linux; Android 11; SAMSUNG SM-A705FN) AppleWebKit/537.36 (KHTML, like Gecko) SamsungBrowser/14.2 Chrome/87.0.4280.141 Mobile Safari/537.36"
157.55.39.26 - - [20/Jul/2021:12:05:18 +0400] "GET /?d946796caQSffjotf201p-d%2Frqd8f36abp-d%2FrqIvKUgqswi625740_pub HTTP/2.0" 200 83304 "-" "Mozilla/5.0 (compatible; bingbot/2.0; +http://www.bing.com/bingbot.htm)"
66.249.70.88 - - [20/Jul/2021:12:05:54 +0400] "GET /product/zashhita-pered-bampera-nizkaya-d63-5-mitsubishi-pajero-iv-nerzh-0611-h/amp HTTP/1.1" 200 55278 "-" "Mozilla/5.0 (Linux; Android 6.0.1; Nexus 5X Build/MMB29P) AppleWebKit/537.36 (KHTML, like Gecko) Chrome/91.0.4472.90 Mobile Safari/537.36 (compatible; Googlebot/2.1; +http://www.google.com/bot.html)"
172.20.0.1 - - [20/Jul/2021:12:06:42 +0400] "POST /wp-cron.php?doing_wp_cron=1626768402.5297749042510986328125 HTTP/1.1" 200 31 "https://test.ru/wp-cron.php?doing_wp_cron=1626768402.5297749042510986328125" "WordPress/5.5.5; https://test.ru"
45.15.73.129 - - [20/Jul/2021:12:07:31 +0400] "GET /product/amortizator-zadnij-gidravlicheskij-usilennyj-ot-nivy-bronto-212182-2915402-dlya-lada-4h4 HTTP/1.1" 200 96840 "-" "Mozilla/5.0 (Windows NT 10.0; WOW64) AppleWebKit/537.36 (KHTML, like Gecko) Chrome/81.0.4044.138 Safari/537.36 OPR/68.0.3618.165 (Edition utorrent)"
94.25.178.98 - - [20/Jul/2021:12:08:07 +0400] "GET /my-account?TURBO_ID=u%3A3824e61d0e62a96f52cf9477fbd4a0ee2609a6e1566b799441f19b9c4482ba3e&date=1626768486606 HTTP/2.0" 200 39125 "https://test.ru.turbopages.org/" "Mozilla/5.0 (Linux; arm_64; Android 8.0.0; AUM-L41) AppleWebKit/537.36 (KHTML, like Gecko) Chrome/90.0.4430.216 YaBrowser/21.5.6.56.00 SA/3 Mobile Safari/537.36"
185.191.171.40 - - [20/Jul/2021:12:08:46 +0400] "GET /product/tsentralnaya-konsol-2din-chernaya-na-lada-priora HTTP/1.1" 200 83372 "-" "Mozilla/5.0 (compatible; SemrushBot/7~bl; +http://www.semrush.com/bot.html)"
66.249.70.86 - - [20/Jul/2021:12:09:32 +0400] "GET /product/svetodiodnye-podfarniki-dlaa-s-dho-i-begayushhim-i-povorotnikom-dlya-lada-niva-4h4-urban HTTP/1.1" 200 85339 "-" "Mozilla/5.0 (Linux; Android 6.0.1; Nexus 5X Build/MMB29P) AppleWebKit/537.36 (KHTML, like Gecko) Chrome/91.0.4472.90 Mobile Safari/537.36 (compatible; Googlebot/2.1; +http://www.google.com/bot.html)"
66.249.70.86 - - [20/Jul/2021:12:10:00 +0400] "GET /product/usilitel-zadnego-bampera-lada-priora-hetbek HTTP/1.1" 200 82702 "-" "Mozilla/5.0 (compatible; Googlebot/2.1; +http://www.google.com/bot.html)"
5.255.253.144 - - [20/Jul/2021:12:10:47 +0400] "GET /product/kenguryatnik-iz-nerzhaveyushhej-stali-verh-s-truboj-d63-5-c-dopolnitelnoj-zashhitoj-dvigatelya-dlya-niva-urban HTTP/1.1" 200 85094 "-" "Mozilla/5.0 (compatible; YandexBot/3.0; +http://yandex.com/bots)"
66.249.70.86 - - [20/Jul/2021:12:11:23 +0400] "GET /product/farkop-s-nerzhaveyushhej-nakladkoj-nissan-x-trail-2007-2013-semnyj-kvadrat HTTP/1.1" 200 84999 "-" "Mozilla/5.0 (Linux; Android 6.0.1; Nexus 5X Build/MMB29P) AppleWebKit/537.36 (KHTML, like Gecko) Chrome/91.0.4472.90 Mobile Safari/537.36 (compatible; Googlebot/2.1; +http://www.google.com/bot.html)"
85.249.24.233 - - [20/Jul/2021:12:11:52 +0400] "GET /wp-json/pwa-for-wp/v2/pwa-manifest-json HTTP/2.0" 200 375 "https://test.ru/product/komplekt-obivki-sidenij-termotisnenie-skif-eto-ne-chehly-dlya-lada-kalina" "Mozilla/5.0 (Linux; Android 8.0.0; PRA-TL10) AppleWebKit/537.36 (KHTML, like Gecko) Chrome/91.0.4472.164 Mobile Safari/537.36"
141.8.142.85 - - [20/Jul/2021:12:12:24 +0400] "GET /?p=51314 HTTP/1.1" 301 5 "-" "Mozilla/5.0 (compatible; YandexBot/3.0; +http://yandex.com/bots)"
5.255.253.144 - - [20/Jul/2021:12:12:43 +0400] "GET /product/kenguryatnik-iz-nerzhaveyushhej-stali-verh-s-truboj-d63-5-c-dopolnitelnoj-zashhitoj-dvigatelya-dlya-niva-urban?add_to_wishlist=25063 HTTP/1.1" 200 85392 "-" "Mozilla/5.0 (compatible; YandexBot/3.0; +http://yandex.com/bots)"
5.255.253.144 - - [20/Jul/2021:12:13:11 +0400] "GET /product-category/transmissiya/kardany/lada-4x4-kardany HTTP/1.1" 200 73677 "-" "Mozilla/5.0 (compatible; YandexBot/3.0; +http://yandex.com/bots)"
66.249.70.86 - - [20/Jul/2021:12:13:29 +0400] "GET /about-us HTTP/1.1" 200 40254 "-" "Mozilla/5.0 (Linux; Android 6.0.1; Nexus 5X Build/MMB29P) AppleWebKit/537.36 (KHTML, like Gecko) Chrome/91.0.4472.90 Mobile Safari/537.36 (compatible; Googlebot/2.1; +http://www.google.com/bot.html)"
5.255.253.144 - - [20/Jul/2021:12:13:43 +0400] "GET /checkout/order-received/52449?key=wc_order_FGbiMZW9AywS4 HTTP/1.1" 200 42513 "-" "Mozilla/5.0 (compatible; YandexBot/3.0; +http://yandex.com/bots)"
5.255.253.144 - - [20/Jul/2021:12:14:10 +0400] "GET /product-category/podveska/stojki-amortizatory-pruzhiny/vaz-2113-2114-2115-stojki-amortizatory-pruzhiny HTTP/1.1" 200 73992 "-" "Mozilla/5.0 (compatible; YandexBot/3.0; +http://yandex.com/bots)"
5.255.231.93 - - [20/Jul/2021:12:14:29 +0400] "GET /product-category/transmissiya/korobki-pereklyucheniya-peredach-kpp/lada-4x4-kpp HTTP/1.1" 200 67408 "-" "Mozilla/5.0 (compatible; YandexBot/3.0; +http://yandex.com/bots)"
5.255.253.144 - - [20/Jul/2021:12:14:41 +0400] "GET /wp-content/uploads/feed-yml-0.xml HTTP/1.1" 200 1147821 "-" "Mozilla/5.0 (compatible; YandexTurbo/1.0; +http://yandex.com/bots)"
66.249.70.88 - - [20/Jul/2021:12:14:57 +0400] "GET /product/chashki-pruzhiny-nizhnie-dorabotannye-perednej-podveski-iz-lift-komplekta-dlya-lada-niva-4h4-urban HTTP/1.1" 200 84079 "-" "Mozilla/5.0 (Linux; Android 6.0.1; Nexus 5X Build/MMB29P) AppleWebKit/537.36 (KHTML, like Gecko) Chrome/91.0.4472.90 Mobile Safari/537.36 (compatible; Googlebot/2.1; +http://www.google.com/bot.html)"
207.46.13.46 - - [20/Jul/2021:12:15:18 +0400] "GET /product-category/vneshnij-vid-lada/lada-4x4-dop/zashhita-porogov-porogi-lada-4x4 HTTP/2.0" 200 77821 "-" "Mozilla/5.0 (compatible; bingbot/2.0; +http://www.bing.com/bingbot.htm)"
5.255.231.93 - - [20/Jul/2021:12:15:29 +0400] "GET /product-category/elementy-interera/lada-4x4-interer/panel-torpedo-lada-4x4 HTTP/1.1" 200 77203 "-" "Mozilla/5.0 (compatible; YandexBot/3.0; +http://yandex.com/bots)"
66.249.70.88 - - [20/Jul/2021:12:15:57 +0400] "GET /product/nakladka-na-panel-vaz-2110-2111-2112-starogo-obraztsa/amp HTTP/1.1" 200 55632 "-" "Mozilla/5.0 (Linux; Android 6.0.1; Nexus 5X Build/MMB29P) AppleWebKit/537.36 (KHTML, like Gecko) Chrome/91.0.4472.90 Mobile Safari/537.36 (compatible; Googlebot/2.1; +http://www.google.com/bot.html)"
178.218.98.80 - - [20/Jul/2021:12:16:27 +0400] "GET /my-account?TURBO_ID=u%3A1a9a58575c4f32da34f328d1a97358a1a75e0a1e1a9506bced93b3e0c18c62e0&date=1626768985148 HTTP/2.0" 200 39106 "https://test.ru.turbopages.org/" "Mozilla/5.0 (Linux; arm; Android 9; JAT-LX1) AppleWebKit/537.36 (KHTML, like Gecko) Chrome/90.0.4430.216 YaApp_Android/21.56.1 YaSearchBrowser/21.56.1 BroPP/1.0 SA/3 Mobile Safari/537.36"
178.218.98.80 - - [20/Jul/2021:12:16:44 +0400] "GET /my-account?TURBO_ID=u%3A1a9a58575c4f32da34f328d1a97358a1a75e0a1e1a9506bced93b3e0c18c62e0&date=1626769002473 HTTP/2.0" 200 39096 "https://test.ru.turbopages.org/" "Mozilla/5.0 (Linux; arm; Android 9; JAT-LX1) AppleWebKit/537.36 (KHTML, like Gecko) Chrome/90.0.4430.216 YaApp_Android/21.56.1 YaSearchBrowser/21.56.1 BroPP/1.0 SA/3 Mobile Safari/537.36"
178.218.98.80 - - [20/Jul/2021:12:17:01 +0400] "GET /wp-json/pwa-for-wp/v2/pwa-manifest-json HTTP/2.0" 200 375 "-" "Mozilla/5.0 (Linux; arm; Android 9; JAT-LX1) AppleWebKit/537.36 (KHTML, like Gecko) Chrome/90.0.4430.216 YaApp_Android/21.56.1 YaSearchBrowser/21.56.1 BroPP/1.0 SA/3 TA/7.1 Mobile Safari/537.36"
5.255.253.144 - - [20/Jul/2021:12:17:16 +0400] "POST /wp-admin/admin-ajax.php HTTP/1.1" 200 1819 "https://test.ru/" "Mozilla/5.0 (compatible; YandexBot/3.0; +http://yandex.com/bots) AppleWebKit/537.36 (KHTML, like Gecko) Chrome/81.0.4044.268"
40.77.167.74 - - [20/Jul/2021:12:17:50 +0400] "GET /product/komplekt-sharovyh-opor-bzak-profi-vaz-2108-15-2110-12-lada-kalina-granta-priora-datsun-on-do-mi-do-2-opory-krepyozh-usilennyj-3 HTTP/2.0" 200 87949 "-" "Mozilla/5.0 (compatible; bingbot/2.0; +http://www.bing.com/bingbot.htm)"
66.249.70.86 - - [20/Jul/2021:12:18:36 +0400] "GET /product/zashhita-pereda-truba-d63-5-volvo-xc90-nerzh-1623-h/amp HTTP/1.1" 200 53871 "-" "Mozilla/5.0 (Linux; Android 6.0.1; Nexus 5X Build/MMB29P) AppleWebKit/537.36 (KHTML, like Gecko) Chrome/91.0.4472.90 Mobile Safari/537.36 (compatible; Googlebot/2.1; +http://www.google.com/bot.html)"
178.218.98.80 - - [20/Jul/2021:12:18:57 +0400] "GET /wp-json/pwa-for-wp/v2/pwa-manifest-json HTTP/2.0" 200 375 "https://test.ru/product/tkan-s-termotisneniem-skif-dlya-peretyazhki-obivok-dverej-razmer-1h1-5-metra" "Mozilla/5.0 (Linux; arm; Android 9; JAT-LX1) AppleWebKit/537.36 (KHTML, like Gecko) Chrome/90.0.4430.216 YaApp_Android/21.56.1 YaSearchBrowser/21.56.1 BroPP/1.0 SA/3 Mobile Safari/537.36"
178.218.98.80 - - [20/Jul/2021:12:19:41 +0400] "GET /wp-json/pwa-for-wp/v2/pwa-manifest-json HTTP/2.0" 200 375 "-" "Mozilla/5.0 (Linux; arm; Android 9; JAT-LX1) AppleWebKit/537.36 (KHTML, like Gecko) Chrome/90.0.4430.216 YaApp_Android/21.56.1 YaSearchBrowser/21.56.1 BroPP/1.0 SA/3 TA/7.1 Mobile Safari/537.36"
207.46.13.46 - - [20/Jul/2021:12:20:25 +0400] "GET /sitemap-pt-cms_block-2020-09.xml HTTP/2.0" 200 401 "-" "Mozilla/5.0 (compatible; bingbot/2.0; +http://www.bing.com/bingbot.htm)"
167.248.133.53 - - [20/Jul/2021:12:21:00 +0400] "GET / HTTP/1.1" 200 96905 "-" "-"
178.218.98.80 - - [20/Jul/2021:12:21:42 +0400] "GET /wp-admin/admin-ajax.php?action=woodmart_ajax_search&number=20&post_type=product&query=%D0%97%D0%B0%D1%89%D0%B8%D1%82 HTTP/2.0" 499 0 "https://test.ru/product-category/elementy-interera/granta-interer" "Mozilla/5.0 (Linux; arm; Android 9; JAT-LX1) AppleWebKit/537.36 (KHTML, like Gecko) Chrome/90.0.4430.216 YaApp_Android/21.56.1 YaSearchBrowser/21.56.1 BroPP/1.0 SA/3 Mobile Safari/537.36"
66.249.70.86 - - [20/Jul/2021:12:22:14 +0400] "GET /product-category/optika/amp HTTP/1.1" 200 18060 "-" "Mozilla/5.0 (Linux; Android 6.0.1; Nexus 5X Build/MMB29P) AppleWebKit/537.36 (KHTML, like Gecko) Chrome/91.0.4472.90 Mobile Safari/537.36 (compatible; Googlebot/2.1; +http://www.google.com/bot.html)"
66.249.70.86 - - [20/Jul/2021:12:22:56 +0400] "GET /product/krylo-perednee-levoe-na-lada-granta-2 HTTP/1.1" 200 83196 "-" "Mozilla/5.0 (compatible; Googlebot/2.1; +http://www.google.com/bot.html)"
66.249.70.88 - - [20/Jul/2021:12:23:42 +0400] "GET /product/dempfer-rulevoj-rejki-s-usilitelem-na-vaz-2108-21099-2113-2115-2110-2112-kalina-granta-kalina-2-priora-do-2016-g-v HTTP/1.1" 200 86102 "-" "Mozilla/5.0 (Linux; Android 6.0.1; Nexus 5X Build/MMB29P) AppleWebKit/537.36 (KHTML, like Gecko) Chrome/91.0.4472.90 Mobile Safari/537.36 (compatible; Googlebot/2.1; +http://www.google.com/bot.html)"
66.249.70.86 - - [20/Jul/2021:12:24:13 +0400] "GET /product/zashhita-pereda-truba-dvojnaya-2123-shevi-rs-0170-dlya-avtomobilej-vypuska-s-2009-g-niva-bertone HTTP/1.1" 200 85903 "-" "Mozilla/5.0 (Linux; Android 6.0.1; Nexus 5X Build/MMB29P) AppleWebKit/537.36 (KHTML, like Gecko) Chrome/91.0.4472.90 Mobile Safari/537.36 (compatible; Googlebot/2.1; +http://www.google.com/bot.html)"
172.20.0.1 - - [20/Jul/2021:12:24:47 +0400] "POST /wp-admin/admin-ajax.php?action=wp_example_process&nonce=c4b0abf240 HTTP/1.1" 499 0 "https://test.ru/wp-admin/admin-ajax.php?action=wp_example_process&nonce=c4b0abf240" "WordPress/5.5.5; https://test.ru"
5.255.253.144 - - [20/Jul/2021:12:25:24 +0400] "GET /feed/turbo/?paged=4 HTTP/1.1" 200 80495 "-" "Mozilla/5.0 (compatible; YandexTurbo/1.0; +http://yandex.com/bots)"
5.164.204.190 - - [20/Jul/2021:12:26:04 +0400] "GET /wp-content/plugins/yith-woocommerce-wishlist/assets/fonts/fontawesome-webfont.woff2?v=4.7.0 HTTP/2.0" 200 77160 "https://test.ru/wp-content/plugins/yith-woocommerce-wishlist/assets/css/font-awesome.css?ver=4.7.0" "Mozilla/5.0 (Linux; Android 5.1.1; Lenovo TB2-X30L) AppleWebKit/537.36 (KHTML, like Gecko) Chrome/89.0.4389.105 Safari/537.36"
157.55.39.12 - - [20/Jul/2021:12:26:53 +0400] "GET /?748a8b557DBaRVvMBbf201p-d%2Frq053df95p-d%2FrqWw_O_ComYRa0fc24a_vistaprint HTTP/2.0" 200 83406 "-" "Mozilla/5.0 (compatible; bingbot/2.0; +http://www.bing.com/bingbot.htm)"
66.249.70.86 - - [20/Jul/2021:12:27:10 +0400] "POST /wp-admin/admin-ajax.php HTTP/1.1" 200 768 "https://test.ru/product-category/vneshnij-vid-lada/vesta-sw-cross-dop/zashhita-porogov-toyota-vesta-sw-cross-dop" "Mozilla/5.0 AppleWebKit/537.36 (KHTML, like Gecko; compatible; Googlebot/2.1; +http://www.google.com/bot.html) Chrome/91.0.4472.90 Safari/537.36"
172.20.0.1 - - [20/Jul/2021:12:28:10 +0400] "POST /wp-admin/admin-ajax.php?action=wp_example_process&nonce=c4b0abf240 HTTP/1.1" 499 0 "https://test.ru/wp-admin/admin-ajax.php?action=wp_example_process&nonce=c4b0abf240" "WordPress/5.5.5; https://test.ru"
66.249.70.88 - - [20/Jul/2021:12:28:57 +0400] "GET /product/zashhita-pered-bamp-volna-d63-5-2123-shevi-nerzhaveyushhaya-polirovannaya-stal-0210-dlya-avtomobilej-vypuska-do-2009-g HTTP/1.1" 200 85829 "-" "Mozilla/5.0 (compatible; Googlebot/2.1; +http://www.google.com/bot.html)"
94.25.21.38 - - [20/Jul/2021:12:29:10 +0400] "GET /product/drosselnaya-zaslonka-standartnaya-46mm-dlya-vaz-2108-2115-2110-2112-priora-kalina-granta HTTP/2.0" 200 85357 "https://yandex.ru/" "Mozilla/5.0 (Windows NT 10.0; Win64; x64; rv:89.0) Gecko/20100101 Firefox/89.0"
66.249.70.86 - - [20/Jul/2021:12:29:31 +0400] "GET /product/besshumnyj-zamok-bagazhnika-na-lada-niva-2121-21213-21214-2131-urban/amp HTTP/1.1" 200 52957 "-" "Mozilla/5.0 (Linux; Android 6.0.1; Nexus 5X Build/MMB29P) AppleWebKit/537.36 (KHTML, like Gecko) Chrome/91.0.4472.90 Mobile Safari/537.36 (compatible; Googlebot/2.1; +http://www.google.com/bot.html)"
172.20.0.1 - - [20/Jul/2021:12:30:19 +0400] "POST /wp-cron.php?doing_wp_cron=1626769819.7450768947601318359375 HTTP/1.1" 200 31 "https://test.ru/wp-cron.php?doing_wp_cron=1626769819.7450768947601318359375" "WordPress/5.5.5; https://test.ru"
66.249.70.90 - - [20/Jul/2021:12:31:06 +0400] "POST /?wc-ajax=get_refreshed_fragments HTTP/1.1" 200 500 "https://test.ru/product/kapot-v-tsvet-na-lada-vesta" "Mozilla/5.0 (Linux; Android 6.0.1; Nexus 5X Build/MMB29P) AppleWebKit/537.36 (KHTML, like Gecko) Chrome/91.0.4472.90 Mobile Safari/537.36 (compatible; Googlebot/2.1; +http://www.google.com/bot.html)"
66.249.70.86 - - [20/Jul/2021:12:31:33 +0400] "POST /wp-admin/admin-ajax.php HTTP/1.1" 200 892 "https://test.ru/product-category/vneshnij-vid-inomarki/hyundai-vneshnij-vid-inomarki/hyundai-santa-fe-iii-restajling/zashhita-zadnego-bampera-uaz-hyundai-santa-fe-iii-restajling" "Mozilla/5.0 AppleWebKit/537.36 (KHTML, like Gecko; compatible; Googlebot/2.1; +http://www.google.com/bot.html) Chrome/91.0.4472.90 Safari/537.36"
176.59.146.16 - - [20/Jul/2021:12:31:58 +0400] "GET /wp-content/themes/woodmart/fonts/fontawesome-webfont.woff2?v=4.7.0 HTTP/2.0" 200 77160 "https://test.ru/wp-content/themes/woodmart/css/font-awesome.min.css?ver=3.6.1" "Mozilla/5.0 (Linux; Android 5.1.1; SM-J320F Build/LMY47V; wv) AppleWebKit/537.36 (KHTML, like Gecko) Version/4.0 Chrome/71.0.3578.99 Mobile Safari/537.36 YandexSearch/7.90 YandexSearchBrowser/7.90"
5.255.253.144 - - [20/Jul/2021:12:32:15 +0400] "GET /?s=%D0%A0%D0%B5%D0%B4%D1%83%D0%BA%D1%82%D0%BE%D1%80+2106&post_type=product HTTP/1.1" 200 68734 "-" "Mozilla/5.0 (compatible; YandexBot/3.0; +http://yandex.com/bots)"
176.59.146.16 - - [20/Jul/2021:12:32:40 +0400] "GET /product-category/transmissiya/kardany HTTP/2.0" 200 79260 "http://yandex.ru/" "Mozilla/5.0 (Linux; Android 5.1.1; SM-J320F Build/LMY47V; wv) AppleWebKit/537.36 (KHTML, like Gecko) Version/4.0 Chrome/71.0.3578.99 Mobile Safari/537.36 YandexSearch/7.90 YandexSearchBrowser/7.90"
66.249.70.88 - - [20/Jul/2021:12:33:40 +0400] "GET /product/kontroller-ebu-yanvar-7-2-21124-1411020-32-itelma HTTP/1.1" 200 84438 "-" "Mozilla/5.0 (Linux; Android 6.0.1; Nexus 5X Build/MMB29P) AppleWebKit/537.36 (KHTML, like Gecko) Chrome/91.0.4472.90 Mobile Safari/537.36 (compatible; Googlebot/2.1; +http://www.google.com/bot.html)"
66.249.70.86 - - [20/Jul/2021:12:34:24 +0400] "GET /product-category/vneshnij-vid-inomarki/chery/amp HTTP/1.1" 200 15977 "-" "Mozilla/5.0 (Linux; Android 6.0.1; Nexus 5X Build/MMB29P) AppleWebKit/537.36 (KHTML, like Gecko) Chrome/91.0.4472.90 Mobile Safari/537.36 (compatible; Googlebot/2.1; +http://www.google.com/bot.html)"
89.36.167.63 - - [20/Jul/2021:12:35:23 +0400] "GET /pwa-amp-sw.html HTTP/2.0" 404 33890 "https://test.ru.cdn.ampproject.org/v/s/test.ru/product-category/transmissiya/kardany/chevrolet-niva-kardany/amp?amp_js_v=0.1&usqp=mq331AQKKAFQArABIIACAw%3D%3D" "Mozilla/5.0 (Linux; Android 10; SM-A750FN) AppleWebKit/537.36 (KHTML, like Gecko) Chrome/90.0.4430.91 Mobile Safari/537.36"
172.20.0.1 - - [20/Jul/2021:12:35:58 +0400] "POST /wp-cron.php?doing_wp_cron=1626770158.6612799167633056640625 HTTP/1.1" 200 31 "https://test.ru/wp-cron.php?doing_wp_cron=1626770158.6612799167633056640625" "WordPress/5.5.5; https://test.ru"
66.249.70.86 - - [20/Jul/2021:12:36:26 +0400] "GET /volgaavtoprom/sharnir-privoda-kolesa-granata HTTP/1.1" 200 70599 "-" "Mozilla/5.0 (Linux; Android 6.0.1; Nexus 5X Build/MMB29P) AppleWebKit/537.36 (KHTML, like Gecko) Chrome/91.0.4472.90 Mobile Safari/537.36 (compatible; Googlebot/2.1; +http://www.google.com/bot.html)"
178.121.35.18 - - [20/Jul/2021:12:36:58 +0400] "GET /product/kronshtejny-amortizatora-iz-lift-komplekta-dlya-lada-niva-4h4-shevrolde-niva HTTP/2.0" 301 0 "-" "Mozilla/5.0 (Windows NT 6.1; Win64; x64) AppleWebKit/537.36 (KHTML, like Gecko) Chrome/91.0.4472.124 Safari/537.36"
178.121.35.18 - - [20/Jul/2021:12:37:07 +0400] "POST /wp-admin/admin-ajax.php HTTP/2.0" 200 67 "https://test.ru/wp-admin/edit.php" "Mozilla/5.0 (Windows NT 6.1; Win64; x64) AppleWebKit/537.36 (KHTML, like Gecko) Chrome/91.0.4472.124 Safari/537.36"
176.28.65.61 - - [20/Jul/2021:12:37:25 +0400] "GET /wp-content/themes/woodmart/fonts/fontawesome-webfont.woff2?v=4.7.0 HTTP/2.0" 200 77160 "https://test.ru/product/korobka-pereklyucheniya-peredach-kpp-dlya-vaz-2113-2114-super-avto-1-6-l-16-kl" "Mozilla/5.0 (iPhone; CPU iPhone OS 14_6 like Mac OS X) AppleWebKit/605.1.15 (KHTML, like Gecko) CriOS/91.0.4472.80 Mobile/15E148 Safari/604.1"
89.113.101.211 - - [20/Jul/2021:12:37:52 +0400] "GET /wp-content/themes/woodmart/fonts/fontawesome-webfont.woff2?v=4.7.0 HTTP/2.0" 200 77160 "https://test.ru/wp-content/themes/woodmart/css/font-awesome.min.css?ver=3.6.1" "Mozilla/5.0 (Linux; Android 9; SAMSUNG SM-G955F) AppleWebKit/537.36 (KHTML, like Gecko) SamsungBrowser/14.2 Chrome/87.0.4280.141 Mobile Safari/537.36"
172.20.0.1 - - [20/Jul/2021:12:38:08 +0400] "POST /wp-cron.php?doing_wp_cron=1626770288.2144811153411865234375 HTTP/1.1" 200 31 "https://test.ru/wp-cron.php?doing_wp_cron=1626770288.2144811153411865234375" "WordPress/5.5.5; https://test.ru"
66.249.70.86 - - [20/Jul/2021:12:38:32 +0400] "GET /product-category/vneshnij-vid-inomarki/mazda-vneshnij-vid-inomarki/mazda-cx-7/zashhita-perednego-bampera-pered-mazda-cx-7/amp HTTP/1.1" 200 12510 "-" "Mozilla/5.0 (Linux; Android 6.0.1; Nexus 5X Build/MMB29P) AppleWebKit/537.36 (KHTML, like Gecko) Chrome/91.0.4472.90 Mobile Safari/537.36 (compatible; Googlebot/2.1; +http://www.google.com/bot.html)"
85.114.169.230 - - [20/Jul/2021:12:39:06 +0400] "GET /product/fary-svetodiodnye-60w-s-povtoritelem-povorotnika-i-dho-dlya-vaz-2101-2102-lada-niva-4h4-uaz HTTP/2.0" 200 84661 "https://yandex.ru/" "Mozilla/5.0 (Windows NT 10.0; Win64; x64; rv:89.0) Gecko/20100101 Firefox/89.0"
178.121.35.18 - - [20/Jul/2021:12:39:25 +0400] "GET /product/originalnye-bokovye-zerkala-daaz-na-vaz-2108-21099-2113-2115 HTTP/2.0" 200 87065 "https://test.ru/product/kronshtejny-amortizatora-iz-lift-komplekta-dlya-lada-niva-4h4-shevrole-niva?preview_id=54517&preview_nonce=11795dfc9f&_thumbnail_id=54518&preview=true" "Mozilla/5.0 (Windows NT 6.1; Win64; x64) AppleWebKit/537.36 (KHTML, like Gecko) Chrome/91.0.4472.124 Safari/537.36"
178.121.35.18 - - [20/Jul/2021:12:39:55 +0400] "GET /wp-json/wc-analytics/admin/notes?page=1&per_page=25&type=error%2Cupdate&status=unactioned&_locale=user HTTP/2.0" 200 1067 "https://test.ru/wp-admin/post.php?post=45727&action=edit&classic-editor" "Mozilla/5.0 (Windows NT 6.1; Win64; x64) AppleWebKit/537.36 (KHTML, like Gecko) Chrome/91.0.4472.124 Safari/537.36"
185.191.171.9 - - [20/Jul/2021:12:40:30 +0400] "GET /product/dver-zadnyaya-pravaya-v-tsvet-na-lada-vesta HTTP/1.1" 200 82011 "-" "Mozilla/5.0 (compatible; SemrushBot/7~bl; +http://www.semrush.com/bot.html)"
88.200.246.221 - - [20/Jul/2021:12:41:08 +0400] "POST /?wc-ajax=get_refreshed_fragments HTTP/2.0" 200 1334 "https://test.ru/product/samoblokiruyushhijsya-differentsial-zadnego-reduktora-dlya-vaz-2101-2107" "Mozilla/5.0 (Windows NT 10.0; Win64; x64) AppleWebKit/537.36 (KHTML, like Gecko) Chrome/91.0.4472.164 Safari/537.36"
66.249.70.86 - - [20/Jul/2021:12:41:29 +0400] "GET /sitemap.xml HTTP/1.1" 200 1193 "-" "Mozilla/5.0 (compatible; Googlebot/2.1; +http://www.google.com/bot.html)"
178.121.35.18 - - [20/Jul/2021:12:41:49 +0400] "GET /wp-json/pwa-for-wp/v2/pwa-manifest-json HTTP/2.0" 200 375 "https://test.ru/product/originalnye-bokovye-zerkala-daaz-na-vaz-2108-21099-2113-2115?preview=true" "Mozilla/5.0 (Windows NT 6.1; Win64; x64) AppleWebKit/537.36 (KHTML, like Gecko) Chrome/91.0.4472.124 Safari/537.36"
178.121.35.18 - - [20/Jul/2021:12:42:17 +0400] "GET /wp-admin/post.php?post=45727&action=edit&classic-editor&message=1 HTTP/2.0" 200 910506 "https://test.ru/wp-admin/post.php?post=45727&action=edit&classic-editor" "Mozilla/5.0 (Windows NT 6.1; Win64; x64) AppleWebKit/537.36 (KHTML, like Gecko) Chrome/91.0.4472.124 Safari/537.36"
178.121.35.18 - - [20/Jul/2021:12:42:33 +0400] "GET /wp-json/wc-analytics/admin/notes?page=1&per_page=25&type=error%2Cupdate&status=unactioned&_locale=user HTTP/2.0" 200 1067 "https://test.ru/wp-admin/post.php?post=45727&action=edit&classic-editor" "Mozilla/5.0 (Windows NT 6.1; Win64; x64) AppleWebKit/537.36 (KHTML, like Gecko) Chrome/91.0.4472.124 Safari/537.36"
66.249.70.86 - - [20/Jul/2021:12:42:47 +0400] "GET /product-category/vneshnij-vid-inomarki/lifan-vneshnij-vid-inomarki/lifan-x50/zashhita-porogov-porogi-uaz-lifan-x50 HTTP/1.1" 200 67286 "-" "Mozilla/5.0 (Linux; Android 6.0.1; Nexus 5X Build/MMB29P) AppleWebKit/537.36 (KHTML, like Gecko) Chrome/91.0.4472.90 Mobile Safari/537.36 (compatible; Googlebot/2.1; +http://www.google.com/bot.html)"
