17.121.114.196 - - [20/Jul/2021:02:24:08 +0400] "POST /?wc-ajax=get_refreshed_fragments HTTP/1.1" 200 500 "https://test.ru/product/solntsezashhitnye-kozyrki-s-zerkalom-dlya-shevrole-nivy-2123" "Mozilla/5.0 (Macintosh; Intel Mac OS X 10_15_5) AppleWebKit/605.1.15 (KHTML, like Gecko) Version/13.1.1 Safari/605.1.15 (Applebot/0.1; +http://www.apple.com/go/applebot)"
207.46.13.141 - - [20/Jul/2021:02:25:20 +0400] "GET /product-category/vneshnij-vid-lada/largus-dop/nakladki-largus HTTP/2.0" 200 67946 "-" "Mozilla/5.0 (compatible; bingbot/2.0; +http://www.bing.com/bingbot.htm)"
66.249.70.86 - - [20/Jul/2021:02:26:06 +0400] "GET /product-category/transmissiya/kardany/chevrolet-niva-kardany/amp HTTP/1.1" 200 18926 "-" "Mozilla/5.0 (Linux; Android 6.0.1; Nexus 5X Build/MMB29P) AppleWebKit/537.36 (KHTML, like Gecko) Chrome/91.0.4472.90 Mobile Safari/537.36 (compatible; Googlebot/2.1; +http://www.google.com/bot.html)"
66.249.70.86 - - [20/Jul/2021:02:26:43 +0400] "GET /product-category/elementy-interera/2101-2107-interer/page/2?orderby=price&loop=15&woo_ajax=1 HTTP/1.1" 200 6815 "https://test.ru/product-category/elementy-interera/2101-2107-interer?orderby=price" "Mozilla/5.0 (Linux; Android 6.0.1; Nexus 5X Build/MMB29P) AppleWebKit/537.36 (KHTML, like Gecko) Chrome/91.0.4472.90 Mobile Safari/537.36 (compatible; Googlebot/2.1; +http://www.google.com/bot.html)"
66.249.70.86 - - [20/Jul/2021:02:27:41 +0400] "POST /wp-admin/admin-ajax.php HTTP/1.1" 200 986 "https://test.ru/product-category/rejlingi-dlya-inomarok/renault/renault-logan" "Mozilla/5.0 (Linux; Android 6.0.1; Nexus 5X Build/MMB29P) AppleWebKit/537.36 (KHTML, like Gecko) Chrome/91.0.4472.90 Mobile Safari/537.36 (compatible; Googlebot/2.1; +http://www.google.com/bot.html)"
87.117.56.85 - - [20/Jul/2021:02:28:33 +0400] "GET /wp-json/pwa-for-wp/v2/pwa-manifest-json HTTP/2.0" 200 375 "https://test.ru/product/dver-perednyaya-pravaya-v-tsvet-na-lada-largus" "Mozilla/5.0 (Linux; Android 4.4.2; Slate 21) AppleWebKit/537.36 (KHTML, like Gecko) Chrome/81.0.4044.138 Safari/537.36"
172.20.0.1 - - [20/Jul/2021:02:29:07 +0400] "POST /wp-admin/admin-ajax.php?action=wp_example_process&nonce=79d740c5ab HTTP/1.1" 499 0 "https://test.ru/wp-admin/admin-ajax.php?action=wp_example_process&nonce=79d740c5ab" "WordPress/5.5.5; https://test.ru"
66.249.70.86 - - [20/Jul/2021:02:30:07 +0400] "POST /wp-admin/admin-ajax.php HTTP/1.1" 200 1163 "https://test.ru/product-category/vneshnij-vid-inomarki/nissan-vneshnij-vid-inomarki/nissan-x-trail/zashhita-perednego-bampera-pered-nissan-x-trail" "Mozilla/5.0 (Linux; Android 6.0.1; Nexus 5X Build/MMB29P) AppleWebKit/537.36 (KHTML, like Gecko) Chrome/91.0.4472.90 Mobile Safari/537.36 (compatible; Googlebot/2.1; +http://www.google.com/bot.html)"
66.249.70.86 - - [20/Jul/2021:02:30:58 +0400] "POST /wp-admin/admin-ajax.php HTTP/1.1" 200 699 "https://test.ru/product/porogi-trofi-s-metallicheskim-listom-dlya-2123-chevrolet-niva-vypuska-do-2009g-0168" "Mozilla/5.0 (Linux; Android 6.0.1; Nexus 5X Build/MMB29P) AppleWebKit/537.36 (KHTML, like Gecko) Chrome/91.0.4472.90 Mobile Safari/537.36 (compatible; Googlebot/2.1; +http://www.google.com/bot.html)"
66.249.70.88 - - [20/Jul/2021:02:32:14 +0400] "GET /product/obivka-dverej-lyuks-2-kozhzam-dlya-vaz-2110-2111-2112 HTTP/1.1" 200 84966 "-" "Mozilla/5.0 (Linux; Android 6.0.1; Nexus 5X Build/MMB29P) AppleWebKit/537.36 (KHTML, like Gecko) Chrome/91.0.4472.90 Mobile Safari/537.36 (compatible; Googlebot/2.1; +http://www.google.com/bot.html)"
207.46.13.141 - - [20/Jul/2021:02:33:11 +0400] "GET /?682cb6ef9JFvZf201p-d%2Frq8c6fcd1p-d%2FrqyK_SzLb5bf0e_nagoya HTTP/2.0" 200 83198 "-" "Mozilla/5.0 (compatible; bingbot/2.0; +http://www.bing.com/bingbot.htm)"
172.20.0.1 - - [20/Jul/2021:02:33:59 +0400] "POST /wp-cron.php?doing_wp_cron=1626734039.5424869060516357421875 HTTP/1.1" 200 31 "https://test.ru/wp-cron.php?doing_wp_cron=1626734039.5424869060516357421875" "WordPress/5.5.5; https://test.ru"
172.20.0.1 - - [20/Jul/2021:02:35:12 +0400] "POST /wp-admin/admin-ajax.php?action=wp_example_process&nonce=79d740c5ab HTTP/1.1" 499 0 "https://test.ru/wp-admin/admin-ajax.php?action=wp_example_process&nonce=79d740c5ab" "WordPress/5.5.5; https://test.ru"
5.255.253.144 - - [20/Jul/2021:02:36:07 +0400] "GET /robots.txt HTTP/1.1" 200 171 "-" "Mozilla/5.0 (compatible; YandexBot/3.0; +http://yandex.com/bots)"
40.77.167.11 - - [20/Jul/2021:02:36:55 +0400] "GET /product-category/vneshnij-vid-lada/largus-dop/zashhita-perednego-bampera-kenguryatniki-dugi-largus HTTP/2.0" 200 71838 "-" "Mozilla/5.0 (compatible; bingbot/2.0; +http://www.bing.com/bingbot.htm)"
66.249.70.86 - - [20/Jul/2021:02:38:44 +0400] "GET /product-category/elementy-interera/chevrolet-niva-interer/panel-torpedo-chevrolet-niva HTTP/1.1" 200 73112 "-" "Mozilla/5.0 (Linux; Android 6.0.1; Nexus 5X Build/MMB29P) AppleWebKit/537.36 (KHTML, like Gecko) Chrome/91.0.4472.90 Mobile Safari/537.36 (compatible; Googlebot/2.1; +http://www.google.com/bot.html)"
66.249.70.86 - - [20/Jul/2021:02:39:46 +0400] "GET /product-category/elementy-interera/vesta-interer/sidenya-i-komplektuyushhie-vesta HTTP/1.1" 200 65390 "-" "Mozilla/5.0 (Linux; Android 6.0.1; Nexus 5X Build/MMB29P) AppleWebKit/537.36 (KHTML, like Gecko) Chrome/91.0.4472.90 Mobile Safari/537.36 (compatible; Googlebot/2.1; +http://www.google.com/bot.html)"
207.46.13.46 - - [20/Jul/2021:02:40:31 +0400] "GET /product-category/vneshnij-vid-lada/kalina-2-dop?add_to_wishlist=25822 HTTP/2.0" 200 76083 "-" "Mozilla/5.0 (compatible; bingbot/2.0; +http://www.bing.com/bingbot.htm)"
66.249.70.86 - - [20/Jul/2021:02:41:21 +0400] "GET /product-category/vneshnij-vid-lada/lada-4x4-dop/kenguryatniki-zashhita-perednego-bampera/page/3?loop=30&woo_ajax=1 HTTP/1.1" 200 6600 "https://test.ru/product-category/vneshnij-vid-lada/lada-4x4-dop/kenguryatniki-zashhita-perednego-bampera" "Mozilla/5.0 (Linux; Android 6.0.1; Nexus 5X Build/MMB29P) AppleWebKit/537.36 (KHTML, like Gecko) Chrome/91.0.4472.90 Mobile Safari/537.36 (compatible; Googlebot/2.1; +http://www.google.com/bot.html)"
5.255.253.144 - - [20/Jul/2021:02:42:33 +0400] "GET /feed/turbo/?paged=13 HTTP/1.1" 200 80495 "-" "Mozilla/5.0 (compatible; YandexTurbo/1.0; +http://yandex.com/bots)"
66.249.70.88 - - [20/Jul/2021:02:43:44 +0400] "POST /wp-admin/admin-ajax.php HTTP/1.1" 200 1430 "https://test.ru/product-category/optika/lada-4x4-kpp-optika" "Mozilla/5.0 (Linux; Android 6.0.1; Nexus 5X Build/MMB29P) AppleWebKit/537.36 (KHTML, like Gecko) Chrome/91.0.4472.90 Mobile Safari/537.36 (compatible; Googlebot/2.1; +http://www.google.com/bot.html)"
114.119.159.210 - - [20/Jul/2021:02:44:45 +0400] "GET /product/rejlingi-serye-dlya-shevrole-niva-niva-travel/amp HTTP/1.1" 200 57547 "-" "Mozilla/5.0 (Linux; Android 7.0;) AppleWebKit/537.36 (KHTML, like Gecko) Mobile Safari/537.36 (compatible; PetalBot;+https://webmaster.petalsearch.com/site/petalbot)"
5.255.253.144 - - [20/Jul/2021:02:45:49 +0400] "GET /feed/turbo/?paged=7 HTTP/1.1" 200 80495 "-" "Mozilla/5.0 (compatible; YandexTurbo/1.0; +http://yandex.com/bots)"
66.249.70.86 - - [20/Jul/2021:02:46:26 +0400] "GET /product-category/elektrika-i-elektronika/ehlektronnye-bloki-upravleniya/kontrollery-ebu-yanvar/datsun-on-do-kontrollery-ebu-yanvar HTTP/1.1" 200 65542 "-" "Mozilla/5.0 (Linux; Android 6.0.1; Nexus 5X Build/MMB29P) AppleWebKit/537.36 (KHTML, like Gecko) Chrome/91.0.4472.90 Mobile Safari/537.36 (compatible; Googlebot/2.1; +http://www.google.com/bot.html)"
66.249.70.86 - - [20/Jul/2021:02:48:29 +0400] "GET /product-category/drosselnye-zaslonki-na-vaz/vaz-2110-2112-privoda-drosselnye-zaslonki-na-vaz HTTP/1.1" 200 68435 "-" "Mozilla/5.0 (Linux; Android 6.0.1; Nexus 5X Build/MMB29P) AppleWebKit/537.36 (KHTML, like Gecko) Chrome/91.0.4472.90 Mobile Safari/537.36 (compatible; Googlebot/2.1; +http://www.google.com/bot.html)"
40.77.167.74 - - [20/Jul/2021:02:50:25 +0400] "GET /product/komplekt-obivki-sidenij-chernaya-iskrinka-eto-ne-chehly-dlya-lada-niva-2121-21213-21214-2131 HTTP/2.0" 200 86308 "-" "Mozilla/5.0 (compatible; bingbot/2.0; +http://www.bing.com/bingbot.htm)"
66.249.70.86 - - [20/Jul/2021:02:51:43 +0400] "POST /wp-admin/admin-ajax.php HTTP/1.1" 200 772 "https://test.ru/product-category/vneshnij-vid-lada/2101-2107-dop/evroruchki-dverej-2101-2107" "Mozilla/5.0 (Linux; Android 6.0.1; Nexus 5X Build/MMB29P) AppleWebKit/537.36 (KHTML, like Gecko) Chrome/91.0.4472.90 Mobile Safari/537.36 (compatible; Googlebot/2.1; +http://www.google.com/bot.html)"
66.249.70.86 - - [20/Jul/2021:02:52:21 +0400] "GET /product/komplekt-obivki-sidenij-iz-ekokozhi-romb-eto-ne-chehly-dlya-vaz-2107/amp HTTP/1.1" 200 58032 "-" "Mozilla/5.0 (Linux; Android 6.0.1; Nexus 5X Build/MMB29P) AppleWebKit/537.36 (KHTML, like Gecko) Chrome/91.0.4472.90 Mobile Safari/537.36 (compatible; Googlebot/2.1; +http://www.google.com/bot.html)"
66.249.70.88 - - [20/Jul/2021:02:53:29 +0400] "GET /product/originalnaya-antenna-na-shevrole-niva HTTP/1.1" 200 81404 "-" "Mozilla/5.0 (Linux; Android 6.0.1; Nexus 5X Build/MMB29P) AppleWebKit/537.36 (KHTML, like Gecko) Chrome/91.0.4472.90 Mobile Safari/537.36 (compatible; Googlebot/2.1; +http://www.google.com/bot.html)"
54.36.148.161 - - [20/Jul/2021:02:54:13 +0400] "GET /product-category/vneshnij-vid-lada/lada-4x4-dop/evroruchki-dverej-lada-4x4 HTTP/2.0" 200 70419 "-" "Mozilla/5.0 (compatible; AhrefsBot/7.0; +http://ahrefs.com/robot/)"
5.255.253.144 - - [20/Jul/2021:02:55:01 +0400] "GET /wp-content/uploads/feed-yml-0.xml HTTP/1.1" 200 1147821 "-" "Mozilla/5.0 (compatible; YandexTurbo/1.0; +http://yandex.com/bots)"
66.249.70.86 - - [20/Jul/2021:02:55:51 +0400] "POST /wp-admin/admin-ajax.php HTTP/1.1" 200 1415 "https://test.ru/product-category/vneshnij-vid-lada/vesta-dop" "Mozilla/5.0 (Linux; Android 6.0.1; Nexus 5X Build/MMB29P) AppleWebKit/537.36 (KHTML, like Gecko) Chrome/91.0.4472.90 Mobile Safari/537.36 (compatible; Googlebot/2.1; +http://www.google.com/bot.html)"
5.255.231.93 - - [20/Jul/2021:02:56:36 +0400] "GET /feed/turbo/?paged=2 HTTP/1.1" 200 80495 "-" "Mozilla/5.0 (compatible; YandexTurbo/1.0; +http://yandex.com/bots)"
78.142.234.68 - - [20/Jul/2021:02:57:16 +0400] "GET /wp-json/pwa-for-wp/v2/pwa-manifest-json HTTP/2.0" 200 375 "https://test.ru/product/remen-grm-s-rolikami-gates-original-na-16-kl-dlya-lada-priora-kalina-granta-kalina-2-vesta-iks-rej-vaz-2114-super-avto" "Mozilla/5.0 (Windows NT 6.1; WOW64) AppleWebKit/537.36 (KHTML, like Gecko) Chrome/91.0.4472.114 YaBrowser/21.6.1.271 Yowser/2.5 Safari/537.36"
172.20.0.1 - - [20/Jul/2021:02:58:58 +0400] "POST /wp-admin/admin-ajax.php?action=wp_example_process&nonce=79d740c5ab HTTP/1.1" 499 0 "https://test.ru/wp-admin/admin-ajax.php?action=wp_example_process&nonce=79d740c5ab" "WordPress/5.5.5; https://test.ru"
66.249.70.88 - - [20/Jul/2021:02:59:58 +0400] "GET /product-category/vneshnij-vid-inomarki/chevrolet-vneshnij-vid-inomarki/chevrolet-tahoe/pered-toyota-chevrolet-tahoe HTTP/1.1" 200 59863 "-" "Mozilla/5.0 (Linux; Android 6.0.1; Nexus 5X Build/MMB29P) AppleWebKit/537.36 (KHTML, like Gecko) Chrome/91.0.4472.90 Mobile Safari/537.36 (compatible; Googlebot/2.1; +http://www.google.com/bot.html)"
216.244.66.227 - - [20/Jul/2021:03:00:42 +0400] "GET /product/kontroller-ebu-bosch-21214-1411020-50?add-to-cart=26579 HTTP/1.1" 200 79229 "-" "Mozilla/5.0 (compatible; DotBot/1.2; +https://opensiteexplorer.org/dotbot; help@moz.com)"
66.249.70.86 - - [20/Jul/2021:03:01:26 +0400] "GET /ebu/kontrollery-ebu-pod-e-gaz/page/2?loop=15&woo_ajax=1 HTTP/1.1" 200 6194 "https://test.ru/ebu/kontrollery-ebu-pod-e-gaz" "Mozilla/5.0 (Linux; Android 6.0.1; Nexus 5X Build/MMB29P) AppleWebKit/537.36 (KHTML, like Gecko) Chrome/91.0.4472.90 Mobile Safari/537.36 (compatible; Googlebot/2.1; +http://www.google.com/bot.html)"
54.36.148.236 - - [20/Jul/2021:03:02:06 +0400] "GET /product-category/vneshnij-vid-lada/x-ray-dop/nakladki-x-ray HTTP/2.0" 200 67286 "-" "Mozilla/5.0 (compatible; AhrefsBot/7.0; +http://ahrefs.com/robot/)"
5.255.231.93 - - [20/Jul/2021:03:02:54 +0400] "GET / HTTP/1.1" 301 162 "-" "Mozilla/5.0 (compatible; YandexMetrika/3.0; +http://yandex.com/bots)"
172.20.0.1 - - [20/Jul/2021:03:03:39 +0400] "POST /wp-cron.php?doing_wp_cron=1626735819.4362800121307373046875 HTTP/1.1" 200 31 "https://test.ru/wp-cron.php?doing_wp_cron=1626735819.4362800121307373046875" "WordPress/5.5.5; https://test.ru"
66.249.70.86 - - [20/Jul/2021:03:04:43 +0400] "GET /product-category/elementy-interera/priora-interer/obivki-dverej-i-komplektuyushhie-priora/amp HTTP/1.1" 200 19654 "-" "Mozilla/5.0 (Linux; Android 6.0.1; Nexus 5X Build/MMB29P) AppleWebKit/537.36 (KHTML, like Gecko) Chrome/91.0.4472.90 Mobile Safari/537.36 (compatible; Googlebot/2.1; +http://www.google.com/bot.html)"
66.249.70.86 - - [20/Jul/2021:03:05:39 +0400] "POST /wp-admin/admin-ajax.php HTTP/1.1" 200 768 "https://test.ru/product-category/vneshnij-vid-lada/vesta-sw-cross-dop/zashhita-porogov-toyota-vesta-sw-cross-dop" "Mozilla/5.0 (Linux; Android 6.0.1; Nexus 5X Build/MMB29P) AppleWebKit/537.36 (KHTML, like Gecko) Chrome/91.0.4472.90 Mobile Safari/537.36 (compatible; Googlebot/2.1; +http://www.google.com/bot.html)"
66.249.70.86 - - [20/Jul/2021:03:06:33 +0400] "GET /product/komplekt-sharovyh-opor-zalivnye-bzak-profi-dlya-vaz-2101-2107 HTTP/1.1" 200 84023 "-" "Mozilla/5.0 (compatible; Googlebot/2.1; +http://www.google.com/bot.html)"
5.255.253.144 - - [20/Jul/2021:03:07:26 +0400] "GET /product/zashhita-porogov-s-alyuminievym-listom-d51-iz-nerzhaveyushhej-stali-dlya-geely-atlas-2016-n-v/amp HTTP/1.1" 200 55329 "-" "Mozilla/5.0 (compatible; YandexBot/3.0; +http://yandex.com/bots)"
81.222.189.173 - - [20/Jul/2021:03:09:17 +0400] "GET /product/drosselnaya-zaslonka-uvelichennogo-diametra-56mm-dlya-vaz-2108-2115-2110-2112-priora-kalina-granta HTTP/2.0" 200 51888 "-" "Mozilla/5.0 (X11; Linux x86_64; rv:33.0) Gecko/20100101 Firefox/33.0"
172.20.0.1 - - [20/Jul/2021:03:10:55 +0400] "POST /wp-admin/admin-ajax.php?action=wp_example_process&nonce=79d740c5ab HTTP/1.1" 499 0 "https://test.ru/wp-admin/admin-ajax.php?action=wp_example_process&nonce=79d740c5ab" "WordPress/5.5.5; https://test.ru"
5.255.253.144 - - [20/Jul/2021:03:11:53 +0400] "GET /product-category/transmissiya/korobki-pereklyucheniya-peredach-kpp/granta-kpp HTTP/1.1" 200 68521 "-" "Mozilla/5.0 (compatible; YandexBot/3.0; +http://yandex.com/bots)"
5.255.253.144 - - [20/Jul/2021:03:12:17 +0400] "GET /payment-and-delivery HTTP/1.1" 200 69478 "-" "Mozilla/5.0 (compatible; YandexBot/3.0; +http://yandex.com/bots)"
5.255.231.93 - - [20/Jul/2021:03:12:43 +0400] "GET /cart HTTP/1.1" 200 41216 "-" "Mozilla/5.0 (compatible; YandexBot/3.0; +http://yandex.com/bots)"
172.20.0.1 - - [20/Jul/2021:03:13:09 +0400] "POST /wp-cron.php?doing_wp_cron=1626736389.5427870750427246093750 HTTP/1.1" 200 31 "https://test.ru/wp-cron.php?doing_wp_cron=1626736389.5427870750427246093750" "WordPress/5.5.5; https://test.ru"
5.255.253.144 - - [20/Jul/2021:03:13:37 +0400] "GET /product-category/rejlingi-i-poperechiny-lada/granta-liftbek HTTP/1.1" 200 74369 "-" "Mozilla/5.0 (compatible; YandexBot/3.0; +http://yandex.com/bots)"
5.255.253.144 - - [20/Jul/2021:03:14:07 +0400] "GET /product-category/vneshnij-vid-lada/largus-dop/bagazhniki-largus HTTP/1.1" 200 76934 "-" "Mozilla/5.0 (compatible; YandexBot/3.0; +http://yandex.com/bots)"
5.255.253.144 - - [20/Jul/2021:03:14:36 +0400] "GET /product-category/transmissiya/korobki-pereklyucheniya-peredach-kpp/lada-4x4-kpp HTTP/1.1" 200 67393 "-" "Mozilla/5.0 (compatible; YandexBot/3.0; +http://yandex.com/bots)"
172.20.0.1 - - [20/Jul/2021:03:15:16 +0400] "POST /wp-cron.php?doing_wp_cron=1626736516.1220090389251708984375 HTTP/1.1" 200 31 "https://test.ru/wp-cron.php?doing_wp_cron=1626736516.1220090389251708984375" "WordPress/5.5.5; https://test.ru"
66.249.70.88 - - [20/Jul/2021:03:15:39 +0400] "GET /product/podiumy-modifikatsiya-3-pod-16-sm-dinamiki-na-lada-kalina HTTP/1.1" 200 84169 "-" "Mozilla/5.0 (Linux; Android 6.0.1; Nexus 5X Build/MMB29P) AppleWebKit/537.36 (KHTML, like Gecko) Chrome/91.0.4472.90 Mobile Safari/537.36 (compatible; Googlebot/2.1; +http://www.google.com/bot.html)"
5.255.253.144 - - [20/Jul/2021:03:16:23 +0400] "GET / HTTP/1.1" 200 83035 "-" "Mozilla/5.0 (compatible; YandexBot/3.0; +http://yandex.com/bots) AppleWebKit/537.36 (KHTML, like Gecko) Chrome/81.0.4044.268"
66.249.70.92 - - [20/Jul/2021:03:16:48 +0400] "GET /product/val-kardannyj-zadnij-dlya-shevrole-niva-fam-1 HTTP/1.1" 200 84410 "-" "Mozilla/5.0 (compatible; Googlebot/2.1; +http://www.google.com/bot.html)"
66.249.70.88 - - [20/Jul/2021:03:17:25 +0400] "GET /product-category/elementy-interera/lada-4x4-interer HTTP/1.1" 200 81420 "-" "Mozilla/5.0 (Linux; Android 6.0.1; Nexus 5X Build/MMB29P) AppleWebKit/537.36 (KHTML, like Gecko) Chrome/91.0.4472.90 Mobile Safari/537.36 (compatible; Googlebot/2.1; +http://www.google.com/bot.html)"
66.249.70.86 - - [20/Jul/2021:03:18:07 +0400] "GET /product/pylnik-rulevoj-rejki-cs-20-poliuretanovyj-dlya-vaz-2108-2109-21099-2113-2114-2115 HTTP/1.1" 200 83400 "-" "Mozilla/5.0 (compatible; Googlebot/2.1; +http://www.google.com/bot.html)"
40.77.167.25 - - [20/Jul/2021:03:18:32 +0400] "GET /product-category/vneshnij-vid-inomarki/lexus-vneshnij-vid-inomarki/lexus-450d/zashhita-zadnego-bampera-uaz-lexus-450d HTTP/2.0" 200 65578 "-" "Mozilla/5.0 (compatible; bingbot/2.0; +http://www.bing.com/bingbot.htm)"
66.249.70.88 - - [20/Jul/2021:03:19:03 +0400] "GET /product/rul-kelt-na-vaz-2101-2107-2108-21099-2110-2112-2113-2115-lada-niva-4h4 HTTP/1.1" 200 84126 "-" "Mozilla/5.0 (compatible; Googlebot/2.1; +http://www.google.com/bot.html)"
66.249.70.90 - - [20/Jul/2021:03:19:44 +0400] "GET /product/karbyurator-11110-1107010-00 HTTP/1.1" 200 79913 "-" "Mozilla/5.0 (compatible; Googlebot/2.1; +http://www.google.com/bot.html)"
66.249.70.86 - - [20/Jul/2021:03:20:48 +0400] "GET /product/podiumy-pod-dinamiki-16-sm-na-perednie-dveri-vaz-2110-2112/amp HTTP/1.1" 200 55308 "-" "Mozilla/5.0 (Linux; Android 6.0.1; Nexus 5X Build/MMB29P) AppleWebKit/537.36 (KHTML, like Gecko) Chrome/91.0.4472.90 Mobile Safari/537.36 (compatible; Googlebot/2.1; +http://www.google.com/bot.html)"
172.20.0.1 - - [20/Jul/2021:03:21:56 +0400] "POST /wp-cron.php?doing_wp_cron=1626736916.8690969944000244140625 HTTP/1.1" 200 31 "https://test.ru/wp-cron.php?doing_wp_cron=1626736916.8690969944000244140625" "WordPress/5.5.5; https://test.ru"
5.255.253.144 - - [20/Jul/2021:03:22:33 +0400] "GET /shop HTTP/1.1" 200 67104 "-" "Mozilla/5.0 (compatible; YandexBot/3.0; +http://yandex.com/bots)"
66.249.70.90 - - [20/Jul/2021:03:23:02 +0400] "POST /wp-admin/admin-ajax.php HTTP/1.1" 200 768 "https://test.ru/product-category/elementy-interera/lada-4x4-interer/solntsezashhitnye-kozyrki-lada-4x4" "Mozilla/5.0 (Linux; Android 6.0.1; Nexus 5X Build/MMB29P) AppleWebKit/537.36 (KHTML, like Gecko) Chrome/91.0.4472.90 Mobile Safari/537.36 (compatible; Googlebot/2.1; +http://www.google.com/bot.html)"
5.44.168.139 - - [20/Jul/2021:03:23:48 +0400] "GET /product-category/optika/lada-4x4-kpp-optika/podfarniki HTTP/1.1" 301 162 "-" "Mozilla/5.0 (Windows NT 6.1; WOW64) AppleWebKit/537.36 (KHTML, like Gecko) Chrome/91.0.4472.114 Safari/537.36 OPR/77.0.4054.172 (Edition Yx)"
5.255.253.144 - - [20/Jul/2021:03:24:47 +0400] "GET /feed/turbo/?paged=4 HTTP/1.1" 200 80495 "-" "Mozilla/5.0 (compatible; YandexTurbo/1.0; +http://yandex.com/bots)"
66.249.70.86 - - [20/Jul/2021:03:25:46 +0400] "POST /wp-admin/admin-ajax.php HTTP/1.1" 200 1448 "https://test.ru/product-category/elementy-interera/lada-4x4-interer/panel-torpedo-lada-4x4" "Mozilla/5.0 (Linux; Android 6.0.1; Nexus 5X Build/MMB29P) AppleWebKit/537.36 (KHTML, like Gecko) Chrome/91.0.4472.90 Mobile Safari/537.36 (compatible; Googlebot/2.1; +http://www.google.com/bot.html)"
172.20.0.1 - - [20/Jul/2021:03:26:30 +0400] "POST /wp-cron.php?doing_wp_cron=1626737190.4848439693450927734375 HTTP/1.1" 200 31 "https://test.ru/wp-cron.php?doing_wp_cron=1626737190.4848439693450927734375" "WordPress/5.5.5; https://test.ru"
5.255.253.144 - - [20/Jul/2021:03:27:19 +0400] "GET /feed/turbo/?paged=5 HTTP/1.1" 200 80495 "-" "Mozilla/5.0 (compatible; YandexTurbo/1.0; +http://yandex.com/bots)"
40.77.167.74 - - [20/Jul/2021:03:28:22 +0400] "GET /product-category/elektronnye-bloki-upravleniya/elektrika-i-elektronika/kontrollery-ebu-yanvar/page/2?add_to_wishlist=26481 HTTP/2.0" 200 74029 "-" "Mozilla/5.0 (compatible; bingbot/2.0; +http://www.bing.com/bingbot.htm)"
207.46.13.141 - - [20/Jul/2021:03:28:56 +0400] "GET /product-category/transmissiya/page/2 HTTP/2.0" 200 74249 "-" "Mozilla/5.0 (compatible; bingbot/2.0; +http://www.bing.com/bingbot.htm)"
128.199.22.51 - - [20/Jul/2021:03:30:16 +0400] "\x16\x03\x01\x01\xFB\x01\x00\x01\xF7\x03\x03;\xE1\xBE\xF6\xB3" 400 150 "-" "-"
114.119.150.149 - - [20/Jul/2021:03:30:58 +0400] "GET /product-category/vneshnij-vid-inomarki/geely-vneshnij-vid-inomarki/geely-emgrand-x7 HTTP/1.1" 200 71673 "-" "Mozilla/5.0 (Linux; Android 7.0;) AppleWebKit/537.36 (KHTML, like Gecko) Mobile Safari/537.36 (compatible; PetalBot;+https://webmaster.petalsearch.com/site/petalbot)"
66.249.70.86 - - [20/Jul/2021:03:31:51 +0400] "GET /product/perednie-ptf-dlya-lada-kalina-2/amp HTTP/1.1" 200 53919 "-" "Mozilla/5.0 (Linux; Android 6.0.1; Nexus 5X Build/MMB29P) AppleWebKit/537.36 (KHTML, like Gecko) Chrome/91.0.4472.90 Mobile Safari/537.36 (compatible; Googlebot/2.1; +http://www.google.com/bot.html)"
5.255.253.144 - - [20/Jul/2021:03:32:49 +0400] "GET /product-category/elementy-interera HTTP/1.1" 200 78559 "-" "Mozilla/5.0 (compatible; YandexBot/3.0; +http://yandex.com/bots)"
5.255.253.144 - - [20/Jul/2021:03:33:10 +0400] "GET /product-category/elektrika-i-elektronika HTTP/1.1" 200 76019 "-" "Mozilla/5.0 (compatible; YandexBot/3.0; +http://yandex.com/bots)"
5.255.253.144 - - [20/Jul/2021:03:33:31 +0400] "GET /product-category/vneshnij-vid-inomarki/jeep-vneshnij-vid-inomarki/jeep-wrangler/amp HTTP/1.1" 200 14331 "-" "Mozilla/5.0 (compatible; YandexBot/3.0; +http://yandex.com/bots)"
85.249.165.49 - - [20/Jul/2021:03:34:04 +0400] "GET /wp-admin/admin-ajax.php?action=woodmart_ajax_search&number=20&post_type=product&query=%D0%9A%D0%BE%D0%BD%D1%81%D0%BE%D0%BB%D1%8C+%D0%BA%D0%B0%D0%BB%D0%B8%D0%BD HTTP/2.0" 499 0 "https://test.ru/" "Mozilla/5.0 (Linux; arm_64; Android 8.0.0; PIC-LX9) AppleWebKit/537.36 (KHTML, like Gecko) Chrome/90.0.4430.216 YaBrowser/21.5.2.110.00 SA/3 Mobile Safari/537.36"
37.45.248.22 - - [20/Jul/2021:03:34:17 +0400] "POST /my-account HTTP/1.0" 302 0 "https://test.ru/my-account" "Mozilla/5.0 (Windows NT 6.3; Win64; x64) AppleWebKit/537.36 (KHTML, like Gecko) Chrome/90.0.4430.93 Safari/537.36"
66.249.70.86 - - [20/Jul/2021:03:34:46 +0400] "GET /product/duga-perednyaya-dlya-dopolnitelnyh-far-iz-nerzhaveyushhej-stali-dlya-daf-ft-xf105-410-460-2008-2013-g/amp HTTP/1.1" 200 54682 "-" "Mozilla/5.0 (Linux; Android 6.0.1; Nexus 5X Build/MMB29P) AppleWebKit/537.36 (KHTML, like Gecko) Chrome/91.0.4472.90 Mobile Safari/537.36 (compatible; Googlebot/2.1; +http://www.google.com/bot.html)"
5.255.253.144 - - [20/Jul/2021:03:35:07 +0400] "GET /product-category/optika/lada-4x4-kpp-optika HTTP/1.1" 200 78529 "-" "Mozilla/5.0 (compatible; YandexBot/3.0; +http://yandex.com/bots)"
66.249.70.86 - - [20/Jul/2021:03:35:29 +0400] "GET /product-category/vneshnij-vid-inomarki/volkswagen-vneshnij-vid-inomarki/volkswagen-multivan/farkopy-tsu-volkswagen-multivan HTTP/1.1" 200 67071 "-" "Mozilla/5.0 (Linux; Android 6.0.1; Nexus 5X Build/MMB29P) AppleWebKit/537.36 (KHTML, like Gecko) Chrome/91.0.4472.90 Mobile Safari/537.36 (compatible; Googlebot/2.1; +http://www.google.com/bot.html)"
5.255.253.144 - - [20/Jul/2021:03:35:51 +0400] "GET /product-category/vneshnij-vid-inomarki/volkswagen-vneshnij-vid-inomarki/volkswagen-tiguan/zashhita-porogov-porogi-uaz-volkswagen-tiguan HTTP/1.1" 200 68370 "-" "Mozilla/5.0 (compatible; YandexBot/3.0; +http://yandex.com/bots)"
31.173.85.247 - - [20/Jul/2021:03:36:11 +0400] "POST /wp-admin/admin-ajax.php HTTP/2.0" 200 1409 "https://test.ru/product-category/vneshnij-vid-lada/vaz-2113-2114-2115-vneshnij-vid-lada" "Mozilla/5.0 (Linux; Android 7.1.2; Redmi 4X) AppleWebKit/537.36 (KHTML, like Gecko) Chrome/86.0.4240.198 Mobile Safari/537.36"
185.191.171.22 - - [20/Jul/2021:03:36:54 +0400] "GET /robots.txt HTTP/1.1" 200 126 "-" "Mozilla/5.0 (compatible; SemrushBot/7~bl; +http://www.semrush.com/bot.html)"
157.55.39.26 - - [20/Jul/2021:03:37:30 +0400] "GET /product-category/vneshnij-vid-lada/largus-dop HTTP/2.0" 200 79644 "-" "Mozilla/5.0 (compatible; bingbot/2.0; +http://www.bing.com/bingbot.htm)"
5.255.231.93 - - [20/Jul/2021:03:37:46 +0400] "GET /product/zavodskaya-chernaya-konsol-perednej-paneli-lada-kalina HTTP/1.1" 200 83554 "-" "Mozilla/5.0 (compatible; YandexBot/3.0; +http://yandex.com/bots)"
5.255.253.144 - - [20/Jul/2021:03:38:23 +0400] "GET /product-category/transmissiya/razdatochnye-korobki HTTP/1.1" 200 81747 "-" "Mozilla/5.0 (compatible; YandexBot/3.0; +http://yandex.com/bots)"
185.191.171.45 - - [20/Jul/2021:03:38:59 +0400] "GET /product/komplekt-obivki-sidenij-iz-ekokozhi-romb-eto-ne-chehly-dlya-lada-priora-2-sedan HTTP/1.1" 200 85910 "-" "Mozilla/5.0 (compatible; SemrushBot/7~bl; +http://www.semrush.com/bot.html)"
207.46.13.46 - - [20/Jul/2021:03:39:50 +0400] "GET /product/anatomicheskij-rul-ekokozha-tsvetnaya-strochka-dlya-lada-vesta HTTP/2.0" 200 82856 "-" "Mozilla/5.0 (compatible; bingbot/2.0; +http://www.bing.com/bingbot.htm)"
85.249.165.49 - - [20/Jul/2021:03:40:44 +0400] "POST /wp-admin/admin-ajax.php HTTP/2.0" 200 1463 "https://test.ru/product-category/elementy-interera/kalina-interer" "Mozilla/5.0 (Linux; arm_64; Android 8.0.0; PIC-LX9) AppleWebKit/537.36 (KHTML, like Gecko) Chrome/90.0.4430.216 YaBrowser/21.5.2.110.00 SA/3 Mobile Safari/537.36"
5.255.253.144 - - [20/Jul/2021:03:41:28 +0400] "GET /product/zashhita-perednego-bampera-dvojnaya-s-plastinami-63-63mm-nerzhaveyushhaya-polirovannaya-stal-renault-duster-2012-2015-07010104 HTTP/1.1" 200 86784 "-" "Mozilla/5.0 (compatible; YandexBot/3.0; +http://yandex.com/bots)"
54.36.148.131 - - [20/Jul/2021:03:42:30 +0400] "GET /product/porogi-bumer-alyuminievye-s-rezinkoj-iz-nerzhaveyushhej-stali-dlya-kia-sorento-2012-2014-g HTTP/2.0" 200 83460 "-" "Mozilla/5.0 (compatible; AhrefsBot/7.0; +http://ahrefs.com/robot/)"
5.255.253.144 - - [20/Jul/2021:03:42:54 +0400] "GET /product/shtatnoe-standartnoe-penolite-na-perednie-sideniya-dlya-lada-kalina-2-sport-granta-sport HTTP/1.1" 200 83641 "-" "Mozilla/5.0 (compatible; YandexBot/3.0; +http://yandex.com/bots)"
85.249.165.49 - - [20/Jul/2021:03:43:11 +0400] "GET /wp-json/pwa-for-wp/v2/pwa-manifest-json HTTP/2.0" 200 375 "-" "Mozilla/5.0 (Linux; arm_64; Android 8.0.0; PIC-LX9) AppleWebKit/537.36 (KHTML, like Gecko) Chrome/90.0.4430.216 YaBrowser/21.5.2.110.00 SA/3 TA/7.1 Mobile Safari/537.36"
66.249.70.86 - - [20/Jul/2021:03:43:27 +0400] "GET /product/svetodiodnye-zadnie-fonari-britaniya-chernye-dlya-lada-niva-2121-21213-21214-2131 HTTP/1.1" 200 84108 "-" "Mozilla/5.0 (compatible; Googlebot/2.1; +http://www.google.com/bot.html)"
66.249.70.88 - - [20/Jul/2021:03:43:45 +0400] "POST /wp-admin/admin-ajax.php HTTP/1.1" 200 698 "https://test.ru/product/porogi-truba-s-prostupyu-s-metallicheskoj-zaglushkoj-dlya-lada-niva-2131" "Mozilla/5.0 AppleWebKit/537.36 (KHTML, like Gecko; compatible; Googlebot/2.1; +http://www.google.com/bot.html) Chrome/91.0.4472.90 Safari/537.36"
40.77.167.25 - - [20/Jul/2021:03:44:21 +0400] "GET /product/oblitsovka-potolka-comfort-grafit-s-plafonom-0401-pl-53-dlya-lada-4x4-2121-21213-21214-2131 HTTP/2.0" 404 33921 "-" "Mozilla/5.0 (compatible; bingbot/2.0; +http://www.bing.com/bingbot.htm)"
66.249.70.86 - - [20/Jul/2021:03:45:58 +0400] "GET /product/stojka-perednyaya-granta-2190-gidravlika-seriya-komfort HTTP/1.1" 200 84505 "-" "Mozilla/5.0 (Linux; Android 6.0.1; Nexus 5X Build/MMB29P) AppleWebKit/537.36 (KHTML, like Gecko) Chrome/91.0.4472.90 Mobile Safari/537.36 (compatible; Googlebot/2.1; +http://www.google.com/bot.html)"
66.102.9.137 - - [20/Jul/2021:03:48:20 +0400] "GET / HTTP/1.1" 200 83204 "-" "Mozilla/5.0 (X11; Linux x86_64) AppleWebKit/537.36 (KHTML, like Gecko) Chrome/49.0.2623.75 Safari/537.36 Google Favicon"
172.20.0.1 - - [20/Jul/2021:03:49:48 +0400] "POST /wp-admin/admin-ajax.php?action=wp_example_process&nonce=79d740c5ab HTTP/1.1" 499 0 "https://test.ru/wp-admin/admin-ajax.php?action=wp_example_process&nonce=79d740c5ab" "WordPress/5.5.5; https://test.ru"
40.77.167.11 - - [20/Jul/2021:03:51:00 +0400] "GET /product/penolite-shtatnoe-standartnoe-na-nizhnyuyu-chast-perednego-sideniya-dlya-nivy-4h4-2121-21213-21214-2131-i-urban HTTP/2.0" 200 83825 "-" "Mozilla/5.0 (compatible; bingbot/2.0; +http://www.bing.com/bingbot.htm)"
66.249.70.88 - - [20/Jul/2021:03:52:00 +0400] "GET /product-category/elektrika-i-elektronika/ehlektronnye-bloki-upravleniya/kontrollery-ebu-bosch/chevrolet-niva-kontrollery-ebu-bosch/amp HTTP/1.1" 200 12739 "-" "Mozilla/5.0 (Linux; Android 6.0.1; Nexus 5X Build/MMB29P) AppleWebKit/537.36 (KHTML, like Gecko) Chrome/91.0.4472.90 Mobile Safari/537.36 (compatible; Googlebot/2.1; +http://www.google.com/bot.html)"
66.249.70.86 - - [20/Jul/2021:03:53:14 +0400] "GET /product/kryshka-bardachka-lada-4x4-neobhodima-pri-ustanovke-paneli-priborov-lada-4x4-comfort HTTP/1.1" 301 5 "-" "Mozilla/5.0 (Linux; Android 6.0.1; Nexus 5X Build/MMB29P) AppleWebKit/537.36 (KHTML, like Gecko) Chrome/91.0.4472.90 Mobile Safari/537.36 (compatible; Googlebot/2.1; +http://www.google.com/bot.html)"
5.45.207.72 - - [20/Jul/2021:03:54:03 +0400] "POST /wp-admin/admin-ajax.php HTTP/1.1" 200 1819 "https://test.ru/" "Mozilla/5.0 (compatible; YandexBot/3.0; +http://yandex.com/bots) AppleWebKit/537.36 (KHTML, like Gecko) Chrome/81.0.4044.268"
66.249.70.86 - - [20/Jul/2021:03:54:40 +0400] "GET /product-category/vneshnij-vid-inomarki/volkswagen-vneshnij-vid-inomarki/volkswagen-multivan/farkopy-tsu-volkswagen-multivan/amp HTTP/1.1" 200 12571 "-" "Mozilla/5.0 (Linux; Android 6.0.1; Nexus 5X Build/MMB29P) AppleWebKit/537.36 (KHTML, like Gecko) Chrome/91.0.4472.90 Mobile Safari/537.36 (compatible; Googlebot/2.1; +http://www.google.com/bot.html)"
157.55.39.12 - - [20/Jul/2021:03:55:57 +0400] "GET /product-category/elementy-interera/vaz-2108-2109-21099-elementy-interera/sidenya-i-komplektuyushhie-2108-21099 HTTP/2.0" 200 69646 "-" "Mozilla/5.0 (compatible; bingbot/2.0; +http://www.bing.com/bingbot.htm)"
66.249.70.86 - - [20/Jul/2021:03:57:56 +0400] "GET /product/porogi-alyuminievye-chernye-dlya-lada-granta-kalina-2-datsun HTTP/1.1" 200 85349 "-" "Mozilla/5.0 (compatible; Googlebot/2.1; +http://www.google.com/bot.html)"
40.77.167.11 - - [20/Jul/2021:03:59:00 +0400] "GET /product-category/elementy-interera/vaz-2108-2109-21099-elementy-interera/obivki-dverej-i-komplektuyushhie-2108-21099 HTTP/2.0" 200 74772 "-" "Mozilla/5.0 (compatible; bingbot/2.0; +http://www.bing.com/bingbot.htm)"
66.249.70.86 - - [20/Jul/2021:04:00:07 +0400] "POST /wp-admin/admin-ajax.php HTTP/1.1" 200 774 "https://test.ru/product-category/vneshnij-vid-inomarki/nissan-vneshnij-vid-inomarki/nissan-qashqai/farkopy-tsu-nissan-qashqai" "Mozilla/5.0 (Linux; Android 6.0.1; Nexus 5X Build/MMB29P) AppleWebKit/537.36 (KHTML, like Gecko) Chrome/91.0.4472.90 Mobile Safari/537.36 (compatible; Googlebot/2.1; +http://www.google.com/bot.html)"
5.255.253.144 - - [20/Jul/2021:04:01:45 +0400] "GET /product/komplekt-obivki-sidenij-iz-ekokozhi-soty-eto-ne-chehly-dlya-lada-priora-2-hetchbek HTTP/1.1" 200 86230 "-" "Mozilla/5.0 (compatible; YandexBot/3.0; +http://yandex.com/bots)"
172.20.0.1 - - [20/Jul/2021:04:02:53 +0400] "POST /wp-cron.php?doing_wp_cron=1626739373.9607529640197753906250 HTTP/1.1" 200 31 "https://test.ru/wp-cron.php?doing_wp_cron=1626739373.9607529640197753906250" "WordPress/5.5.5; https://test.ru"
66.249.70.86 - - [20/Jul/2021:04:03:43 +0400] "GET /product/zashhita-perednego-bampera-dvojnaya-s-uglami-63-51-mm-ppk-great-wall-hover-h5-2011-13051101 HTTP/1.1" 200 85604 "-" "Mozilla/5.0 (Linux; Android 6.0.1; Nexus 5X Build/MMB29P) AppleWebKit/537.36 (KHTML, like Gecko) Chrome/91.0.4472.90 Mobile Safari/537.36 (compatible; Googlebot/2.1; +http://www.google.com/bot.html)"
66.249.70.86 - - [20/Jul/2021:04:04:08 +0400] "GET /product/komplekt-obivki-sidenij-iz-ekokozhi-kvadrat-s-perforatsiej-eto-ne-chehly-dlya-lada-granta HTTP/1.1" 200 86617 "-" "Mozilla/5.0 (Linux; Android 6.0.1; Nexus 5X Build/MMB29P) AppleWebKit/537.36 (KHTML, like Gecko) Chrome/91.0.4472.90 Mobile Safari/537.36 (compatible; Googlebot/2.1; +http://www.google.com/bot.html)"
66.249.70.88 - - [20/Jul/2021:04:04:42 +0400] "GET /product/komplekt-obivki-sidenij-iz-ekokozhi-s-vstavkoj-iz-tkani-kvadrat-eto-ne-chehly-dlya-vaz-2111-2112 HTTP/1.1" 200 86924 "-" "Mozilla/5.0 (Linux; Android 6.0.1; Nexus 5X Build/MMB29P) AppleWebKit/537.36 (KHTML, like Gecko) Chrome/91.0.4472.90 Mobile Safari/537.36 (compatible; Googlebot/2.1; +http://www.google.com/bot.html)"
66.249.70.88 - - [20/Jul/2021:04:05:16 +0400] "GET /product/zashhita-perednego-bampera-odinarnaya-o63-mm-dlya-lada-niva-4h4 HTTP/1.1" 200 85454 "-" "Mozilla/5.0 (Linux; Android 6.0.1; Nexus 5X Build/MMB29P) AppleWebKit/537.36 (KHTML, like Gecko) Chrome/91.0.4472.90 Mobile Safari/537.36 (compatible; Googlebot/2.1; +http://www.google.com/bot.html)"
5.255.253.144 - - [20/Jul/2021:04:05:49 +0400] "GET /feed/turbo/?paged=14 HTTP/1.1" 200 80495 "-" "Mozilla/5.0 (compatible; YandexTurbo/1.0; +http://yandex.com/bots)"
172.20.0.1 - - [20/Jul/2021:04:06:12 +0400] "POST /wp-admin/admin-ajax.php?action=wp_example_process&nonce=c4b0abf240 HTTP/1.1" 499 0 "https://test.ru/wp-admin/admin-ajax.php?action=wp_example_process&nonce=c4b0abf240" "WordPress/5.5.5; https://test.ru"
66.249.70.90 - - [20/Jul/2021:04:06:35 +0400] "GET /product/zadnyaya-kryshka-razdatochnoj-korobki-pod-dvuhryadnye-podshipniki-v-sbore-na-lada-niva-2121-21213-21214-2131-shevrole-niva HTTP/1.1" 200 83895 "-" "Mozilla/5.0 (Linux; Android 6.0.1; Nexus 5X Build/MMB29P) AppleWebKit/537.36 (KHTML, like Gecko) Chrome/91.0.4472.90 Mobile Safari/537.36 (compatible; Googlebot/2.1; +http://www.google.com/bot.html)"
95.163.255.226 - - [20/Jul/2021:04:07:02 +0400] "GET /robots.txt HTTP/1.0" 200 160 "-" "Mozilla/5.0 (compatible; Linux x86_64; Mail.RU_Bot/2.0; +http://go.mail.ru/help/robots)"
66.249.70.86 - - [20/Jul/2021:04:07:26 +0400] "GET /product/usilennye-rulevye-tyagi-dlya-lada-niva-2121-21213-21214-2131-shevrole-niva HTTP/1.1" 200 83242 "-" "Mozilla/5.0 (Linux; Android 6.0.1; Nexus 5X Build/MMB29P) AppleWebKit/537.36 (KHTML, like Gecko) Chrome/91.0.4472.90 Mobile Safari/537.36 (compatible; Googlebot/2.1; +http://www.google.com/bot.html)"
185.191.171.14 - - [20/Jul/2021:04:08:03 +0400] "GET /dopolnitelnoe-lada/bagazhniki HTTP/1.1" 200 72957 "-" "Mozilla/5.0 (compatible; SemrushBot/7~bl; +http://www.semrush.com/bot.html)"
54.36.148.86 - - [20/Jul/2021:04:08:41 +0400] "GET /product/penolite-shtatnoe-standartnoe-na-spinku-perednego-sideniya-dlya-lada-priora HTTP/2.0" 200 83361 "-" "Mozilla/5.0 (compatible; AhrefsBot/7.0; +http://ahrefs.com/robot/)"
66.249.70.86 - - [20/Jul/2021:04:09:19 +0400] "GET /product/rejlingi-chernye-dlya-shevrole-niva HTTP/1.1" 301 5 "-" "Mozilla/5.0 (Linux; Android 6.0.1; Nexus 5X Build/MMB29P) AppleWebKit/537.36 (KHTML, like Gecko) Chrome/91.0.4472.90 Mobile Safari/537.36 (compatible; Googlebot/2.1; +http://www.google.com/bot.html)"
40.77.167.25 - - [20/Jul/2021:04:09:45 +0400] "GET /product/bagazhniki-aero-s-krepleniem-krab-na-rejlingi-anod-seryj-2sht-2087-azv-11 HTTP/2.0" 404 33922 "-" "Mozilla/5.0 (compatible; bingbot/2.0; +http://www.bing.com/bingbot.htm)"
66.249.70.88 - - [20/Jul/2021:04:10:25 +0400] "GET /product/stojki-perednie-gazomaslyannye-demfi-premium-s-zanizheniem-30-dlya-lada-priora HTTP/1.1" 200 85919 "-" "Mozilla/5.0 (Linux; Android 6.0.1; Nexus 5X Build/MMB29P) AppleWebKit/537.36 (KHTML, like Gecko) Chrome/91.0.4472.90 Mobile Safari/537.36 (compatible; Googlebot/2.1; +http://www.google.com/bot.html)"
66.249.70.86 - - [20/Jul/2021:04:11:03 +0400] "GET /product-category/transmissiya/korobki-pereklyucheniya-peredach-kpp/lada-4x4-kpp HTTP/1.1" 200 67404 "-" "Mozilla/5.0 (Linux; Android 6.0.1; Nexus 5X Build/MMB29P) AppleWebKit/537.36 (KHTML, like Gecko) Chrome/91.0.4472.90 Mobile Safari/537.36 (compatible; Googlebot/2.1; +http://www.google.com/bot.html)"
185.191.171.40 - - [20/Jul/2021:04:11:32 +0400] "GET /product/rejlingi-hyundai-tucson-anod-seryj-0265-11 HTTP/1.1" 301 5 "-" "Mozilla/5.0 (compatible; SemrushBot/7~bl; +http://www.semrush.com/bot.html)"
172.20.0.1 - - [20/Jul/2021:04:12:59 +0400] "POST /wp-cron.php?doing_wp_cron=1626739979.9771559238433837890625 HTTP/1.1" 200 31 "https://test.ru/wp-cron.php?doing_wp_cron=1626739979.9771559238433837890625" "WordPress/5.5.5; https://test.ru"
66.249.70.86 - - [20/Jul/2021:04:13:47 +0400] "GET /product/kardan-zadnij-perednij-serp-i-molot-so-shrusami-dlya-shevrole-niva-2123 HTTP/1.1" 200 84933 "-" "Mozilla/5.0 (compatible; Googlebot/2.1; +http://www.google.com/bot.html)"
66.249.70.88 - - [20/Jul/2021:04:14:21 +0400] "GET /product/shesterni-pyatoj-peredachi-0-795-dlya-lada-largus-x-ray HTTP/1.1" 200 84713 "-" "Mozilla/5.0 (compatible; Googlebot/2.1; +http://www.google.com/bot.html)"
66.249.70.86 - - [20/Jul/2021:04:14:56 +0400] "GET /product/kontroller-ebu-itelma-21127-1411020-63 HTTP/1.1" 200 84374 "-" "Mozilla/5.0 (compatible; Googlebot/2.1; +http://www.google.com/bot.html)"
172.20.0.1 - - [20/Jul/2021:04:15:19 +0400] "POST /wp-cron.php?doing_wp_cron=1626740119.7835888862609863281250 HTTP/1.1" 200 31 "https://test.ru/wp-cron.php?doing_wp_cron=1626740119.7835888862609863281250" "WordPress/5.5.5; https://test.ru"
66.249.70.92 - - [20/Jul/2021:04:15:58 +0400] "GET /product-category/vneshnij-vid-lada/priora-dop HTTP/1.1" 200 77037 "-" "Mozilla/5.0 (Linux; Android 6.0.1; Nexus 5X Build/MMB29P) AppleWebKit/537.36 (KHTML, like Gecko) Chrome/91.0.4472.90 Mobile Safari/537.36 (compatible; Googlebot/2.1; +http://www.google.com/bot.html)"
66.249.76.220 - - [20/Jul/2021:04:16:26 +0400] "GET /product/spojler-chistoe-steklo-dlya-lada-kalina-2-universal-granta-fl-universal-nekrashennyj HTTP/1.1" 200 82602 "-" "Mozilla/5.0 (compatible; Googlebot/2.1; +http://www.google.com/bot.html)"
54.36.148.137 - - [20/Jul/2021:04:17:03 +0400] "GET /product/hromirovannye-knopki-zapiraniya-dverej-dlya-kalina-2-granta?add-to-cart=38539 HTTP/2.0" 404 33948 "-" "Mozilla/5.0 (compatible; AhrefsBot/7.0; +http://ahrefs.com/robot/)"
157.55.39.12 - - [20/Jul/2021:04:17:39 +0400] "GET /product/zavodskaya-zaglushka-bortovogo-kompyutera-2108-21099-2113-2115 HTTP/2.0" 200 84128 "-" "Mozilla/5.0 (compatible; bingbot/2.0; +http://www.bing.com/bingbot.htm)"
66.249.70.92 - - [20/Jul/2021:04:17:57 +0400] "GET /product/porogi-truba-s-prostupyu-s-plastikovoj-zaglushkoj-dlya-lada-niva-2121-21213-21214/amp/ HTTP/1.1" 301 5 "-" "Mozilla/5.0 (Linux; Android 6.0.1; Nexus 5X Build/MMB29P) AppleWebKit/537.36 (KHTML, like Gecko) Chrome/91.0.4472.90 Mobile Safari/537.36 (compatible; Googlebot/2.1; +http://www.google.com/bot.html)"
172.20.0.1 - - [20/Jul/2021:04:18:32 +0400] "POST /wp-cron.php?doing_wp_cron=1626740312.8105020523071289062500 HTTP/1.1" 200 31 "https://test.ru/wp-cron.php?doing_wp_cron=1626740312.8105020523071289062500" "WordPress/5.5.5; https://test.ru"
66.249.70.88 - - [20/Jul/2021:04:19:06 +0400] "POST /?wc-ajax=get_refreshed_fragments HTTP/1.1" 200 500 "https://test.ru/product/karman-zadnej-dveri-dlya-2123-chevrolet-niva-0302-02-lyuks" "Mozilla/5.0 AppleWebKit/537.36 (KHTML, like Gecko; compatible; Googlebot/2.1; +http://www.google.com/bot.html) Chrome/91.0.4472.90 Safari/537.36"
207.46.13.46 - - [20/Jul/2021:04:19:40 +0400] "GET /product-category/elementy-interera/kalina-interer/penolite-shtatnoe-kalina HTTP/2.0" 200 68040 "-" "Mozilla/5.0 (compatible; bingbot/2.0; +http://www.bing.com/bingbot.htm)"
66.249.70.86 - - [20/Jul/2021:04:20:17 +0400] "GET /product/kronshtejn-zapasn-kolesa-usilen-zagnutyj-niva-21214-31-0332 HTTP/1.1" 200 83851 "-" "Mozilla/5.0 (compatible; Googlebot/2.1; +http://www.google.com/bot.html)"
178.57.193.148 - - [20/Jul/2021:04:21:19 +0400] "GET /wp-json/pwa-for-wp/v2/pwa-manifest-json HTTP/2.0" 200 375 "https://test.ru/about-us" "Mozilla/5.0 (Windows NT 10.0; Win64; x64) AppleWebKit/537.36 (KHTML, like Gecko) Chrome/91.0.4472.124 Safari/537.36"
66.249.70.86 - - [20/Jul/2021:04:23:21 +0400] "GET /product/zaryadka-usb-shtat-1-2-vmesto-knopki-zaglushki-na-vaz-2110-2112-2113-2115-lada-kalina-shevrole-niva HTTP/1.1" 200 85538 "-" "Mozilla/5.0 (compatible; Googlebot/2.1; +http://www.google.com/bot.html)"
54.36.148.222 - - [20/Jul/2021:04:23:51 +0400] "GET /product-category/vneshnij-vid-lada/lada-4x4-dop/nakladki-lada-4x4 HTTP/2.0" 200 66378 "-" "Mozilla/5.0 (compatible; AhrefsBot/7.0; +http://ahrefs.com/robot/)"
66.249.70.88 - - [20/Jul/2021:04:24:23 +0400] "POST /?wc-ajax=get_refreshed_fragments HTTP/1.1" 200 500 "https://test.ru/product/nakladka-v-proyom-stekloochistitelej-zhabo-abs-lada-largus-2012-01300402" "Mozilla/5.0 AppleWebKit/537.36 (KHTML, like Gecko; compatible; Googlebot/2.1; +http://www.google.com/bot.html) Chrome/91.0.4472.90 Safari/537.36"
66.249.70.86 - - [20/Jul/2021:04:25:12 +0400] "GET /product/kontroller-ebu-yanvar-5-2-2111-1411020-72-itelma/feed HTTP/1.1" 200 981 "-" "Mozilla/5.0 (compatible; Googlebot/2.1; +http://www.google.com/bot.html)"
5.255.231.93 - - [20/Jul/2021:04:26:53 +0400] "GET /feed/turbo/?paged=11 HTTP/1.1" 200 80495 "-" "Mozilla/5.0 (compatible; YandexTurbo/1.0; +http://yandex.com/bots)"
176.59.125.82 - - [20/Jul/2021:04:28:00 +0400] "POST /wp-admin/admin-ajax.php HTTP/2.0" 200 1429 "https://test.ru/product-category/transmissiya/reduktory-mostov" "Mozilla/5.0 (Linux; Android 10; SM-A013F Build/QP1A.190711.020; wv) AppleWebKit/537.36 (KHTML, like Gecko) Version/4.0 Chrome/81.0.4044.138 Mobile Safari/537.36 YandexSearch/7.52 YandexSearchBrowser/7.52"
54.36.148.157 - - [20/Jul/2021:04:30:05 +0400] "GET /product-category/vneshnij-vid-lada/priora-dop/deflektory-priora-dop HTTP/2.0" 200 66827 "-" "Mozilla/5.0 (compatible; AhrefsBot/7.0; +http://ahrefs.com/robot/)"
40.77.167.25 - - [20/Jul/2021:04:31:30 +0400] "GET /product-category/vneshnij-vid-uaz/zashhita-pereda-uaz HTTP/2.0" 200 73548 "-" "Mozilla/5.0 (compatible; bingbot/2.0; +http://www.bing.com/bingbot.htm)"
5.255.253.144 - - [20/Jul/2021:04:32:22 +0400] "GET /product-category/vneshnij-vid-lada/lada-4x4-dop HTTP/1.1" 200 80769 "-" "Mozilla/5.0 (compatible; YandexBot/3.0; +http://yandex.com/bots)"
66.249.70.86 - - [20/Jul/2021:04:33:25 +0400] "GET /product/diodnye-podfarniki-dlya-niva-4x4-s-dho HTTP/1.1" 301 5 "-" "Mozilla/5.0 (Linux; Android 6.0.1; Nexus 5X Build/MMB29P) AppleWebKit/537.36 (KHTML, like Gecko) Chrome/91.0.4472.90 Mobile Safari/537.36 (compatible; Googlebot/2.1; +http://www.google.com/bot.html)"
5.255.253.144 - - [20/Jul/2021:04:34:52 +0400] "GET / HTTP/1.1" 301 162 "-" "Mozilla/5.0 (compatible; YandexMetrika/2.0; +http://yandex.com/bots yabs01)"
40.77.167.74 - - [20/Jul/2021:04:35:55 +0400] "GET /product-category/vneshnij-vid-lada/granta-dop/zashhita-perednego-bampera-x-ray-granta-dop HTTP/2.0" 200 67344 "-" "Mozilla/5.0 (compatible; bingbot/2.0; +http://www.bing.com/bingbot.htm)"
5.255.253.144 - - [20/Jul/2021:04:37:18 +0400] "GET /feed/turbo/?paged=10 HTTP/1.1" 200 80495 "-" "Mozilla/5.0 (compatible; YandexTurbo/1.0; +http://yandex.com/bots)"
66.249.70.86 - - [20/Jul/2021:04:38:12 +0400] "GET /product/dver-zadnyaya-levaya-v-tsvet-na-vaz-2110-2112-lada-priora-sedan-hetchbek/amp HTTP/1.1" 200 55261 "-" "Mozilla/5.0 (Linux; Android 6.0.1; Nexus 5X Build/MMB29P) AppleWebKit/537.36 (KHTML, like Gecko) Chrome/91.0.4472.90 Mobile Safari/537.36 (compatible; Googlebot/2.1; +http://www.google.com/bot.html)"
172.20.0.1 - - [20/Jul/2021:04:39:41 +0400] "POST /wp-cron.php?doing_wp_cron=1626741581.2073879241943359375000 HTTP/1.1" 200 31 "https://test.ru/wp-cron.php?doing_wp_cron=1626741581.2073879241943359375000" "WordPress/5.5.5; https://test.ru"
159.75.47.58 - - [20/Jul/2021:04:39:58 +0400] "GET /wp-login.php HTTP/1.1" 200 3312 "https://45.67.56.171/login" "Mozilla/5.0 (Macintosh; Intel Mac OS X 10_15_5 (Erg\xC3\xA4nzendes Update)) AppleWebKit/605.1.15 (KHTML, like Gecko) Version/12.1.1 Safari/605.1.15"
207.46.13.46 - - [20/Jul/2021:04:40:23 +0400] "GET /product-category/elementy-interera/chevrolet-niva-interer/obivka-sidenij-chevrolet-niva HTTP/2.0" 200 73384 "-" "Mozilla/5.0 (compatible; bingbot/2.0; +http://www.bing.com/bingbot.htm)"
172.20.0.1 - - [20/Jul/2021:04:42:04 +0400] "POST /wp-cron.php?doing_wp_cron=1626741724.3806250095367431640625 HTTP/1.1" 200 31 "https://test.ru/wp-cron.php?doing_wp_cron=1626741724.3806250095367431640625" "WordPress/5.5.5; https://test.ru"
172.20.0.1 - - [20/Jul/2021:04:43:21 +0400] "POST /wp-cron.php?doing_wp_cron=1626741801.0538859367370605468750 HTTP/1.1" 200 31 "https://test.ru/wp-cron.php?doing_wp_cron=1626741801.0538859367370605468750" "WordPress/5.5.5; https://test.ru"
185.191.171.4 - - [20/Jul/2021:04:44:06 +0400] "GET /product/zashhita-zadnego-bampera-truba-d51-dlya-lada-iks-rej HTTP/1.1" 200 83625 "-" "Mozilla/5.0 (compatible; SemrushBot/7~bl; +http://www.semrush.com/bot.html)"
5.255.231.93 - - [20/Jul/2021:04:45:18 +0400] "GET /wp-content/themes/woodmart/fonts/fontawesome-webfont.woff2?v=4.7.0 HTTP/1.1" 200 77160 "https://test.ru/wp-content/themes/woodmart/css/font-awesome.min.css?ver=3.6.1" "Mozilla/5.0 (compatible; YandexBot/3.0; +http://yandex.com/bots) AppleWebKit/537.36 (KHTML, like Gecko) Chrome/81.0.4044.268"
66.249.70.86 - - [20/Jul/2021:04:46:30 +0400] "GET /product/oblitsovka-kombinatsii-priborov-evro-na-vaz-2110-2112/amp HTTP/1.1" 200 55677 "-" "Mozilla/5.0 (Linux; Android 6.0.1; Nexus 5X Build/MMB29P) AppleWebKit/537.36 (KHTML, like Gecko) Chrome/91.0.4472.90 Mobile Safari/537.36 (compatible; Googlebot/2.1; +http://www.google.com/bot.html)"
66.249.70.86 - - [20/Jul/2021:04:47:54 +0400] "POST /?wc-ajax=get_refreshed_fragments HTTP/1.1" 200 500 "https://test.ru/product/zashhita-pereda-truba-d76-dlya-lexus-lx-450d-lx570-c-2015" "Mozilla/5.0 AppleWebKit/537.36 (KHTML, like Gecko; compatible; Googlebot/2.1; +http://www.google.com/bot.html) Chrome/91.0.4472.90 Safari/537.36"
185.191.171.1 - - [20/Jul/2021:04:49:10 +0400] "GET /product/zashhita-porogov-s-alyum-listom-d63-5-lifan-x60-nerzh-1718-h HTTP/1.1" 301 5 "-" "Mozilla/5.0 (compatible; SemrushBot/7~bl; +http://www.semrush.com/bot.html)"
66.249.70.86 - - [20/Jul/2021:04:50:43 +0400] "POST /wp-admin/admin-ajax.php HTTP/1.1" 200 694 "https://test.ru/product-category/vneshnij-vid-lada/x-ray-dop/podlokotnik-x-ray" "Mozilla/5.0 (Linux; Android 6.0.1; Nexus 5X Build/MMB29P) AppleWebKit/537.36 (KHTML, like Gecko) Chrome/91.0.4472.90 Mobile Safari/537.36 (compatible; Googlebot/2.1; +http://www.google.com/bot.html)"
172.20.0.1 - - [20/Jul/2021:04:52:43 +0400] "POST /wp-cron.php?doing_wp_cron=1626742363.4736669063568115234375 HTTP/1.1" 200 31 "https://test.ru/wp-cron.php?doing_wp_cron=1626742363.4736669063568115234375" "WordPress/5.5.5; https://test.ru"
207.46.13.141 - - [20/Jul/2021:04:53:45 +0400] "GET /product/kenguryatnik-s-zashhitoj-dlya-vaz-2113-2114-2115 HTTP/2.0" 200 81631 "-" "Mozilla/5.0 (compatible; bingbot/2.0; +http://www.bing.com/bingbot.htm)"
66.249.70.86 - - [20/Jul/2021:04:54:23 +0400] "GET /product/amortizator-zadnij-kalina-1119-gaz-seriya-premium/amp HTTP/1.1" 200 56887 "-" "Mozilla/5.0 (Linux; Android 6.0.1; Nexus 5X Build/MMB29P) AppleWebKit/537.36 (KHTML, like Gecko) Chrome/91.0.4472.90 Mobile Safari/537.36 (compatible; Googlebot/2.1; +http://www.google.com/bot.html)"
66.249.70.86 - - [20/Jul/2021:04:55:06 +0400] "GET /product/tkan-s-termotisneniem-skif-dlya-peretyazhki-obivok-dverej-razmer-1h1-5-metra/amp HTTP/1.1" 200 57442 "-" "Mozilla/5.0 (Linux; Android 6.0.1; Nexus 5X Build/MMB29P) AppleWebKit/537.36 (KHTML, like Gecko) Chrome/91.0.4472.90 Mobile Safari/537.36 (compatible; Googlebot/2.1; +http://www.google.com/bot.html)"
5.255.253.144 - - [20/Jul/2021:04:56:49 +0400] "GET /shop HTTP/1.1" 200 67116 "-" "Mozilla/5.0 (compatible; YandexBot/3.0; +http://yandex.com/bots)"
5.255.253.144 - - [20/Jul/2021:04:58:01 +0400] "GET /feed/turbo/?paged=13 HTTP/1.1" 200 80495 "-" "Mozilla/5.0 (compatible; YandexTurbo/1.0; +http://yandex.com/bots)"
172.20.0.1 - - [20/Jul/2021:04:59:45 +0400] "POST /wp-cron.php?doing_wp_cron=1626742785.3495249748229980468750 HTTP/1.1" 200 31 "https://test.ru/wp-cron.php?doing_wp_cron=1626742785.3495249748229980468750" "WordPress/5.5.5; https://test.ru"
66.249.70.86 - - [20/Jul/2021:05:01:35 +0400] "GET /product-category/elementy-interera/granta-interer/amp HTTP/1.1" 200 21382 "-" "Mozilla/5.0 (Linux; Android 6.0.1; Nexus 5X Build/MMB29P) AppleWebKit/537.36 (KHTML, like Gecko) Chrome/91.0.4472.90 Mobile Safari/537.36 (compatible; Googlebot/2.1; +http://www.google.com/bot.html)"
66.249.70.86 - - [20/Jul/2021:05:03:27 +0400] "GET /product/zaglushka-stupitsy-na-lada-priora-granta-kalina-2 HTTP/1.1" 200 83657 "-" "Mozilla/5.0 (Linux; Android 6.0.1; Nexus 5X Build/MMB29P) AppleWebKit/537.36 (KHTML, like Gecko) Chrome/91.0.4472.90 Mobile Safari/537.36 (compatible; Googlebot/2.1; +http://www.google.com/bot.html)"
66.249.70.86 - - [20/Jul/2021:05:04:07 +0400] "GET /product/plastikovaya-dekorativnaya-kryshka-dvigatelya-21126-21124-11194-na-16kl-vaz HTTP/1.1" 200 85109 "-" "Mozilla/5.0 (Linux; Android 6.0.1; Nexus 5X Build/MMB29P) AppleWebKit/537.36 (KHTML, like Gecko) Chrome/91.0.4472.90 Mobile Safari/537.36 (compatible; Googlebot/2.1; +http://www.google.com/bot.html)"
66.249.70.90 - - [20/Jul/2021:05:04:40 +0400] "GET /product/diodnye-ptf-sal-man-50w-na-lada-granta-fl-lada-vesta-iks-rej-niva-urban-reno HTTP/1.1" 200 85117 "-" "Mozilla/5.0 (compatible; Googlebot/2.1; +http://www.google.com/bot.html)"
