109.252.15.196 - - [20/Jul/2021:13:38:33 +0400] "POST /?wc-ajax=get_refreshed_fragments HTTP/2.0" 200 488 "https://test.ru/product-category/transmissiya/reduktory-mostov/zadnie-reduktory-standartnye" "Mozilla/5.0 (Linux; Android 5.1.1; SM-P601) AppleWebKit/537.36 (KHTML, like Gecko) Chrome/89.0.4389.105 Safari/537.36"
85.140.9.190 - - [20/Jul/2021:13:39:23 +0400] "GET /my-account?TURBO_ID=a%3Abaae96a072fca08334539a979ecc14d71a4c50dcfcd70ab4f3bd3d8d2b6dc066&date=1626773961488 HTTP/2.0" 200 39115 "https://test.ru.turbopages.org/" "Mozilla/5.0 (Linux; Android 10; M2007J20CG) AppleWebKit/537.36 (KHTML, like Gecko) SamsungBrowser/14.2 Chrome/87.0.4280.141 Mobile Safari/537.36"
195.154.200.175 - - [20/Jul/2021:13:39:38 +0400] "GET //web/wp-includes/wlwmanifest.xml HTTP/1.1" 301 5 "-" "Mozilla/5.0 (Windows NT 10.0; Win64; x64) AppleWebKit/537.36 (KHTML, like Gecko) Chrome/89.0.4389.114 Safari/537.36"
195.154.200.175 - - [20/Jul/2021:13:39:49 +0400] "GET //wp2/wp-includes/wlwmanifest.xml HTTP/1.1" 301 5 "-" "Mozilla/5.0 (Windows NT 10.0; Win64; x64) AppleWebKit/537.36 (KHTML, like Gecko) Chrome/89.0.4389.114 Safari/537.36"
157.55.39.26 - - [20/Jul/2021:13:40:07 +0400] "GET /product/zashhita-porogov-truba-s-prostupyu-d76-iz-nerzhaveyushhej-stali-dlya-mazda-bt-50-picup-2006-2011-g HTTP/2.0" 200 83298 "-" "Mozilla/5.0 (compatible; bingbot/2.0; +http://www.bing.com/bingbot.htm)"
88.200.246.221 - - [20/Jul/2021:13:40:44 +0400] "POST /wp-admin/admin-ajax.php HTTP/2.0" 200 67 "https://test.ru/wp-admin/edit.php?post_type=product" "Mozilla/5.0 (Windows NT 10.0; Win64; x64) AppleWebKit/537.36 (KHTML, like Gecko) Chrome/91.0.4472.164 Safari/537.36"
66.249.89.60 - - [20/Jul/2021:13:41:08 +0400] "OPTIONS /?wc-ajax=get_refreshed_fragments HTTP/1.1" 405 552 "http://www.test.ru/" "Mozilla/5.0 (Linux; Android 4.0.4; Galaxy Nexus Build/IMM76B) AppleWebKit/537.36 (KHTML, like Gecko; Mediapartners-Google) Chrome/91.0.4472.90 Mobile Safari/537.36"
172.20.0.1 - - [20/Jul/2021:13:41:28 +0400] "POST /wp-cron.php?doing_wp_cron=1626774088.8046250343322753906250 HTTP/1.1" 200 31 "https://test.ru/wp-cron.php?doing_wp_cron=1626774088.8046250343322753906250" "WordPress/5.5.5; https://test.ru"
157.55.39.178 - - [20/Jul/2021:13:41:54 +0400] "GET /product/reshetka-radiatora-chernaya-matovaya-bez-emblemy-na-lada-niva-4h4-urban HTTP/2.0" 200 84527 "-" "Mozilla/5.0 (compatible; bingbot/2.0; +http://www.bing.com/bingbot.htm)"
5.255.253.144 - - [20/Jul/2021:13:42:25 +0400] "GET /product-category/vneshnij-vid-lada/chevrolet-niva-dop HTTP/1.1" 200 76963 "-" "Mozilla/5.0 (compatible; YandexBot/3.0; +http://yandex.com/bots)"
66.249.70.88 - - [20/Jul/2021:13:42:52 +0400] "GET /product/kronshtejn-krepleniya-zapasnogo-kolesa-kalitka-dlya-lada-largus HTTP/1.1" 200 83472 "-" "Mozilla/5.0 (compatible; Googlebot/2.1; +http://www.google.com/bot.html)"
66.249.70.86 - - [20/Jul/2021:13:43:36 +0400] "GET /product/zashhita-porogov-okantovka-51mm-nerzhaveyushhaya-polirovannaya-stal-toyota-land-cruiser-200-2014-09080201 HTTP/1.1" 200 86310 "-" "Mozilla/5.0 (Linux; Android 6.0.1; Nexus 5X Build/MMB29P) AppleWebKit/537.36 (KHTML, like Gecko) Chrome/91.0.4472.90 Mobile Safari/537.36 (compatible; Googlebot/2.1; +http://www.google.com/bot.html)"
5.255.253.144 - - [20/Jul/2021:13:43:56 +0400] "GET /product-category/transmissiya/korobki-pereklyucheniya-peredach-kpp/chevrolet-niva-kpp HTTP/1.1" 200 68948 "-" "Mozilla/5.0 (compatible; YandexBot/3.0; +http://yandex.com/bots)"
5.255.231.93 - - [20/Jul/2021:13:44:07 +0400] "GET /product-category/podveska/stojki-amortizatory-pruzhiny/vaz-2113-2114-2115-stojki-amortizatory-pruzhiny HTTP/1.1" 200 73969 "-" "Mozilla/5.0 (compatible; YandexBot/3.0; +http://yandex.com/bots)"
5.255.231.93 - - [20/Jul/2021:13:44:20 +0400] "GET /product-category/elementy-interera/vaz-2113-2114-2115-elementy-interera/panel-torpedo-2113-2115 HTTP/1.1" 200 76862 "-" "Mozilla/5.0 (compatible; YandexBot/3.0; +http://yandex.com/bots)"
178.187.196.208 - - [20/Jul/2021:13:44:36 +0400] "GET /product-category/elektrika-i-elektronika/ehlektronnye-bloki-upravleniya/kontrollery-ebu-yanvar/kalina-dop-kontrollery-ebu-yanvar/page/2?loop=15&woo_ajax=1 HTTP/2.0" 200 2639 "https://test.ru/product-category/elektrika-i-elektronika/ehlektronnye-bloki-upravleniya/kontrollery-ebu-yanvar/kalina-dop-kontrollery-ebu-yanvar" "Mozilla/5.0 (Windows NT 6.1; Win64; x64) AppleWebKit/537.36 (KHTML, like Gecko) Chrome/91.0.4472.124 Safari/537.36 OPR/77.0.4054.203"
193.168.179.192 - - [20/Jul/2021:13:44:54 +0400] "GET /product-category/transmissiya/kardany/lada-4x4-kardany HTTP/2.0" 200 73868 "https://yandex.ru/" "Mozilla/5.0 (Linux; arm_64; Android 10; MI 8) AppleWebKit/537.36 (KHTML, like Gecko) Chrome/90.0.4430.216 YaBrowser/21.5.6.56.00 SA/3 Mobile Safari/537.36"
185.191.171.23 - - [20/Jul/2021:13:45:05 +0400] "GET /product/zashhita-porogov-truba-s-prostup-d76-dlya-kia-sportage-2016-2018-n-v HTTP/1.1" 200 83781 "-" "Mozilla/5.0 (compatible; SemrushBot/7~bl; +http://www.semrush.com/bot.html)"
66.249.70.86 - - [20/Jul/2021:13:45:41 +0400] "GET /product/tsentralnaya-konsol-2din-dlya-lada-granta/amp HTTP/1.1" 200 54658 "-" "Mozilla/5.0 (Linux; Android 6.0.1; Nexus 5X Build/MMB29P) AppleWebKit/537.36 (KHTML, like Gecko) Chrome/91.0.4472.90 Mobile Safari/537.36 (compatible; Googlebot/2.1; +http://www.google.com/bot.html)"
88.200.246.221 - - [20/Jul/2021:13:46:14 +0400] "GET /product/bokovye-zerkala-volna-s-povtoritelem-na-vaz-2108-21099-2113-2115 HTTP/2.0" 200 88672 "https://test.ru/product-category/podveska/usilennye-stupitsy" "Mozilla/5.0 (Windows NT 10.0; Win64; x64) AppleWebKit/537.36 (KHTML, like Gecko) Chrome/91.0.4472.164 Safari/537.36"
93.157.234.71 - - [20/Jul/2021:13:46:41 +0400] "GET /product/kover-pola-lyuks-trehslojnyj-s-shumoizolyatsiej-na-lada-niva-2121-21213-21214-urban HTTP/2.0" 200 85681 "https://yandex.ru/" "Mozilla/5.0 (Windows NT 10.0; Win64; x64) AppleWebKit/537.36 (KHTML, like Gecko) Chrome/91.0.4472.114 YaBrowser/21.6.1.274 Yowser/2.5 Safari/537.36"
93.157.234.71 - - [20/Jul/2021:13:46:53 +0400] "GET /wp-admin/admin-ajax.php?action=woodmart_wishlist_number HTTP/2.0" 200 21 "https://test.ru/product-category/elementy-interera/lada-4x4-interer/kovriki-v-salon-x-ray-lada-4x4-interer" "Mozilla/5.0 (Windows NT 10.0; Win64; x64) AppleWebKit/537.36 (KHTML, like Gecko) Chrome/91.0.4472.114 YaBrowser/21.6.1.274 Yowser/2.5 Safari/537.36"
157.55.39.178 - - [20/Jul/2021:13:47:05 +0400] "GET /product/porogi-truba-s-prostupyu-s-metallicheskoj-zaglushkoj-dlya-lada-niva-2121-21213-21214-0337 HTTP/2.0" 301 0 "-" "Mozilla/5.0 (compatible; bingbot/2.0; +http://www.bing.com/bingbot.htm)"
93.157.234.71 - - [20/Jul/2021:13:47:20 +0400] "GET /wp-admin/admin-ajax.php?action=woodmart_ajax_search&number=20&post_type=product&query=%D0%B1%D1%80%D1%8B%D0%B7%D0%B3%D0%BE%D0%B2 HTTP/2.0" 499 0 "https://test.ru/product/shtatnyj-kover-pola-grafit-na-osnove-dlya-lada-niva-3-dveri" "Mozilla/5.0 (Windows NT 10.0; Win64; x64) AppleWebKit/537.36 (KHTML, like Gecko) Chrome/91.0.4472.114 YaBrowser/21.6.1.274 Yowser/2.5 Safari/537.36"
66.249.70.88 - - [20/Jul/2021:13:47:43 +0400] "GET /product-category/drosselnye-zaslonki-na-vaz HTTP/1.1" 200 74677 "-" "Mozilla/5.0 (Linux; Android 6.0.1; Nexus 5X Build/MMB29P) AppleWebKit/537.36 (KHTML, like Gecko) Chrome/91.0.4472.90 Mobile Safari/537.36 (compatible; Googlebot/2.1; +http://www.google.com/bot.html)"
66.249.70.86 - - [20/Jul/2021:13:48:26 +0400] "POST /wp-admin/admin-ajax.php HTTP/1.1" 200 885 "https://test.ru/product-category/vneshnij-vid-inomarki/land-rover-vneshnij-vid-inomarki/land-rover-freelander-2-land-rover-vneshnij-vid-inomarki" "Mozilla/5.0 (Linux; Android 6.0.1; Nexus 5X Build/MMB29P) AppleWebKit/537.36 (KHTML, like Gecko) Chrome/91.0.4472.90 Mobile Safari/537.36 (compatible; Googlebot/2.1; +http://www.google.com/bot.html)"
93.157.234.71 - - [20/Jul/2021:13:48:58 +0400] "GET /wp-json/pwa-for-wp/v2/pwa-manifest-json HTTP/2.0" 200 375 "-" "Mozilla/5.0 (Windows NT 10.0; Win64; x64) AppleWebKit/537.36 (KHTML, like Gecko) Chrome/91.0.4472.114 YaBrowser/21.6.1.274 Yowser/2.5 Safari/537.36"
172.20.0.1 - - [20/Jul/2021:13:49:19 +0400] "POST /wp-cron.php?doing_wp_cron=1626774559.5761499404907226562500 HTTP/1.1" 200 31 "https://test.ru/wp-cron.php?doing_wp_cron=1626774559.5761499404907226562500" "WordPress/5.5.5; https://test.ru"
93.157.234.71 - - [20/Jul/2021:13:49:46 +0400] "GET /wp-json/pwa-for-wp/v2/pwa-manifest-json HTTP/2.0" 200 375 "-" "Mozilla/5.0 (Windows NT 10.0; Win64; x64) AppleWebKit/537.36 (KHTML, like Gecko) Chrome/91.0.4472.114 YaBrowser/21.6.1.274 Yowser/2.5 Safari/537.36"
93.157.234.71 - - [20/Jul/2021:13:50:09 +0400] "GET /product-category/elementy-interera/lada-4x4-interer HTTP/2.0" 200 82373 "https://test.ru/product-category/elementy-interera" "Mozilla/5.0 (Windows NT 10.0; Win64; x64) AppleWebKit/537.36 (KHTML, like Gecko) Chrome/91.0.4472.114 YaBrowser/21.6.1.274 Yowser/2.5 Safari/537.36"
66.249.70.86 - - [20/Jul/2021:13:50:27 +0400] "GET /dopolnitelnoe-lada/bagazhniki/amp HTTP/1.1" 301 5 "-" "Mozilla/5.0 (Linux; Android 6.0.1; Nexus 5X Build/MMB29P) AppleWebKit/537.36 (KHTML, like Gecko) Chrome/91.0.4472.90 Mobile Safari/537.36 (compatible; Googlebot/2.1; +http://www.google.com/bot.html)"
93.157.234.71 - - [20/Jul/2021:13:50:48 +0400] "GET /product-category/elektrika-i-elektronika/page/5?_pjax=.main-page-wrapper&loop=45&woo_ajax=1&loop=60&woo_ajax=1 HTTP/2.0" 301 0 "https://test.ru/product-category/elektrika-i-elektronika" "Mozilla/5.0 (Windows NT 10.0; Win64; x64) AppleWebKit/537.36 (KHTML, like Gecko) Chrome/91.0.4472.114 YaBrowser/21.6.1.274 Yowser/2.5 Safari/537.36"
93.157.234.71 - - [20/Jul/2021:13:51:09 +0400] "GET /wp-admin/admin-ajax.php?action=woodmart_ajax_search&number=20&post_type=product&query=%D0%BF%D0%BE%D0%B4 HTTP/2.0" 499 0 "https://test.ru/product-category/elektrika-i-elektronika" "Mozilla/5.0 (Windows NT 10.0; Win64; x64) AppleWebKit/537.36 (KHTML, like Gecko) Chrome/91.0.4472.114 YaBrowser/21.6.1.274 Yowser/2.5 Safari/537.36"
66.249.70.86 - - [20/Jul/2021:13:51:16 +0400] "GET /product-category/vneshnij-vid-lada/lada-4x4-dop/farkopy-tsu-lada-4x4 HTTP/1.1" 200 74152 "-" "Mozilla/5.0 (compatible; Googlebot/2.1; +http://www.google.com/bot.html)"
172.20.0.1 - - [20/Jul/2021:13:51:29 +0400] "POST /wp-cron.php?doing_wp_cron=1626774689.0102820396423339843750 HTTP/1.1" 200 31 "https://test.ru/wp-cron.php?doing_wp_cron=1626774689.0102820396423339843750" "WordPress/5.5.5; https://test.ru"
66.249.70.88 - - [20/Jul/2021:13:51:50 +0400] "GET /product/usilennyj-stupichnyj-uzel-font-color-red-24-shlitsa-font-s-dvuhryadnym-nereguliruemym-podshipnikom-iveko-usilennymi-stupitsami-v-sbore-s-tormoznym-diskom-dlya-lada-niva-4h4-2121-21213-21214-2131-i-212/amp HTTP/1.1" 200 64792 "-" "Mozilla/5.0 (Linux; Android 6.0.1; Nexus 5X Build/MMB29P) AppleWebKit/537.36 (KHTML, like Gecko) Chrome/91.0.4472.90 Mobile Safari/537.36 (compatible; Googlebot/2.1; +http://www.google.com/bot.html)"
5.255.253.144 - - [20/Jul/2021:13:52:12 +0400] "GET /feed/turbo/?paged=8 HTTP/1.1" 200 80495 "-" "Mozilla/5.0 (compatible; YandexTurbo/1.0; +http://yandex.com/bots)"
66.249.70.88 - - [20/Jul/2021:13:52:31 +0400] "GET /product/seryj-zhestkij-potolok-novogo-obraztsa-romb-na-lada-niva-4h4-urban HTTP/1.1" 200 83081 "-" "Mozilla/5.0 (compatible; Googlebot/2.1; +http://www.google.com/bot.html)"
66.249.70.90 - - [20/Jul/2021:13:52:46 +0400] "GET /product-category/podveska/stojki-amortizatory-pruzhiny/page/3?loop=15&woo_ajax=1&loop=30&woo_ajax=1 HTTP/1.1" 301 5 "https://test.ru/product-category/podveska/stojki-amortizatory-pruzhiny" "Mozilla/5.0 (Linux; Android 6.0.1; Nexus 5X Build/MMB29P) AppleWebKit/537.36 (KHTML, like Gecko) Chrome/91.0.4472.90 Mobile Safari/537.36 (compatible; Googlebot/2.1; +http://www.google.com/bot.html)"
66.249.70.88 - - [20/Jul/2021:13:52:59 +0400] "GET /product/zashhita-porogov-truba-s-prostupyu-d63-5-volkswagen-amarok-okrash-1643-k/amp HTTP/1.1" 200 54282 "-" "Mozilla/5.0 (Linux; Android 6.0.1; Nexus 5X Build/MMB29P) AppleWebKit/537.36 (KHTML, like Gecko) Chrome/91.0.4472.90 Mobile Safari/537.36 (compatible; Googlebot/2.1; +http://www.google.com/bot.html)"
5.255.253.144 - - [20/Jul/2021:13:53:26 +0400] "GET /product/zashhita-porogov-truba-s-prostupyu-d76-dlya-mazda-bt-50-picup-2006-2011-g HTTP/1.1" 200 83108 "-" "Mozilla/5.0 (compatible; YandexBot/3.0; +http://yandex.com/bots)"
66.249.70.88 - - [20/Jul/2021:13:53:43 +0400] "POST /wp-admin/admin-ajax.php HTTP/1.1" 200 893 "https://test.ru/product-category/optika/largus-optika" "Mozilla/5.0 (Linux; Android 6.0.1; Nexus 5X Build/MMB29P) AppleWebKit/537.36 (KHTML, like Gecko) Chrome/91.0.4472.90 Mobile Safari/537.36 (compatible; Googlebot/2.1; +http://www.google.com/bot.html)"
109.106.130.78 - - [20/Jul/2021:13:54:21 +0400] "GET /wp-content/themes/woodmart/fonts/fontawesome-webfont.woff2?v=4.7.0 HTTP/2.0" 200 77160 "https://test.ru/wp-content/themes/woodmart/css/font-awesome.min.css?ver=3.6.1" "Mozilla/5.0 (Windows NT 10.0; Win64; x64) AppleWebKit/537.36 (KHTML, like Gecko) Chrome/91.0.4472.124 Safari/537.36"
120.85.115.22 - - [20/Jul/2021:13:54:40 +0400] "POST /GponForm/diag_Form?images/ HTTP/1.1" 301 162 "-" "Hello, World"
109.106.130.78 - - [20/Jul/2021:13:54:59 +0400] "POST /wp-admin/admin-ajax.php HTTP/2.0" 200 973 "https://test.ru/product-category/tormoznaya-sistema-html_block-id-41491/tormoznye-kolodki" "Mozilla/5.0 (Windows NT 10.0; Win64; x64) AppleWebKit/537.36 (KHTML, like Gecko) Chrome/91.0.4472.124 Safari/537.36"
66.249.70.88 - - [20/Jul/2021:13:55:47 +0400] "GET /product/knopka-vklyucheniya-obogreva-zadnego-stekla-vaz-2113-2114-2115 HTTP/1.1" 200 83141 "-" "Mozilla/5.0 (Linux; Android 6.0.1; Nexus 5X Build/MMB29P) AppleWebKit/537.36 (KHTML, like Gecko) Chrome/91.0.4472.90 Mobile Safari/537.36 (compatible; Googlebot/2.1; +http://www.google.com/bot.html)"
185.191.171.10 - - [20/Jul/2021:13:56:31 +0400] "GET /product/nakladka-na-reshetku-radiatora-iz-nerzhaveyushhej-stali-dlya-lada-largus-s-2012-2019 HTTP/1.1" 200 83531 "-" "Mozilla/5.0 (compatible; SemrushBot/7~bl; +http://www.semrush.com/bot.html)"
172.20.0.1 - - [20/Jul/2021:13:56:59 +0400] "POST /wp-cron.php?doing_wp_cron=1626775019.8643960952758789062500 HTTP/1.1" 200 31 "https://test.ru/wp-cron.php?doing_wp_cron=1626775019.8643960952758789062500" "WordPress/5.5.5; https://test.ru"
85.26.165.160 - - [20/Jul/2021:13:57:32 +0400] "GET /my-account?TURBO_ID=a%3Abca3576ed177cc1ae85cafc566c42d6b8319ddefb84b69c973cf0e7c7a3cbf43&date=1626775049749 HTTP/2.0" 200 36795 "https://test.ru.turbopages.org/" "Mozilla/5.0 (Linux; arm_64; Android 9; Redmi 8) AppleWebKit/537.36 (KHTML, like Gecko) Chrome/90.0.4430.216 YaApp_Android/21.56.1 YaSearchBrowser/21.56.1 BroPP/1.0 SA/3 Mobile Safari/537.36"
66.249.70.86 - - [20/Jul/2021:13:58:00 +0400] "GET /product/solntsezashhitnye-kozyrki-s-zerkalom-dvuhtsvetnye-dlya-lada-kalina-kalina-2-granta/amp HTTP/1.1" 200 55205 "-" "Mozilla/5.0 (Linux; Android 6.0.1; Nexus 5X Build/MMB29P) AppleWebKit/537.36 (KHTML, like Gecko) Chrome/91.0.4472.90 Mobile Safari/537.36 (compatible; Googlebot/2.1; +http://www.google.com/bot.html)"
66.249.70.88 - - [20/Jul/2021:13:58:25 +0400] "GET /oyasumi/999-000096-20/ HTTP/1.1" 404 33894 "-" "Mozilla/5.0 (Linux; Android 6.0.1; Nexus 5X Build/MMB29P) AppleWebKit/537.36 (KHTML, like Gecko) Chrome/91.0.4472.90 Mobile Safari/537.36 (compatible; Googlebot/2.1; +http://www.google.com/bot.html)"
216.244.66.227 - - [20/Jul/2021:13:59:05 +0400] "GET /product/zashhita-porogov-pryamaya-51mm-nerzhaveyushhaya-polirovannaya-stal-dlya-lada-largus-cross-s-2015g-01300203?add-to-cart=25375 HTTP/1.1" 301 5 "-" "Mozilla/5.0 (compatible; DotBot/1.2; +https://opensiteexplorer.org/dotbot; help@moz.com)"
66.249.70.86 - - [20/Jul/2021:13:59:35 +0400] "GET /product/svetodiodnye-zadnie-fonari-britaniya-chernye-dlya-lada-niva-2121-21213-21214-2131 HTTP/1.1" 200 84097 "-" "Mozilla/5.0 (compatible; Googlebot/2.1; +http://www.google.com/bot.html)"
37.204.242.84 - - [20/Jul/2021:14:00:10 +0400] "GET /product-category/transmissiya/kardany/lada-4x4-kardany HTTP/2.0" 200 73827 "https://yandex.ru/" "Mozilla/5.0 (iPhone; CPU iPhone OS 14_6 like Mac OS X) AppleWebKit/605.1.15 (KHTML, like Gecko) Version/14.0 YaBrowser/21.5.6.744.10 SA/3 Mobile/15E148 Safari/604.1"
109.198.193.115 - - [20/Jul/2021:14:00:20 +0400] "POST /?wc-ajax=get_refreshed_fragments HTTP/2.0" 200 488 "https://test.ru/product/stojka-perednyaya-kalina-1119-dlya-bochkoobraznoj-pruzhiny-gidravlika-seriya-komfort" "Mozilla/5.0 (Windows NT 6.3; WOW64) AppleWebKit/537.36 (KHTML, like Gecko) Chrome/91.0.4472.114 YaBrowser/21.6.1.271 Yowser/2.5 Safari/537.36"
85.140.119.0 - - [20/Jul/2021:14:00:49 +0400] "GET /product-category/elektrika-i-elektronika/ehlektronnye-bloki-upravleniya/kontrollery-ebu-pod-e-gaz HTTP/2.0" 200 75287 "http://yandex.ru/searchapp?text=" "Mozilla/5.0 (Linux; arm_64; Android 7.1.2; Redmi 5) AppleWebKit/537.36 (KHTML, like Gecko) Chrome/90.0.4430.216 YaApp_Android/21.54.1 YaSearchBrowser/21.54.1 BroPP/1.0 SA/3 Mobile Safari/537.36"
66.249.70.88 - - [20/Jul/2021:14:01:02 +0400] "POST /wp-admin/admin-ajax.php HTTP/1.1" 200 1003 "https://test.ru/product-category/dopolnitelnoe-oborudovanie-dlya-lada/lada-4x4-dop/farkopy-tsu-lada-4x4" "Mozilla/5.0 (Linux; Android 6.0.1; Nexus 5X Build/MMB29P) AppleWebKit/537.36 (KHTML, like Gecko) Chrome/91.0.4472.90 Mobile Safari/537.36 (compatible; Googlebot/2.1; +http://www.google.com/bot.html)"
172.20.0.1 - - [20/Jul/2021:14:01:20 +0400] "POST /wp-cron.php?doing_wp_cron=1626775280.9583508968353271484375 HTTP/1.1" 200 31 "https://test.ru/wp-cron.php?doing_wp_cron=1626775280.9583508968353271484375" "WordPress/5.5.5; https://test.ru"
66.249.70.86 - - [20/Jul/2021:14:01:48 +0400] "GET /product-category/podveska/stojki-amortizatory-pruzhiny/amp HTTP/1.1" 200 19775 "-" "Mozilla/5.0 (Linux; Android 6.0.1; Nexus 5X Build/MMB29P) AppleWebKit/537.36 (KHTML, like Gecko) Chrome/91.0.4472.90 Mobile Safari/537.36 (compatible; Googlebot/2.1; +http://www.google.com/bot.html)"
66.249.70.88 - - [20/Jul/2021:14:02:12 +0400] "GET /product-category/vneshnij-vid-lada/lada-4x4-dop/farkopy-tsu-lada-4x4/amp HTTP/1.1" 200 18163 "-" "Mozilla/5.0 (Linux; Android 6.0.1; Nexus 5X Build/MMB29P) AppleWebKit/537.36 (KHTML, like Gecko) Chrome/91.0.4472.90 Mobile Safari/537.36 (compatible; Googlebot/2.1; +http://www.google.com/bot.html)"
31.173.101.129 - - [20/Jul/2021:14:02:38 +0400] "GET /wp-content/themes/woodmart/fonts/fontawesome-webfont.woff2?v=4.7.0 HTTP/2.0" 200 77160 "https://test.ru/wp-content/themes/woodmart/css/font-awesome.min.css?ver=3.6.1" "Mozilla/5.0 (Linux; Android 11; SM-G980F) AppleWebKit/537.36 (KHTML, like Gecko) Chrome/91.0.4472.120 Mobile Safari/537.36"
66.249.70.86 - - [20/Jul/2021:14:02:58 +0400] "POST /wp-admin/admin-ajax.php HTTP/1.1" 200 832 "https://test.ru/product-category/elementy-interera/2101-2107-interer/penolite-shtatnoe-2101-2107" "Mozilla/5.0 AppleWebKit/537.36 (KHTML, like Gecko; compatible; Googlebot/2.1; +http://www.google.com/bot.html) Chrome/91.0.4472.90 Safari/537.36"
5.255.253.144 - - [20/Jul/2021:14:03:24 +0400] "GET /shop HTTP/1.1" 200 67124 "-" "Mozilla/5.0 (compatible; YandexBot/3.0; +http://yandex.com/bots)"
176.59.46.142 - - [20/Jul/2021:14:03:40 +0400] "POST /wp-admin/admin-ajax.php HTTP/2.0" 200 1429 "https://test.ru/product-category/transmissiya/kardany/lada-4x4-kardany" "Mozilla/5.0 (Linux; Android 11; SM-A515F) AppleWebKit/537.36 (KHTML, like Gecko) Chrome/87.0.4280.101 Mobile Safari/537.36"
23.106.56.22 - - [20/Jul/2021:14:04:12 +0400] "GET /product-category/transmissiya/kardany/chevrolet-niva-kardany HTTP/2.0" 499 0 "-" "Mozilla/5.0 (Windows NT 6.1; Win64; x64) AppleWebKit/537.36 (KHTML, like Gecko) Chrome/91.0.4472.164 Safari/537.36"
66.249.70.86 - - [20/Jul/2021:14:04:30 +0400] "GET /product/rul-kalina-priora-turbo-pod-derevo-dlya-lada-kalina-priora-shevrole-niva HTTP/1.1" 200 84304 "-" "Mozilla/5.0 (compatible; Googlebot/2.1; +http://www.google.com/bot.html)"
66.249.70.86 - - [20/Jul/2021:14:05:10 +0400] "GET /product-category/podveska/reaktivnye-tyagi/amp HTTP/1.1" 200 19135 "-" "Mozilla/5.0 (Linux; Android 6.0.1; Nexus 5X Build/MMB29P) AppleWebKit/537.36 (KHTML, like Gecko) Chrome/91.0.4472.90 Mobile Safari/537.36 (compatible; Googlebot/2.1; +http://www.google.com/bot.html)"
178.185.126.234 - - [20/Jul/2021:14:05:36 +0400] "GET /product-category/elementy-interera/lada-4x4-interer HTTP/2.0" 200 81860 "https://test.ru/product/voditelskoe-sidene-dlya-lada-niva-2121-21213-21214" "Mozilla/5.0 (Windows NT 6.1; Win64; x64; rv:89.0) Gecko/20100101 Firefox/89.0"
66.249.70.90 - - [20/Jul/2021:14:05:51 +0400] "GET /product-category/vneshnij-vid-lada/granta-dop/bryzgoviki-na-inomarki-granta-dop/amp HTTP/1.1" 200 12303 "-" "Mozilla/5.0 (Linux; Android 6.0.1; Nexus 5X Build/MMB29P) AppleWebKit/537.36 (KHTML, like Gecko) Chrome/91.0.4472.90 Mobile Safari/537.36 (compatible; Googlebot/2.1; +http://www.google.com/bot.html)"
66.249.70.86 - - [20/Jul/2021:14:06:10 +0400] "GET /hcvalor-eshop/5496qxpitrusco-4186907.htm HTTP/1.1" 404 33913 "-" "Mozilla/5.0 (compatible; Googlebot/2.1; +http://www.google.com/bot.html)"
66.249.70.86 - - [20/Jul/2021:14:06:28 +0400] "POST /wp-admin/admin-ajax.php HTTP/1.1" 200 991 "https://test.ru/product-category/podveska/sharovye-opory/granta-fl" "Mozilla/5.0 (Linux; Android 6.0.1; Nexus 5X Build/MMB29P) AppleWebKit/537.36 (KHTML, like Gecko) Chrome/91.0.4472.90 Mobile Safari/537.36 (compatible; Googlebot/2.1; +http://www.google.com/bot.html)"
172.20.0.1 - - [20/Jul/2021:14:06:58 +0400] "POST /wp-cron.php?doing_wp_cron=1626775618.7713439464569091796875 HTTP/1.1" 200 31 "https://test.ru/wp-cron.php?doing_wp_cron=1626775618.7713439464569091796875" "WordPress/5.5.5; https://test.ru"
66.249.70.88 - - [20/Jul/2021:14:07:22 +0400] "POST /wp-admin/admin-ajax.php HTTP/1.1" 200 896 "https://test.ru/product-category/podveska/reaktivnye-tyagi/vaz-2101-2107-reaktivnye-tyagi" "Mozilla/5.0 (Linux; Android 6.0.1; Nexus 5X Build/MMB29P) AppleWebKit/537.36 (KHTML, like Gecko) Chrome/91.0.4472.90 Mobile Safari/537.36 (compatible; Googlebot/2.1; +http://www.google.com/bot.html)"
66.249.70.88 - - [20/Jul/2021:14:07:54 +0400] "GET /hokushinco/11128bmyx10414639.htm HTTP/1.1" 404 33911 "-" "Mozilla/5.0 (Linux; Android 6.0.1; Nexus 5X Build/MMB29P) AppleWebKit/537.36 (KHTML, like Gecko) Chrome/91.0.4472.90 Mobile Safari/537.36 (compatible; Googlebot/2.1; +http://www.google.com/bot.html)"
66.249.70.86 - - [20/Jul/2021:14:08:10 +0400] "GET /update.bml?repost_type=c&repost=https://ammo1.livejournal.com/1117710.html&nodraft=1 HTTP/1.1" 404 33963 "-" "Mozilla/5.0 (Linux; Android 6.0.1; Nexus 5X Build/MMB29P) AppleWebKit/537.36 (KHTML, like Gecko) Chrome/91.0.4472.90 Mobile Safari/537.36 (compatible; Googlebot/2.1; +http://www.google.com/bot.html)"
176.59.46.142 - - [20/Jul/2021:14:08:37 +0400] "GET /wp-json/pwa-for-wp/v2/pwa-manifest-json HTTP/2.0" 499 0 "https://test.ru/product-category/transmissiya/kardany/lada-4x4-kardany" "Mozilla/5.0 (Linux; Android 11; SM-A515F) AppleWebKit/537.36 (KHTML, like Gecko) Chrome/87.0.4280.101 Mobile Safari/537.36"
66.249.70.86 - - [20/Jul/2021:14:09:05 +0400] "GET /product-category/elementy-interera/page/2?loop=15&woo_ajax=1 HTTP/1.1" 200 7017 "https://test.ru/product-category/elementy-interera" "Mozilla/5.0 (Linux; Android 6.0.1; Nexus 5X Build/MMB29P) AppleWebKit/537.36 (KHTML, like Gecko) Chrome/91.0.4472.90 Mobile Safari/537.36 (compatible; Googlebot/2.1; +http://www.google.com/bot.html)"
185.210.140.107 - - [20/Jul/2021:14:09:24 +0400] "POST /?wc-ajax=get_refreshed_fragments HTTP/2.0" 200 488 "https://test.ru/product-category/transmissiya/korobki-pereklyucheniya-peredach-kpp/lada-4x4-kpp" "Mozilla/5.0 (Linux; arm; Android 10; M2006C3MNG) AppleWebKit/537.36 (KHTML, like Gecko) Chrome/87.0.4280.141 YaBrowser/20.12.5.126.00 SA/3 Mobile Safari/537.36"
66.249.70.86 - - [20/Jul/2021:14:09:52 +0400] "GET /product-category/transmissiya/korobki-pereklyucheniya-peredach-kpp/priora-kpp?orderby=price HTTP/1.1" 200 67314 "-" "Mozilla/5.0 (compatible; Googlebot/2.1; +http://www.google.com/bot.html)"
185.210.140.107 - - [20/Jul/2021:14:10:22 +0400] "GET /product/korobka-pereklyucheniya-peredach-kpp-dlya-lada-niva-4h4-2121-21213-21214-2131-shossejnaya HTTP/2.0" 200 82874 "https://test.ru/product-category/transmissiya/korobki-pereklyucheniya-peredach-kpp/lada-4x4-kpp" "Mozilla/5.0 (Linux; arm; Android 10; M2006C3MNG) AppleWebKit/537.36 (KHTML, like Gecko) Chrome/87.0.4280.141 YaBrowser/20.12.5.126.00 SA/3 Mobile Safari/537.36"
185.210.140.107 - - [20/Jul/2021:14:10:30 +0400] "POST /wp-admin/admin-ajax.php HTTP/2.0" 200 1807 "https://test.ru/" "Mozilla/5.0 (Linux; arm; Android 10; M2006C3MNG) AppleWebKit/537.36 (KHTML, like Gecko) Chrome/87.0.4280.141 YaBrowser/20.12.5.126.00 SA/3 Mobile Safari/537.36"
66.249.70.88 - - [20/Jul/2021:14:11:09 +0400] "GET /product-category/elementy-interera/vaz-2113-2114-2115-elementy-interera/solntsezashhitnye-kozyrki-2113-2115 HTTP/1.1" 200 68349 "-" "Mozilla/5.0 (Linux; Android 6.0.1; Nexus 5X Build/MMB29P) AppleWebKit/537.36 (KHTML, like Gecko) Chrome/91.0.4472.90 Mobile Safari/537.36 (compatible; Googlebot/2.1; +http://www.google.com/bot.html)"
207.46.13.46 - - [20/Jul/2021:14:11:46 +0400] "GET /sitemap-pt-product-2019-03.xml HTTP/2.0" 200 4331 "-" "Mozilla/5.0 (compatible; bingbot/2.0; +http://www.bing.com/bingbot.htm)"
54.36.148.210 - - [20/Jul/2021:14:12:18 +0400] "GET /product/starter-kzate-na-vaz-2101-2107-lada-niva-4h4-shevrole-niva HTTP/2.0" 200 80264 "-" "Mozilla/5.0 (compatible; AhrefsBot/7.0; +http://ahrefs.com/robot/)"
66.249.70.86 - - [20/Jul/2021:14:12:40 +0400] "POST /wp-admin/admin-ajax.php HTTP/1.1" 200 694 "https://test.ru/product-category/vneshnij-vid-inomarki/lexus-vneshnij-vid-inomarki/lexus-450d/zashhita-porogov-porogi-uaz-lexus-450d" "Mozilla/5.0 (Linux; Android 6.0.1; Nexus 5X Build/MMB29P) AppleWebKit/537.36 (KHTML, like Gecko) Chrome/91.0.4472.90 Mobile Safari/537.36 (compatible; Googlebot/2.1; +http://www.google.com/bot.html)"
185.191.171.37 - - [20/Jul/2021:14:12:57 +0400] "GET /product/dver-perednyaya-pravaya-v-tsvet-na-lada-largus HTTP/1.1" 200 83104 "-" "Mozilla/5.0 (compatible; SemrushBot/7~bl; +http://www.semrush.com/bot.html)"
66.249.70.86 - - [20/Jul/2021:14:13:15 +0400] "GET /tag/%D0%91%D0%B5%D0%B7%D0%BE%D0%BF%D0%B0%D1%81%D0%BD%D0%BE%D1%81%D1%82%D1%8C HTTP/1.1" 404 33920 "-" "Mozilla/5.0 (Linux; Android 6.0.1; Nexus 5X Build/MMB29P) AppleWebKit/537.36 (KHTML, like Gecko) Chrome/91.0.4472.90 Mobile Safari/537.36 (compatible; Googlebot/2.1; +http://www.google.com/bot.html)"
66.249.70.88 - - [20/Jul/2021:14:13:34 +0400] "GET /product-category/vneshnij-vid-inomarki/mazda-vneshnij-vid-inomarki/mazda-cx-7/zashhita-porogov-toyota-mazda-cx-7 HTTP/1.1" 200 68389 "-" "Mozilla/5.0 (Linux; Android 6.0.1; Nexus 5X Build/MMB29P) AppleWebKit/537.36 (KHTML, like Gecko) Chrome/91.0.4472.90 Mobile Safari/537.36 (compatible; Googlebot/2.1; +http://www.google.com/bot.html)"
66.249.70.86 - - [20/Jul/2021:14:13:49 +0400] "GET /active-store/17240mzsyke512015049645or-15049645or.htm HTTP/1.1" 404 33920 "-" "Mozilla/5.0 (Linux; Android 6.0.1; Nexus 5X Build/MMB29P) AppleWebKit/537.36 (KHTML, like Gecko) Chrome/91.0.4472.90 Mobile Safari/537.36 (compatible; Googlebot/2.1; +http://www.google.com/bot.html)"
66.249.70.90 - - [20/Jul/2021:14:13:58 +0400] "GET /product-category/vneshnij-vid-lada/vesta-dop/antikrylya-vesta-vesta-dop HTTP/1.1" 200 65880 "-" "Mozilla/5.0 (Linux; Android 6.0.1; Nexus 5X Build/MMB29P) AppleWebKit/537.36 (KHTML, like Gecko) Chrome/91.0.4472.90 Mobile Safari/537.36 (compatible; Googlebot/2.1; +http://www.google.com/bot.html)"
66.249.70.86 - - [20/Jul/2021:14:14:10 +0400] "POST /wp-admin/admin-ajax.php HTTP/1.1" 200 1306 "https://test.ru/product-category/vneshnij-vid-inomarki/hyundai-vneshnij-vid-inomarki/hyundai-ix35" "Mozilla/5.0 (Linux; Android 6.0.1; Nexus 5X Build/MMB29P) AppleWebKit/537.36 (KHTML, like Gecko) Chrome/91.0.4472.90 Mobile Safari/537.36 (compatible; Googlebot/2.1; +http://www.google.com/bot.html)"
66.249.70.86 - - [20/Jul/2021:14:14:24 +0400] "GET /product/kontroller-ebu-yanvar-7-2-21114-1411020-32-itelma-s-programmoj-dm53-do-54-do-57 HTTP/1.1" 200 84967 "-" "Mozilla/5.0 (compatible; Googlebot/2.1; +http://www.google.com/bot.html)"
66.249.70.86 - - [20/Jul/2021:14:14:45 +0400] "GET /product-category/rulevoe-upravlenie/page/2?loop=15&woo_ajax=1 HTTP/1.1" 200 2469 "https://test.ru/product-category/rulevoe-upravlenie" "Mozilla/5.0 (Linux; Android 6.0.1; Nexus 5X Build/MMB29P) AppleWebKit/537.36 (KHTML, like Gecko) Chrome/91.0.4472.90 Mobile Safari/537.36 (compatible; Googlebot/2.1; +http://www.google.com/bot.html)"
93.157.234.71 - - [20/Jul/2021:14:15:16 +0400] "GET /wp-json/pwa-for-wp/v2/pwa-manifest-json HTTP/2.0" 200 375 "-" "Mozilla/5.0 (Windows NT 10.0; Win64; x64) AppleWebKit/537.36 (KHTML, like Gecko) Chrome/91.0.4472.114 YaBrowser/21.6.1.274 Yowser/2.5 Safari/537.36"
85.192.188.30 - - [20/Jul/2021:14:15:39 +0400] "POST /wp-admin/admin-ajax.php HTTP/2.0" 200 1426 "https://test.ru/product-category/elementy-interera/priora-interer/obivka-sidenij" "Mozilla/5.0 (Windows NT 10.0; Win64; x64) AppleWebKit/537.36 (KHTML, like Gecko) Chrome/91.0.4472.124 Safari/537.36 OPR/77.0.4054.254"
66.249.70.86 - - [20/Jul/2021:14:16:12 +0400] "GET /product-category/vneshnij-vid-lada/vesta-dop/bampera-vesta-dop HTTP/1.1" 200 68608 "-" "Mozilla/5.0 (Linux; Android 6.0.1; Nexus 5X Build/MMB29P) AppleWebKit/537.36 (KHTML, like Gecko) Chrome/91.0.4472.90 Mobile Safari/537.36 (compatible; Googlebot/2.1; +http://www.google.com/bot.html)"
66.249.70.86 - - [20/Jul/2021:14:16:52 +0400] "GET /product-category/transmissiya/komplekty-stsepleniya/priora-dop-komplekty-stsepleniya/amp HTTP/1.1" 200 12200 "-" "Mozilla/5.0 (compatible; Googlebot/2.1; +http://www.google.com/bot.html)"
66.249.70.86 - - [20/Jul/2021:14:17:30 +0400] "GET /product/opory-polki-dlya-korotkoj-lada-niva-4h4/amp/ HTTP/1.1" 301 5 "-" "Mozilla/5.0 (Linux; Android 6.0.1; Nexus 5X Build/MMB29P) AppleWebKit/537.36 (KHTML, like Gecko) Chrome/91.0.4472.90 Mobile Safari/537.36 (compatible; Googlebot/2.1; +http://www.google.com/bot.html)"
66.249.70.86 - - [20/Jul/2021:14:17:55 +0400] "GET /product/zashhita-pereda-truba-dvojnaya-d63-5-dlya-geely-emgrand-x7-2011-2016-g/feed HTTP/1.1" 200 1051 "-" "Mozilla/5.0 (Linux; Android 6.0.1; Nexus 5X Build/MMB29P) AppleWebKit/537.36 (KHTML, like Gecko) Chrome/91.0.4472.90 Mobile Safari/537.36 (compatible; Googlebot/2.1; +http://www.google.com/bot.html)"
5.255.253.144 - - [20/Jul/2021:14:18:13 +0400] "GET /feed/turbo/?paged=7 HTTP/1.1" 200 80495 "-" "Mozilla/5.0 (compatible; YandexTurbo/1.0; +http://yandex.com/bots)"
66.249.70.86 - - [20/Jul/2021:14:18:39 +0400] "POST /wp-admin/admin-ajax.php HTTP/1.1" 200 772 "https://test.ru/product-category/vneshnij-vid-lada/chevrolet-niva-dop/silovye-bampery-chevrolet-niva" "Mozilla/5.0 (Linux; Android 6.0.1; Nexus 5X Build/MMB29P) AppleWebKit/537.36 (KHTML, like Gecko) Chrome/91.0.4472.90 Mobile Safari/537.36 (compatible; Googlebot/2.1; +http://www.google.com/bot.html)"
176.59.56.6 - - [20/Jul/2021:14:18:56 +0400] "GET /wp-json/pwa-for-wp/v2/pwa-manifest-json HTTP/2.0" 200 375 "-" "Mozilla/5.0 (Linux; arm_64; Android 10; Redmi Note 8T) AppleWebKit/537.36 (KHTML, like Gecko) Chrome/89.0.4389.128 YaApp_Android/21.31.1 YaSearchBrowser/21.31.1 BroPP/1.0 SA/3 TA/7.1 Mobile Safari/537.36"
176.59.42.197 - - [20/Jul/2021:14:19:14 +0400] "GET /wp-json/pwa-for-wp/v2/pwa-manifest-json HTTP/2.0" 200 375 "https://test.ru/product/bagazhnik-legkovogo-avtomobilya-razbornyj-2102-2104-2131" "Mozilla/5.0 (Linux; U; Android 9; ru-ru; Redmi 6A Build/PPR1.180610.011) AppleWebKit/537.36 (KHTML, like Gecko) Version/4.0 Chrome/71.0.3578.141 Mobile Safari/537.36 XiaoMi/MiuiBrowser/12.4.4-g"
176.59.115.174 - - [20/Jul/2021:14:19:59 +0400] "GET /wp-content/themes/woodmart/fonts/fontawesome-webfont.woff2?v=4.7.0 HTTP/2.0" 200 77160 "https://test.ru/wp-content/themes/woodmart/css/font-awesome.min.css?ver=3.6.1" "Mozilla/5.0 (Linux; Android 8.1.0; 16th Build/OPM1.171019.026) AppleWebKit/537.36 (KHTML, like Gecko) Chrome/91.0.4472.120 Mobile Safari/537.36 OPX/1.0"
66.249.70.86 - - [20/Jul/2021:14:20:22 +0400] "GET /eco-life-r/6225nhdpinb-sim-0098-kumi.htm HTTP/1.1" 404 33917 "-" "Mozilla/5.0 (compatible; Googlebot/2.1; +http://www.google.com/bot.html)"
176.59.42.197 - - [20/Jul/2021:14:20:56 +0400] "GET /wp-json/pwa-for-wp/v2/pwa-manifest-json HTTP/2.0" 200 375 "https://test.ru/product/bagazhnik-legkovogo-avtomobilya-razbornyj-2102-2104-2131" "Mozilla/5.0 (Linux; U; Android 9; ru-ru; Redmi 6A Build/PPR1.180610.011) AppleWebKit/537.36 (KHTML, like Gecko) Version/4.0 Chrome/71.0.3578.141 Mobile Safari/537.36 XiaoMi/MiuiBrowser/12.4.4-g"
66.249.70.86 - - [20/Jul/2021:14:21:28 +0400] "GET /dietshop/24839sxmci-3500071.htm HTTP/1.1" 404 33895 "-" "Mozilla/5.0 (compatible; Googlebot/2.1; +http://www.google.com/bot.html)"
176.100.216.237 - - [20/Jul/2021:14:21:50 +0400] "GET /wp-json/pwa-for-wp/v2/pwa-manifest-json HTTP/2.0" 200 375 "https://test.ru/product/usilennyj-stupichnyj-uzel-s-vneshnim-krepleniem-tormoznogo-diska-so-stupitsej-font-color-red-24-shlitsa-font-v-sbore-s-diskami" "Mozilla/5.0 (Windows NT 6.1; Win64; x64) AppleWebKit/537.36 (KHTML, like Gecko) Chrome/91.0.4472.124 Safari/537.36"
172.20.0.1 - - [20/Jul/2021:14:22:26 +0400] "POST /wp-cron.php?doing_wp_cron=1626776546.0943059921264648437500 HTTP/1.1" 200 31 "https://test.ru/wp-cron.php?doing_wp_cron=1626776546.0943059921264648437500" "WordPress/5.5.5; https://test.ru"
5.255.253.144 - - [20/Jul/2021:14:22:53 +0400] "GET /wishlist/view/GQDD4H2YPK4H HTTP/1.1" 200 37679 "-" "Mozilla/5.0 (compatible; YandexBot/3.0; +http://yandex.com/bots)"
66.249.70.86 - - [20/Jul/2021:14:23:30 +0400] "GET /product-category/vneshnij-vid-lada/2101-2107-dop HTTP/1.1" 200 72074 "-" "Mozilla/5.0 (Linux; Android 6.0.1; Nexus 5X Build/MMB29P) AppleWebKit/537.36 (KHTML, like Gecko) Chrome/91.0.4472.90 Mobile Safari/537.36 (compatible; Googlebot/2.1; +http://www.google.com/bot.html)"
85.26.164.61 - - [20/Jul/2021:14:23:53 +0400] "GET /product-category/vneshnij-vid-lada HTTP/2.0" 200 76751 "https://test.ru/" "Mozilla/5.0 (Linux; Android 10; STK-LX1) AppleWebKit/537.36 (KHTML, like Gecko) Chrome/91.0.4472.120 Mobile Safari/537.36"
66.249.70.86 - - [20/Jul/2021:14:24:19 +0400] "GET /tag/%D0%91%D0%B5%D1%81%D0%BF%D0%BB%D0%B0%D1%82%D0%BD%D1%8B%D0%B9%20PR HTTP/1.1" 404 33925 "-" "Mozilla/5.0 (Linux; Android 6.0.1; Nexus 5X Build/MMB29P) AppleWebKit/537.36 (KHTML, like Gecko) Chrome/91.0.4472.90 Mobile Safari/537.36 (compatible; Googlebot/2.1; +http://www.google.com/bot.html)"
66.249.70.88 - - [20/Jul/2021:14:24:56 +0400] "GET /marutaro/8579ynfe4885287.htm HTTP/1.1" 404 33896 "-" "Mozilla/5.0 (Linux; Android 6.0.1; Nexus 5X Build/MMB29P) AppleWebKit/537.36 (KHTML, like Gecko) Chrome/91.0.4472.90 Mobile Safari/537.36 (compatible; Googlebot/2.1; +http://www.google.com/bot.html)"
66.249.70.88 - - [20/Jul/2021:14:25:41 +0400] "GET /patio-import/2542awac10002451.htm HTTP/1.1" 404 33908 "-" "Mozilla/5.0 (Linux; Android 6.0.1; Nexus 5X Build/MMB29P) AppleWebKit/537.36 (KHTML, like Gecko) Chrome/91.0.4472.90 Mobile Safari/537.36 (compatible; Googlebot/2.1; +http://www.google.com/bot.html)"
40.77.167.74 - - [20/Jul/2021:14:26:11 +0400] "GET /product/zashhita-perednego-bampera-odinarnaya-63-mm-nerzhaveyushhaya-polirovannaya-stal-dlya-lada-4h4-urban HTTP/2.0" 301 0 "-" "Mozilla/5.0 (compatible; bingbot/2.0; +http://www.bing.com/bingbot.htm)"
193.142.146.42 - - [20/Jul/2021:14:26:29 +0400] "GET /?author=2 HTTP/1.1" 404 161 "-" "Mozilla/5.0 (compatible; Googlebot/2.1; +http://www.google.com/bot.html)"
193.142.146.42 - - [20/Jul/2021:14:26:41 +0400] "POST /wp-login.php HTTP/1.1" 403 10695 "-" "Mozilla/5.0 (Windows NT 6.1; WOW64) AppleWebKit/537.36 (KHTML, like Gecko) Chrome/56.0.2924.90 Safari/537.36 2345Explorer/9.3.2.17331"
66.249.70.86 - - [20/Jul/2021:14:27:06 +0400] "GET /product-category/vneshnij-vid-lada/lada-4x4-dop/zashhita-perednego-bampera-kenguryatniki-dugi-lada-4x4 HTTP/1.1" 404 33959 "-" "Mozilla/5.0 (Linux; Android 6.0.1; Nexus 5X Build/MMB29P) AppleWebKit/537.36 (KHTML, like Gecko) Chrome/91.0.4472.90 Mobile Safari/537.36 (compatible; Googlebot/2.1; +http://www.google.com/bot.html)"
66.249.70.88 - - [20/Jul/2021:14:27:56 +0400] "GET /product/farkop-semnyj-kvadrat-volkswagen-touareg-s-2002-2018 HTTP/1.1" 200 84364 "-" "Mozilla/5.0 (Linux; Android 6.0.1; Nexus 5X Build/MMB29P) AppleWebKit/537.36 (KHTML, like Gecko) Chrome/91.0.4472.90 Mobile Safari/537.36 (compatible; Googlebot/2.1; +http://www.google.com/bot.html)"
66.249.70.86 - - [20/Jul/2021:14:28:18 +0400] "GET /ganbariya/10252gopd703-7589.htm HTTP/1.1" 404 33901 "-" "Mozilla/5.0 (compatible; Googlebot/2.1; +http://www.google.com/bot.html)"
66.249.70.86 - - [20/Jul/2021:14:29:05 +0400] "GET /product-category/podveska/usilennye-stupitsy/amp HTTP/1.1" 200 19286 "-" "Mozilla/5.0 (Linux; Android 6.0.1; Nexus 5X Build/MMB29P) AppleWebKit/537.36 (KHTML, like Gecko) Chrome/91.0.4472.90 Mobile Safari/537.36 (compatible; Googlebot/2.1; +http://www.google.com/bot.html)"
66.249.70.88 - - [20/Jul/2021:14:29:44 +0400] "GET /product-category/vneshnij-vid-inomarki/geely-vneshnij-vid-inomarki?orderby=price HTTP/1.1" 200 73060 "-" "Mozilla/5.0 (compatible; Googlebot/2.1; +http://www.google.com/bot.html)"
172.20.0.1 - - [20/Jul/2021:14:30:08 +0400] "POST /wp-admin/admin-ajax.php?action=wp_example_process&nonce=c4b0abf240 HTTP/1.1" 499 0 "https://test.ru/wp-admin/admin-ajax.php?action=wp_example_process&nonce=c4b0abf240" "WordPress/5.5.5; https://test.ru"
66.249.70.86 - - [20/Jul/2021:14:30:38 +0400] "POST /wp-admin/admin-ajax.php HTTP/1.1" 200 1089 "https://test.ru/product-category/vneshnij-vid-inomarki/hyundai-vneshnij-vid-inomarki/hyundai-santa-fe-iii-restajling?orderby=price-desc" "Mozilla/5.0 AppleWebKit/537.36 (KHTML, like Gecko; compatible; Googlebot/2.1; +http://www.google.com/bot.html) Chrome/91.0.4472.90 Safari/537.36"
5.255.231.93 - - [20/Jul/2021:14:31:08 +0400] "GET /product-category/elementy-interera/kalina-interer HTTP/1.1" 200 81283 "-" "Mozilla/5.0 (compatible; YandexBot/3.0; +http://yandex.com/bots)"
157.55.39.12 - - [20/Jul/2021:14:31:18 +0400] "GET /product-category/elementy-interera/vaz-2108-2109-21099-elementy-interera/penolite-shtatnoe-2108-21099 HTTP/2.0" 200 68801 "-" "Mozilla/5.0 (compatible; bingbot/2.0; +http://www.bing.com/bingbot.htm)"
66.249.70.86 - - [20/Jul/2021:14:31:36 +0400] "GET /asty-shop/3652hgtw05-rlriyrxltf-11ad.htm HTTP/1.1" 404 33910 "-" "Mozilla/5.0 (Linux; Android 6.0.1; Nexus 5X Build/MMB29P) AppleWebKit/537.36 (KHTML, like Gecko) Chrome/91.0.4472.90 Mobile Safari/537.36 (compatible; Googlebot/2.1; +http://www.google.com/bot.html)"
5.255.253.144 - - [20/Jul/2021:14:31:55 +0400] "GET /question-answer HTTP/1.1" 200 67039 "-" "Mozilla/5.0 (compatible; YandexBot/3.0; +http://yandex.com/bots)"
66.249.70.88 - - [20/Jul/2021:14:32:10 +0400] "POST /wp-admin/admin-ajax.php HTTP/1.1" 200 835 "https://test.ru/product-category/vneshnij-vid-lada/lada-4x4-dop/nakladki-lada-4x4" "Mozilla/5.0 (Linux; Android 6.0.1; Nexus 5X Build/MMB29P) AppleWebKit/537.36 (KHTML, like Gecko) Chrome/91.0.4472.90 Mobile Safari/537.36 (compatible; Googlebot/2.1; +http://www.google.com/bot.html)"
207.46.13.46 - - [20/Jul/2021:14:32:21 +0400] "GET /product/ogranichiteli-dverej-s-3-polozheniyami-fiksatsii-dlya-lada-kalina-granta-kalina-2-datsun HTTP/2.0" 200 85386 "-" "Mozilla/5.0 (compatible; bingbot/2.0; +http://www.bing.com/bingbot.htm)"
5.255.231.93 - - [20/Jul/2021:14:32:44 +0400] "GET / HTTP/1.1" 301 162 "-" "Mozilla/5.0 (compatible; YandexMetrika/2.0; +http://yandex.com/bots yabs01)"
176.59.73.111 - - [20/Jul/2021:14:33:19 +0400] "POST /?wc-ajax=get_refreshed_fragments HTTP/2.0" 200 488 "https://test.ru/?s=%D0%94%D0%B2%D0%B8%D0%B3%D0%B0%D1%82%D0%B5%D0%BB%D1%8C" "Mozilla/5.0 (Linux; U; Android 10; ru-ru; Redmi Note 8 Pro Build/QP1A.190711.020) AppleWebKit/537.36 (KHTML, like Gecko) Version/4.0 Chrome/79.0.3945.147 Mobile Safari/537.36 XiaoMi/MiuiBrowser/12.11.5-gn"
66.249.70.88 - - [20/Jul/2021:14:33:40 +0400] "POST /wp-admin/admin-ajax.php HTTP/1.1" 200 695 "https://test.ru/product-category/vneshnij-vid-inomarki/renault-vneshnij-vid-inomarki/renault-logan-renault-vneshnij-vid-inomarki/oblitsovka-fonarej-renault-logan-renault-vneshnij-vid-inomarki" "Mozilla/5.0 (Linux; Android 6.0.1; Nexus 5X Build/MMB29P) AppleWebKit/537.36 (KHTML, like Gecko) Chrome/91.0.4472.90 Mobile Safari/537.36 (compatible; Googlebot/2.1; +http://www.google.com/bot.html)"
66.249.70.86 - - [20/Jul/2021:14:34:21 +0400] "POST /wp-admin/admin-ajax.php HTTP/1.1" 200 888 "https://test.ru/product-category/vneshnij-vid-inomarki/geely-vneshnij-vid-inomarki/geely-atlas/zashhita-perednego-bampera-x-ray-geely-atlas" "Mozilla/5.0 (Linux; Android 6.0.1; Nexus 5X Build/MMB29P) AppleWebKit/537.36 (KHTML, like Gecko) Chrome/91.0.4472.90 Mobile Safari/537.36 (compatible; Googlebot/2.1; +http://www.google.com/bot.html)"
217.66.159.229 - - [20/Jul/2021:14:34:56 +0400] "GET /my-account?TURBO_ID=a%3Aeea0ac382573ed33d18794247df05320688d91f79f59f23791100cf6c4509579&date=1626777294492 HTTP/2.0" 200 39127 "https://test.ru.turbopages.org/" "Mozilla/5.0 (Linux; arm; Android 9; JAT-LX1) AppleWebKit/537.36 (KHTML, like Gecko) Chrome/90.0.4430.216 YaApp_Android/21.55.1 YaSearchBrowser/21.55.1 BroPP/1.0 SA/3 Mobile Safari/537.36"
66.249.70.88 - - [20/Jul/2021:14:35:11 +0400] "GET /product-category/transmissiya/razdatochnye-korobki/bloki-otklyucheniya-perednego-mosta HTTP/1.1" 200 66586 "-" "Mozilla/5.0 (Linux; Android 6.0.1; Nexus 5X Build/MMB29P) AppleWebKit/537.36 (KHTML, like Gecko) Chrome/91.0.4472.90 Mobile Safari/537.36 (compatible; Googlebot/2.1; +http://www.google.com/bot.html)"
172.20.0.1 - - [20/Jul/2021:14:35:31 +0400] "POST /wp-admin/admin-ajax.php?action=wp_example_process&nonce=c4b0abf240 HTTP/1.1" 499 0 "https://test.ru/wp-admin/admin-ajax.php?action=wp_example_process&nonce=c4b0abf240" "WordPress/5.5.5; https://test.ru"
88.200.246.221 - - [20/Jul/2021:14:35:50 +0400] "GET /product/podramnik-razdatki-s-zashhitoj-dlya-lada-niva-2121-21213-21214-2131-urban HTTP/2.0" 200 90150 "https://test.ru/product/bokovye-zerkala-volna-s-povtoritelem-na-vaz-2108-21099-2113-2115" "Mozilla/5.0 (Windows NT 10.0; Win64; x64) AppleWebKit/537.36 (KHTML, like Gecko) Chrome/91.0.4472.164 Safari/537.36"
95.153.133.168 - - [20/Jul/2021:14:36:12 +0400] "GET /product/korobka-pereklyucheniya-peredach-kpp-dlya-lada-priora-2170-2171-2172-s-trosovym-privodom-starter-krepitsya-na-3-shpilki HTTP/2.0" 200 82868 "https://test.ru/product-category/transmissiya/korobki-pereklyucheniya-peredach-kpp/priora-kpp" "Mozilla/5.0 (Linux; Android 10; YAL-L21) AppleWebKit/537.36 (KHTML, like Gecko) Chrome/91.0.4472.120 Mobile Safari/537.36"
66.249.70.86 - - [20/Jul/2021:14:36:41 +0400] "POST /wp-admin/admin-ajax.php HTTP/1.1" 200 695 "https://test.ru/product-category/elementy-interera/granta-interer/sidenya-i-komplektuyushhie-granta" "Mozilla/5.0 (Linux; Android 6.0.1; Nexus 5X Build/MMB29P) AppleWebKit/537.36 (KHTML, like Gecko) Chrome/91.0.4472.90 Mobile Safari/537.36 (compatible; Googlebot/2.1; +http://www.google.com/bot.html)"
5.255.253.144 - - [20/Jul/2021:14:37:42 +0400] "GET /feed/turbo/?paged=14 HTTP/1.1" 200 80495 "-" "Mozilla/5.0 (compatible; YandexTurbo/1.0; +http://yandex.com/bots)"
178.67.197.4 - - [20/Jul/2021:14:38:04 +0400] "GET /wp-content/themes/woodmart/fonts/fontawesome-webfont.woff2?v=4.7.0 HTTP/2.0" 200 77160 "https://test.ru/wp-content/themes/woodmart/css/font-awesome.min.css?ver=3.6.1" "Mozilla/5.0 (Linux; arm; Android 10; SM-A105F) AppleWebKit/537.36 (KHTML, like Gecko) Chrome/90.0.4430.216 YaApp_Android/21.56.1 YaSearchBrowser/21.56.1 BroPP/1.0 SA/3 Mobile Safari/537.36"
212.32.200.66 - - [20/Jul/2021:14:38:43 +0400] "GET /product-category/elektrika-i-elektronika/bloki-upravleniya/lada-granta-sharnir-privoda-kolesa-granata-bloki-upravleniya HTTP/2.0" 200 67062 "https://test.ru/product/blok-upravleniya-steklopodyomnikami-perednimi-dlya-lada-granta" "Mozilla/5.0 (Windows NT 10.0; Win64; x64; rv:89.0) Gecko/20100101 Firefox/89.0"
66.249.70.88 - - [20/Jul/2021:14:39:01 +0400] "GET /product-category/vneshnij-vid-inomarki/peugeot-vneshnij-vid-inomarki/peugeot-4007 HTTP/1.1" 200 66164 "-" "Mozilla/5.0 (Linux; Android 6.0.1; Nexus 5X Build/MMB29P) AppleWebKit/537.36 (KHTML, like Gecko) Chrome/91.0.4472.90 Mobile Safari/537.36 (compatible; Googlebot/2.1; +http://www.google.com/bot.html)"
66.249.70.86 - - [20/Jul/2021:14:39:37 +0400] "GET /product-category/vneshnij-vid-inomarki/chery/zashhita-zadnego-bampera-uaz-chery HTTP/1.1" 200 68261 "-" "Mozilla/5.0 (Linux; Android 6.0.1; Nexus 5X Build/MMB29P) AppleWebKit/537.36 (KHTML, like Gecko) Chrome/91.0.4472.90 Mobile Safari/537.36 (compatible; Googlebot/2.1; +http://www.google.com/bot.html)"
66.249.70.86 - - [20/Jul/2021:14:40:15 +0400] "GET /product/modernizirovannyj-povodok-nakonechnika-trosa-stsepleniya-agat-na-vaz-2110-2112-lada-priora-kalina-granta-datsun HTTP/1.1" 200 86670 "-" "Mozilla/5.0 (Linux; Android 6.0.1; Nexus 5X Build/MMB29P) AppleWebKit/537.36 (KHTML, like Gecko) Chrome/91.0.4472.90 Mobile Safari/537.36 (compatible; Googlebot/2.1; +http://www.google.com/bot.html)"
66.249.70.90 - - [20/Jul/2021:14:40:30 +0400] "GET /product-category/vneshnij-vid-lada/kalina-dop/kuzovnye-elementy-kalina-dop/page/2?orderby=rating&loop=15&woo_ajax=1 HTTP/1.1" 200 2255 "https://test.ru/product-category/vneshnij-vid-lada/kalina-dop/kuzovnye-elementy-kalina-dop?orderby=rating" "Mozilla/5.0 AppleWebKit/537.36 (KHTML, like Gecko; compatible; Googlebot/2.1; +http://www.google.com/bot.html) Chrome/91.0.4472.90 Safari/537.36"
172.20.0.1 - - [20/Jul/2021:14:41:02 +0400] "POST /wp-cron.php?doing_wp_cron=1626777662.3469789028167724609375 HTTP/1.1" 200 31 "https://test.ru/wp-cron.php?doing_wp_cron=1626777662.3469789028167724609375" "WordPress/5.5.5; https://test.ru"
66.249.70.86 - - [20/Jul/2021:14:41:29 +0400] "GET /product/kronshtejn-zapasnogo-kolesa-s-dovodchikom-na-lada-niva-2121-21213-21214-2131 HTTP/1.1" 200 83565 "-" "Mozilla/5.0 (Linux; Android 6.0.1; Nexus 5X Build/MMB29P) AppleWebKit/537.36 (KHTML, like Gecko) Chrome/91.0.4472.90 Mobile Safari/537.36 (compatible; Googlebot/2.1; +http://www.google.com/bot.html)"
66.249.70.90 - - [20/Jul/2021:14:41:58 +0400] "GET /product-category/podveska/stojki-amortizatory-pruzhiny/vesta-sap HTTP/1.1" 200 66163 "-" "Mozilla/5.0 (Linux; Android 6.0.1; Nexus 5X Build/MMB29P) AppleWebKit/537.36 (KHTML, like Gecko) Chrome/91.0.4472.90 Mobile Safari/537.36 (compatible; Googlebot/2.1; +http://www.google.com/bot.html)"
66.249.70.88 - - [20/Jul/2021:14:42:23 +0400] "GET /product/kontroller-ebu-itelma-21127-1411020-23 HTTP/1.1" 200 84616 "-" "Mozilla/5.0 (Linux; Android 6.0.1; Nexus 5X Build/MMB29P) AppleWebKit/537.36 (KHTML, like Gecko) Chrome/91.0.4472.90 Mobile Safari/537.36 (compatible; Googlebot/2.1; +http://www.google.com/bot.html)"
5.255.253.144 - - [20/Jul/2021:14:42:40 +0400] "GET /theoval/bracket_koi_0477/ HTTP/1.1" 404 33894 "-" "Mozilla/5.0 (compatible; YandexBot/3.0; +http://yandex.com/bots)"
83.149.37.85 - - [20/Jul/2021:14:43:01 +0400] "GET /my-account?TURBO_ID=u%3Ac142ea35292bbf4f79fd477fcd3e720752984fcf884c1548bfd991d4cf13b933&date=1626777620705 HTTP/2.0" 200 39113 "https://test.ru.turbopages.org/" "Mozilla/5.0 (Linux; Android 8.0.0; SM-A520F Build/R16NW; wv) AppleWebKit/537.36 (KHTML, like Gecko) Version/4.0 Chrome/64.0.3282.137 Mobile Safari/537.36 YandexSearch/6.45"
66.249.70.86 - - [20/Jul/2021:14:43:36 +0400] "GET /product/reaktivnye-tyagi-shtangi-sevi-ekspert-na-lada-niva-4h4-shevrole-niva HTTP/1.1" 200 84522 "-" "Mozilla/5.0 (Linux; Android 6.0.1; Nexus 5X Build/MMB29P) AppleWebKit/537.36 (KHTML, like Gecko) Chrome/91.0.4472.90 Mobile Safari/537.36 (compatible; Googlebot/2.1; +http://www.google.com/bot.html)"
178.176.185.93 - - [20/Jul/2021:14:44:12 +0400] "GET /my-account?TURBO_ID=a%3A6df51f53bb4cc723f5211fba25025bdadace2fa798c10ec2b17b9a7540b4700b&date=1626777879387 HTTP/2.0" 200 39124 "https://test.ru.turbopages.org/" "Mozilla/5.0 (Linux; Android 10; MAR-LX1H Build/HUAWEIMAR-L21H) AppleWebKit/537.36 (KHTML, like Gecko) Chrome/80.0.3987.99 Mobile Safari/537.36 YaApp_Android/10.44 YaSearchBrowser/10.44"
213.87.153.17 - - [20/Jul/2021:14:44:26 +0400] "POST /?wc-ajax=get_refreshed_fragments HTTP/2.0" 200 488 "https://test.ru/product-category/transmissiya/korobki-pereklyucheniya-peredach-kpp/kalina-kpp" "Mozilla/5.0 (Linux; Android 10; SM-A013F) AppleWebKit/537.36 (KHTML, like Gecko) Chrome/81.0.4044.138 Mobile Safari/537.36"
66.249.70.92 - - [20/Jul/2021:14:44:54 +0400] "GET /product-category/vneshnij-vid-uaz HTTP/1.1" 200 76182 "-" "Mozilla/5.0 (Linux; Android 6.0.1; Nexus 5X Build/MMB29P) AppleWebKit/537.36 (KHTML, like Gecko) Chrome/91.0.4472.90 Mobile Safari/537.36 (compatible; Googlebot/2.1; +http://www.google.com/bot.html)"
172.20.0.1 - - [20/Jul/2021:14:45:23 +0400] "POST /wp-admin/admin-ajax.php?action=wp_example_process&nonce=c4b0abf240 HTTP/1.1" 499 0 "https://test.ru/wp-admin/admin-ajax.php?action=wp_example_process&nonce=c4b0abf240" "WordPress/5.5.5; https://test.ru"
207.46.13.46 - - [20/Jul/2021:14:45:41 +0400] "GET /product/akusticheskaya-polka-napravlennaya-dlya-vaz-21099-2115 HTTP/2.0" 200 84217 "-" "Mozilla/5.0 (compatible; bingbot/2.0; +http://www.bing.com/bingbot.htm)"
66.249.70.88 - - [20/Jul/2021:14:46:17 +0400] "GET /product-category/elementy-interera/priora-interer/obivka-bagazhnika-priora HTTP/1.1" 200 68461 "-" "Mozilla/5.0 (Linux; Android 6.0.1; Nexus 5X Build/MMB29P) AppleWebKit/537.36 (KHTML, like Gecko) Chrome/91.0.4472.90 Mobile Safari/537.36 (compatible; Googlebot/2.1; +http://www.google.com/bot.html)"
